stm32l5xx_hal_cortex.c:170:6:HAL_NVIC_SetPriorityGrouping	0	static
stm32l5xx_hal_cortex.c:192:6:HAL_NVIC_SetPriority	12	static
stm32l5xx_hal_cortex.c:214:6:HAL_NVIC_EnableIRQ	0	static,ignoring_inline_asm
stm32l5xx_hal_cortex.c:230:6:HAL_NVIC_DisableIRQ	0	static,ignoring_inline_asm
stm32l5xx_hal_cortex.c:243:6:HAL_NVIC_SystemReset	0	static,ignoring_inline_asm
stm32l5xx_hal_cortex.c:256:10:HAL_SYSTICK_Config	0	static
stm32l5xx_hal_cortex.c:284:10:HAL_NVIC_GetPriorityGrouping	0	static
stm32l5xx_hal_cortex.c:309:6:HAL_NVIC_GetPriority	16	static
stm32l5xx_hal_cortex.c:324:6:HAL_NVIC_SetPendingIRQ	0	static
stm32l5xx_hal_cortex.c:339:10:HAL_NVIC_GetPendingIRQ	0	static
stm32l5xx_hal_cortex.c:352:6:HAL_NVIC_ClearPendingIRQ	0	static
stm32l5xx_hal_cortex.c:366:10:HAL_NVIC_GetActive	0	static
stm32l5xx_hal_cortex.c:380:6:HAL_SYSTICK_CLKSourceConfig	0	static
stm32l5xx_hal_cortex.c:407:13:HAL_SYSTICK_Callback	0	static
stm32l5xx_hal_cortex.c:398:6:HAL_SYSTICK_IRQHandler	8	static
stm32l5xx_hal_cortex.c:427:6:HAL_MPU_Enable	0	static,ignoring_inline_asm
stm32l5xx_hal_cortex.c:445:6:HAL_MPU_Disable	0	static,ignoring_inline_asm
stm32l5xx_hal_cortex.c:459:6:HAL_MPU_ConfigRegion	8	static,ignoring_inline_asm
stm32l5xx_hal_cortex.c:470:6:HAL_MPU_ConfigMemoryAttributes	8	static,ignoring_inline_asm
