Archive member included to satisfy reference by file (symbol)

c:/st/stm32cubeide_1.8.0/stm32cubeide/plugins/com.st.stm32cube.ide.mcu.externaltools.gnu-tools-for-stm32.9-2020-q2-update.win32_2.0.0.202105311346/tools/bin/../lib/gcc/arm-none-eabi/9.3.1/../../../../arm-none-eabi/lib/thumb/v8-m.main+fp/hard\libc_nano.a(lib_a-errno.o)
                              ./Core/Src/syscalls.o (__errno)
c:/st/stm32cubeide_1.8.0/stm32cubeide/plugins/com.st.stm32cube.ide.mcu.externaltools.gnu-tools-for-stm32.9-2020-q2-update.win32_2.0.0.202105311346/tools/bin/../lib/gcc/arm-none-eabi/9.3.1/../../../../arm-none-eabi/lib/thumb/v8-m.main+fp/hard\libc_nano.a(lib_a-exit.o)
                              c:/st/stm32cubeide_1.8.0/stm32cubeide/plugins/com.st.stm32cube.ide.mcu.externaltools.gnu-tools-for-stm32.9-2020-q2-update.win32_2.0.0.202105311346/tools/bin/../lib/gcc/arm-none-eabi/9.3.1/../../../../arm-none-eabi/lib/thumb/v8-m.main+fp/hard/crt0.o (exit)
c:/st/stm32cubeide_1.8.0/stm32cubeide/plugins/com.st.stm32cube.ide.mcu.externaltools.gnu-tools-for-stm32.9-2020-q2-update.win32_2.0.0.202105311346/tools/bin/../lib/gcc/arm-none-eabi/9.3.1/../../../../arm-none-eabi/lib/thumb/v8-m.main+fp/hard\libc_nano.a(lib_a-impure.o)
                              c:/st/stm32cubeide_1.8.0/stm32cubeide/plugins/com.st.stm32cube.ide.mcu.externaltools.gnu-tools-for-stm32.9-2020-q2-update.win32_2.0.0.202105311346/tools/bin/../lib/gcc/arm-none-eabi/9.3.1/../../../../arm-none-eabi/lib/thumb/v8-m.main+fp/hard\libc_nano.a(lib_a-exit.o) (_global_impure_ptr)
c:/st/stm32cubeide_1.8.0/stm32cubeide/plugins/com.st.stm32cube.ide.mcu.externaltools.gnu-tools-for-stm32.9-2020-q2-update.win32_2.0.0.202105311346/tools/bin/../lib/gcc/arm-none-eabi/9.3.1/../../../../arm-none-eabi/lib/thumb/v8-m.main+fp/hard\libc_nano.a(lib_a-init.o)
                              c:/st/stm32cubeide_1.8.0/stm32cubeide/plugins/com.st.stm32cube.ide.mcu.externaltools.gnu-tools-for-stm32.9-2020-q2-update.win32_2.0.0.202105311346/tools/bin/../lib/gcc/arm-none-eabi/9.3.1/../../../../arm-none-eabi/lib/thumb/v8-m.main+fp/hard/crt0.o (__libc_init_array)
c:/st/stm32cubeide_1.8.0/stm32cubeide/plugins/com.st.stm32cube.ide.mcu.externaltools.gnu-tools-for-stm32.9-2020-q2-update.win32_2.0.0.202105311346/tools/bin/../lib/gcc/arm-none-eabi/9.3.1/../../../../arm-none-eabi/lib/thumb/v8-m.main+fp/hard\libc_nano.a(lib_a-memset.o)
                              c:/st/stm32cubeide_1.8.0/stm32cubeide/plugins/com.st.stm32cube.ide.mcu.externaltools.gnu-tools-for-stm32.9-2020-q2-update.win32_2.0.0.202105311346/tools/bin/../lib/gcc/arm-none-eabi/9.3.1/../../../../arm-none-eabi/lib/thumb/v8-m.main+fp/hard/crt0.o (memset)

Allocating common symbols
Common symbol       size              file

hUsbDeviceFS        0x2d0             ./USB_Device/App/usb_device.o
hspi2               0x64              ./Core/Src/main.o
hi2c1               0x4c              ./Core/Src/main.o
uwTick              0x4               ./Drivers/STM32L5xx_HAL_Driver/Src/stm32l5xx_hal.o
UserRxBufferFS      0x800             ./USB_Device/App/usbd_cdc_if.o
hspi3               0x64              ./Core/Src/main.o
UserTxBufferFS      0x800             ./USB_Device/App/usbd_cdc_if.o
hspi1               0x64              ./Core/Src/main.o
hpcd_USB_FS         0x2f4             ./USB_Device/Target/usbd_conf.o
USBD_StrDesc        0x200             ./USB_Device/App/usbd_desc.o

Discarded input sections

 .text          0x0000000000000000        0x0 c:/st/stm32cubeide_1.8.0/stm32cubeide/plugins/com.st.stm32cube.ide.mcu.externaltools.gnu-tools-for-stm32.9-2020-q2-update.win32_2.0.0.202105311346/tools/bin/../lib/gcc/arm-none-eabi/9.3.1/thumb/v8-m.main+fp/hard/crti.o
 .data          0x0000000000000000        0x0 c:/st/stm32cubeide_1.8.0/stm32cubeide/plugins/com.st.stm32cube.ide.mcu.externaltools.gnu-tools-for-stm32.9-2020-q2-update.win32_2.0.0.202105311346/tools/bin/../lib/gcc/arm-none-eabi/9.3.1/thumb/v8-m.main+fp/hard/crti.o
 .bss           0x0000000000000000        0x0 c:/st/stm32cubeide_1.8.0/stm32cubeide/plugins/com.st.stm32cube.ide.mcu.externaltools.gnu-tools-for-stm32.9-2020-q2-update.win32_2.0.0.202105311346/tools/bin/../lib/gcc/arm-none-eabi/9.3.1/thumb/v8-m.main+fp/hard/crti.o
 .data          0x0000000000000000        0x4 c:/st/stm32cubeide_1.8.0/stm32cubeide/plugins/com.st.stm32cube.ide.mcu.externaltools.gnu-tools-for-stm32.9-2020-q2-update.win32_2.0.0.202105311346/tools/bin/../lib/gcc/arm-none-eabi/9.3.1/thumb/v8-m.main+fp/hard/crtbegin.o
 .text          0x0000000000000000       0x7c c:/st/stm32cubeide_1.8.0/stm32cubeide/plugins/com.st.stm32cube.ide.mcu.externaltools.gnu-tools-for-stm32.9-2020-q2-update.win32_2.0.0.202105311346/tools/bin/../lib/gcc/arm-none-eabi/9.3.1/../../../../arm-none-eabi/lib/thumb/v8-m.main+fp/hard/crt0.o
[...]
Memory Configuration

Name             Origin             Length             Attributes
RAM              0x0000000020000000 0x0000000000040000 xrw
FLASH            0x0000000008000000 0x0000000000080000 xr
*default*        0x0000000000000000 0xffffffffffffffff

Linker script and memory map

LOAD c:/st/stm32cubeide_1.8.0/stm32cubeide/plugins/com.st.stm32cube.ide.mcu.externaltools.gnu-tools-for-stm32.9-2020-q2-update.win32_2.0.0.202105311346/tools/bin/../lib/gcc/arm-none-eabi/9.3.1/thumb/v8-m.main+fp/hard/crti.o
LOAD c:/st/stm32cubeide_1.8.0/stm32cubeide/plugins/com.st.stm32cube.ide.mcu.externaltools.gnu-tools-for-stm32.9-2020-q2-update.win32_2.0.0.202105311346/tools/bin/../lib/gcc/arm-none-eabi/9.3.1/thumb/v8-m.main+fp/hard/crtbegin.o
LOAD c:/st/stm32cubeide_1.8.0/stm32cubeide/plugins/com.st.stm32cube.ide.mcu.externaltools.gnu-tools-for-stm32.9-2020-q2-update.win32_2.0.0.202105311346/tools/bin/../lib/gcc/arm-none-eabi/9.3.1/../../../../arm-none-eabi/lib/thumb/v8-m.main+fp/hard/crt0.o
LOAD ./Core/Src/main.o
LOAD ./Core/Src/stm32l5xx_hal_msp.o
LOAD ./Core/Src/stm32l5xx_it.o
LOAD ./Core/Src/syscalls.o
LOAD ./Core/Src/sysmem.o
LOAD ./Core/Src/system_stm32l5xx.o
LOAD ./Core/Startup/startup_stm32l562vetxq.o
LOAD ./Drivers/STM32L5xx_HAL_Driver/Src/stm32l5xx_hal.o
LOAD ./Drivers/STM32L5xx_HAL_Driver/Src/stm32l5xx_hal_cortex.o
LOAD ./Drivers/STM32L5xx_HAL_Driver/Src/stm32l5xx_hal_dma.o
LOAD ./Drivers/STM32L5xx_HAL_Driver/Src/stm32l5xx_hal_dma_ex.o
LOAD ./Drivers/STM32L5xx_HAL_Driver/Src/stm32l5xx_hal_exti.o
LOAD ./Drivers/STM32L5xx_HAL_Driver/Src/stm32l5xx_hal_flash.o
LOAD ./Drivers/STM32L5xx_HAL_Driver/Src/stm32l5xx_hal_flash_ex.o
LOAD ./Drivers/STM32L5xx_HAL_Driver/Src/stm32l5xx_hal_flash_ramfunc.o
LOAD ./Drivers/STM32L5xx_HAL_Driver/Src/stm32l5xx_hal_gpio.o
LOAD ./Drivers/STM32L5xx_HAL_Driver/Src/stm32l5xx_hal_i2c.o
LOAD ./Drivers/STM32L5xx_HAL_Driver/Src/stm32l5xx_hal_i2c_ex.o
LOAD ./Drivers/STM32L5xx_HAL_Driver/Src/stm32l5xx_hal_icache.o
LOAD ./Drivers/STM32L5xx_HAL_Driver/Src/stm32l5xx_hal_pcd.o
LOAD ./Drivers/STM32L5xx_HAL_Driver/Src/stm32l5xx_hal_pcd_ex.o
LOAD ./Drivers/STM32L5xx_HAL_Driver/Src/stm32l5xx_hal_pwr.o
LOAD ./Drivers/STM32L5xx_HAL_Driver/Src/stm32l5xx_hal_pwr_ex.o
LOAD ./Drivers/STM32L5xx_HAL_Driver/Src/stm32l5xx_hal_rcc.o
LOAD ./Drivers/STM32L5xx_HAL_Driver/Src/stm32l5xx_hal_rcc_ex.o
LOAD ./Drivers/STM32L5xx_HAL_Driver/Src/stm32l5xx_hal_spi.o
LOAD ./Drivers/STM32L5xx_HAL_Driver/Src/stm32l5xx_hal_spi_ex.o
LOAD ./Drivers/STM32L5xx_HAL_Driver/Src/stm32l5xx_hal_tim.o
LOAD ./Drivers/STM32L5xx_HAL_Driver/Src/stm32l5xx_hal_tim_ex.o
LOAD ./Drivers/STM32L5xx_HAL_Driver/Src/stm32l5xx_ll_usb.o
LOAD ./Middlewares/ST/STM32_USB_Device_Library/Class/CDC/Src/usbd_cdc.o
LOAD ./Middlewares/ST/STM32_USB_Device_Library/Core/Src/usbd_core.o
LOAD ./Middlewares/ST/STM32_USB_Device_Library/Core/Src/usbd_ctlreq.o
LOAD ./Middlewares/ST/STM32_USB_Device_Library/Core/Src/usbd_ioreq.o
LOAD ./USB_Device/App/usb_device.o
LOAD ./USB_Device/App/usbd_cdc_if.o
LOAD ./USB_Device/App/usbd_desc.o
LOAD ./USB_Device/Target/usbd_conf.o
START GROUP
LOAD c:/st/stm32cubeide_1.8.0/stm32cubeide/plugins/com.st.stm32cube.ide.mcu.externaltools.gnu-tools-for-stm32.9-2020-q2-update.win32_2.0.0.202105311346/tools/bin/../lib/gcc/arm-none-eabi/9.3.1/../../../../arm-none-eabi/lib/thumb/v8-m.main+fp/hard\libstdc++_nano.a
LOAD c:/st/stm32cubeide_1.8.0/stm32cubeide/plugins/com.st.stm32cube.ide.mcu.externaltools.gnu-tools-for-stm32.9-2020-q2-update.win32_2.0.0.202105311346/tools/bin/../lib/gcc/arm-none-eabi/9.3.1/../../../../arm-none-eabi/lib/thumb/v8-m.main+fp/hard\libsupc++_nano.a
END GROUP
LOAD c:/st/stm32cubeide_1.8.0/stm32cubeide/plugins/com.st.stm32cube.ide.mcu.externaltools.gnu-tools-for-stm32.9-2020-q2-update.win32_2.0.0.202105311346/tools/bin/../lib/gcc/arm-none-eabi/9.3.1/../../../../arm-none-eabi/lib/thumb/v8-m.main+fp/hard\libstdc++_nano.a
LOAD c:/st/stm32cubeide_1.8.0/stm32cubeide/plugins/com.st.stm32cube.ide.mcu.externaltools.gnu-tools-for-stm32.9-2020-q2-update.win32_2.0.0.202105311346/tools/bin/../lib/gcc/arm-none-eabi/9.3.1/../../../../arm-none-eabi/lib/thumb/v8-m.main+fp/hard\libm.a
LOAD c:/st/stm32cubeide_1.8.0/stm32cubeide/plugins/com.st.stm32cube.ide.mcu.externaltools.gnu-tools-for-stm32.9-2020-q2-update.win32_2.0.0.202105311346/tools/bin/../lib/gcc/arm-none-eabi/9.3.1/../../../../arm-none-eabi/lib/thumb/v8-m.main+fp/hard\libc_nano.a
START GROUP
LOAD c:/st/stm32cubeide_1.8.0/stm32cubeide/plugins/com.st.stm32cube.ide.mcu.externaltools.gnu-tools-for-stm32.9-2020-q2-update.win32_2.0.0.202105311346/tools/bin/../lib/gcc/arm-none-eabi/9.3.1/thumb/v8-m.main+fp/hard\libgcc.a
LOAD c:/st/stm32cubeide_1.8.0/stm32cubeide/plugins/com.st.stm32cube.ide.mcu.externaltools.gnu-tools-for-stm32.9-2020-q2-update.win32_2.0.0.202105311346/tools/bin/../lib/gcc/arm-none-eabi/9.3.1/../../../../arm-none-eabi/lib/thumb/v8-m.main+fp/hard\libc_nano.a
END GROUP
START GROUP
LOAD c:/st/stm32cubeide_1.8.0/stm32cubeide/plugins/com.st.stm32cube.ide.mcu.externaltools.gnu-tools-for-stm32.9-2020-q2-update.win32_2.0.0.202105311346/tools/bin/../lib/gcc/arm-none-eabi/9.3.1/thumb/v8-m.main+fp/hard\libgcc.a
LOAD c:/st/stm32cubeide_1.8.0/stm32cubeide/plugins/com.st.stm32cube.ide.mcu.externaltools.gnu-tools-for-stm32.9-2020-q2-update.win32_2.0.0.202105311346/tools/bin/../lib/gcc/arm-none-eabi/9.3.1/../../../../arm-none-eabi/lib/thumb/v8-m.main+fp/hard\libc_nano.a
LOAD c:/st/stm32cubeide_1.8.0/stm32cubeide/plugins/com.st.stm32cube.ide.mcu.externaltools.gnu-tools-for-stm32.9-2020-q2-update.win32_2.0.0.202105311346/tools/bin/../lib/gcc/arm-none-eabi/9.3.1/../../../../arm-none-eabi/lib/thumb/v8-m.main+fp/hard\libnosys.a
END GROUP
START GROUP
LOAD c:/st/stm32cubeide_1.8.0/stm32cubeide/plugins/com.st.stm32cube.ide.mcu.externaltools.gnu-tools-for-stm32.9-2020-q2-update.win32_2.0.0.202105311346/tools/bin/../lib/gcc/arm-none-eabi/9.3.1/thumb/v8-m.main+fp/hard\libgcc.a
LOAD c:/st/stm32cubeide_1.8.0/stm32cubeide/plugins/com.st.stm32cube.ide.mcu.externaltools.gnu-tools-for-stm32.9-2020-q2-update.win32_2.0.0.202105311346/tools/bin/../lib/gcc/arm-none-eabi/9.3.1/../../../../arm-none-eabi/lib/thumb/v8-m.main+fp/hard\libc_nano.a
LOAD c:/st/stm32cubeide_1.8.0/stm32cubeide/plugins/com.st.stm32cube.ide.mcu.externaltools.gnu-tools-for-stm32.9-2020-q2-update.win32_2.0.0.202105311346/tools/bin/../lib/gcc/arm-none-eabi/9.3.1/../../../../arm-none-eabi/lib/thumb/v8-m.main+fp/hard\libnosys.a
END GROUP
LOAD c:/st/stm32cubeide_1.8.0/stm32cubeide/plugins/com.st.stm32cube.ide.mcu.externaltools.gnu-tools-for-stm32.9-2020-q2-update.win32_2.0.0.202105311346/tools/bin/../lib/gcc/arm-none-eabi/9.3.1/thumb/v8-m.main+fp/hard/crtend.o
LOAD c:/st/stm32cubeide_1.8.0/stm32cubeide/plugins/com.st.stm32cube.ide.mcu.externaltools.gnu-tools-for-stm32.9-2020-q2-update.win32_2.0.0.202105311346/tools/bin/../lib/gcc/arm-none-eabi/9.3.1/thumb/v8-m.main+fp/hard/crtn.o
                0x0000000020040000                _estack = (ORIGIN (RAM) + LENGTH (RAM))
                0x0000000000000200                _Min_Heap_Size = 0x200
                0x0000000000000400                _Min_Stack_Size = 0x400

.isr_vector     0x0000000008000000      0x1f4
                0x0000000008000000                . = ALIGN (0x4)
 *(.isr_vector)
 .isr_vector    0x0000000008000000      0x1f4 ./Core/Startup/startup_stm32l562vetxq.o
                0x0000000008000000                g_pfnVectors
                0x00000000080001f4                . = ALIGN (0x4)

.text           0x00000000080001f4     0x8df8
                0x00000000080001f4                . = ALIGN (0x4)
 *(.text)
 .text          0x00000000080001f4       0x40 c:/st/stm32cubeide_1.8.0/stm32cubeide/plugins/com.st.stm32cube.ide.mcu.externaltools.gnu-tools-for-stm32.9-2020-q2-update.win32_2.0.0.202105311346/tools/bin/../lib/gcc/arm-none-eabi/9.3.1/thumb/v8-m.main+fp/hard/crtbegin.o
 *(.text*)
 .text.main     0x0000000008000234       0x2a ./Core/Src/main.o
                0x0000000008000234                main
 .text.SystemClock_Config
                0x000000000800025e       0x94 ./Core/Src/main.o
                0x000000000800025e                SystemClock_Config
 *fill*         0x00000000080002f2        0x2 
 .text.MX_I2C1_Init
                0x00000000080002f4       0x7c ./Core/Src/main.o
 .text.MX_ICACHE_Init
                0x0000000008000370       0x16 ./Core/Src/main.o
 *fill*         0x0000000008000386        0x2 
 .text.MX_SPI1_Init
                0x0000000008000388       0x7c ./Core/Src/main.o
 .text.MX_SPI2_Init
                0x0000000008000404       0x7c ./Core/Src/main.o
 .text.MX_SPI3_Init
                0x0000000008000480       0x7c ./Core/Src/main.o
 .text.MX_GPIO_Init
                0x00000000080004fc       0x78 ./Core/Src/main.o
 .text.Error_Handler
                0x0000000008000574        0xa ./Core/Src/main.o
                0x0000000008000574                Error_Handler
 *fill*         0x000000000800057e        0x2 
 .text.HAL_MspInit
                0x0000000008000580       0x48 ./Core/Src/stm32l5xx_hal_msp.o
                0x0000000008000580                HAL_MspInit
 .text.HAL_I2C_MspInit
                0x00000000080005c8       0xbc ./Core/Src/stm32l5xx_hal_msp.o
                0x00000000080005c8                HAL_I2C_MspInit
 .text.HAL_SPI_MspInit
                0x0000000008000684      0x1ac ./Core/Src/stm32l5xx_hal_msp.o
                0x0000000008000684                HAL_SPI_MspInit
 .text.NMI_Handler
                0x0000000008000830        0x6 ./Core/Src/stm32l5xx_it.o
                0x0000000008000830                NMI_Handler
 .text.HardFault_Handler
                0x0000000008000836        0x6 ./Core/Src/stm32l5xx_it.o
                0x0000000008000836                HardFault_Handler
 .text.MemManage_Handler
                0x000000000800083c        0x6 ./Core/Src/stm32l5xx_it.o
                0x000000000800083c                MemManage_Handler
 .text.BusFault_Handler
                0x0000000008000842        0x6 ./Core/Src/stm32l5xx_it.o
                0x0000000008000842                BusFault_Handler
 .text.UsageFault_Handler
                0x0000000008000848        0x6 ./Core/Src/stm32l5xx_it.o
                0x0000000008000848                UsageFault_Handler
 .text.SVC_Handler
                0x000000000800084e        0xe ./Core/Src/stm32l5xx_it.o
                0x000000000800084e                SVC_Handler
 .text.DebugMon_Handler
                0x000000000800085c        0xe ./Core/Src/stm32l5xx_it.o
                0x000000000800085c                DebugMon_Handler
 .text.PendSV_Handler
                0x000000000800086a        0xe ./Core/Src/stm32l5xx_it.o
                0x000000000800086a                PendSV_Handler
 .text.SysTick_Handler
                0x0000000008000878        0xc ./Core/Src/stm32l5xx_it.o
                0x0000000008000878                SysTick_Handler
 .text.USB_FS_IRQHandler
                0x0000000008000884       0x14 ./Core/Src/stm32l5xx_it.o
                0x0000000008000884                USB_FS_IRQHandler
 .text.SystemInit
                0x0000000008000898       0x24 ./Core/Src/system_stm32l5xx.o
                0x0000000008000898                SystemInit
 .text.SystemCoreClockUpdate
                0x00000000080008bc      0x15c ./Core/Src/system_stm32l5xx.o
                0x00000000080008bc                SystemCoreClockUpdate
 .text.Reset_Handler
                0x0000000008000a18       0x50 ./Core/Startup/startup_stm32l562vetxq.o
                0x0000000008000a18                Reset_Handler
 .text.Default_Handler
                0x0000000008000a68        0x2 ./Core/Startup/startup_stm32l562vetxq.o
                0x0000000008000a68                EXTI2_IRQHandler
                0x0000000008000a68                TIM8_TRG_COM_IRQHandler
                0x0000000008000a68                TIM8_CC_IRQHandler
                0x0000000008000a68                EXTI5_IRQHandler
                0x0000000008000a68                FLASH_S_IRQHandler
                0x0000000008000a68                EXTI13_IRQHandler
                0x0000000008000a68                TIM1_CC_IRQHandler
                0x0000000008000a68                TSC_IRQHandler
                0x0000000008000a68                TAMP_IRQHandler
                0x0000000008000a68                TIM6_IRQHandler
                0x0000000008000a68                EXTI12_IRQHandler
                0x0000000008000a68                DMA2_Channel8_IRQHandler
                0x0000000008000a68                EXTI3_IRQHandler
                0x0000000008000a68                EXTI8_IRQHandler
                0x0000000008000a68                LPTIM2_IRQHandler
                0x0000000008000a68                DFSDM1_FLT1_IRQHandler
                0x0000000008000a68                I2C3_ER_IRQHandler
                0x0000000008000a68                DFSDM1_FLT2_IRQHandler
                0x0000000008000a68                DMAMUX1_IRQHandler
                0x0000000008000a68                LPTIM3_IRQHandler
                0x0000000008000a68                EXTI0_IRQHandler
                0x0000000008000a68                I2C2_EV_IRQHandler
                0x0000000008000a68                FPU_IRQHandler
                0x0000000008000a68                FDCAN1_IT1_IRQHandler
                0x0000000008000a68                ADC1_2_IRQHandler
                0x0000000008000a68                SPI1_IRQHandler
                0x0000000008000a68                OCTOSPI1_IRQHandler
                0x0000000008000a68                TIM8_UP_IRQHandler
                0x0000000008000a68                RCC_S_IRQHandler
                0x0000000008000a68                DMA2_Channel2_IRQHandler
                0x0000000008000a68                DMA1_Channel4_IRQHandler
                0x0000000008000a68                SAI2_IRQHandler
                0x0000000008000a68                DFSDM1_FLT3_IRQHandler
                0x0000000008000a68                PKA_IRQHandler
                0x0000000008000a68                EXTI15_IRQHandler
                0x0000000008000a68                TIM17_IRQHandler
                0x0000000008000a68                USART3_IRQHandler
                0x0000000008000a68                RTC_IRQHandler
                0x0000000008000a68                EXTI9_IRQHandler
                0x0000000008000a68                DMA1_Channel7_IRQHandler
                0x0000000008000a68                UART5_IRQHandler
                0x0000000008000a68                TIM4_IRQHandler
                0x0000000008000a68                DMA2_Channel1_IRQHandler
                0x0000000008000a68                I2C1_EV_IRQHandler
                0x0000000008000a68                DMA1_Channel6_IRQHandler
                0x0000000008000a68                TIM16_IRQHandler
                0x0000000008000a68                UART4_IRQHandler
                0x0000000008000a68                DMA2_Channel4_IRQHandler
                0x0000000008000a68                SecureFault_Handler
                0x0000000008000a68                TIM3_IRQHandler
                0x0000000008000a68                RCC_IRQHandler
                0x0000000008000a68                TIM1_TRG_COM_IRQHandler
                0x0000000008000a68                DMA1_Channel1_IRQHandler
                0x0000000008000a68                Default_Handler
                0x0000000008000a68                DMA2_Channel7_IRQHandler
                0x0000000008000a68                OTFDEC1_IRQHandler
                0x0000000008000a68                DMA1_Channel8_IRQHandler
                0x0000000008000a68                TIM7_IRQHandler
                0x0000000008000a68                SDMMC1_IRQHandler
                0x0000000008000a68                TIM5_IRQHandler
                0x0000000008000a68                UCPD1_IRQHandler
                0x0000000008000a68                TIM15_IRQHandler
                0x0000000008000a68                I2C3_EV_IRQHandler
                0x0000000008000a68                PVD_PVM_IRQHandler
                0x0000000008000a68                SPI2_IRQHandler
                0x0000000008000a68                EXTI14_IRQHandler
                0x0000000008000a68                EXTI11_IRQHandler
                0x0000000008000a68                DMA2_Channel5_IRQHandler
                0x0000000008000a68                CRS_IRQHandler
                0x0000000008000a68                DMA1_Channel5_IRQHandler
                0x0000000008000a68                EXTI4_IRQHandler
                0x0000000008000a68                RTC_S_IRQHandler
                0x0000000008000a68                RNG_IRQHandler
                0x0000000008000a68                DMAMUX1_S_IRQHandler
                0x0000000008000a68                DMA1_Channel3_IRQHandler
                0x0000000008000a68                COMP_IRQHandler
                0x0000000008000a68                TIM1_UP_IRQHandler
                0x0000000008000a68                WWDG_IRQHandler
                0x0000000008000a68                I2C4_EV_IRQHandler
                0x0000000008000a68                LPUART1_IRQHandler
                0x0000000008000a68                DMA2_Channel6_IRQHandler
                0x0000000008000a68                FDCAN1_IT0_IRQHandler
                0x0000000008000a68                TIM2_IRQHandler
                0x0000000008000a68                TAMP_S_IRQHandler
                0x0000000008000a68                EXTI7_IRQHandler
                0x0000000008000a68                TIM1_BRK_IRQHandler
                0x0000000008000a68                DAC_IRQHandler
                0x0000000008000a68                EXTI1_IRQHandler
                0x0000000008000a68                AES_IRQHandler
                0x0000000008000a68                GTZC_IRQHandler
                0x0000000008000a68                USART2_IRQHandler
                0x0000000008000a68                DFSDM1_FLT0_IRQHandler
                0x0000000008000a68                I2C2_ER_IRQHandler
                0x0000000008000a68                DMA1_Channel2_IRQHandler
                0x0000000008000a68                TIM8_BRK_IRQHandler
                0x0000000008000a68                FLASH_IRQHandler
                0x0000000008000a68                USART1_IRQHandler
                0x0000000008000a68                EXTI10_IRQHandler
                0x0000000008000a68                SPI3_IRQHandler
                0x0000000008000a68                I2C1_ER_IRQHandler
                0x0000000008000a68                FMC_IRQHandler
                0x0000000008000a68                EXTI6_IRQHandler
                0x0000000008000a68                LPTIM1_IRQHandler
                0x0000000008000a68                I2C4_ER_IRQHandler
                0x0000000008000a68                ICACHE_IRQHandler
                0x0000000008000a68                SAI1_IRQHandler
                0x0000000008000a68                HASH_IRQHandler
                0x0000000008000a68                DMA2_Channel3_IRQHandler
 .text.HAL_Init
                0x0000000008000a6a       0x34 ./Drivers/STM32L5xx_HAL_Driver/Src/stm32l5xx_hal.o
                0x0000000008000a6a                HAL_Init
 *fill*         0x0000000008000a9e        0x2 
 .text.HAL_InitTick
                0x0000000008000aa0       0x78 ./Drivers/STM32L5xx_HAL_Driver/Src/stm32l5xx_hal.o
                0x0000000008000aa0                HAL_InitTick
 .text.HAL_IncTick
                0x0000000008000b18       0x28 ./Drivers/STM32L5xx_HAL_Driver/Src/stm32l5xx_hal.o
                0x0000000008000b18                HAL_IncTick
 .text.HAL_GetTick
                0x0000000008000b40       0x18 ./Drivers/STM32L5xx_HAL_Driver/Src/stm32l5xx_hal.o
                0x0000000008000b40                HAL_GetTick
 .text.__NVIC_SetPriorityGrouping
                0x0000000008000b58       0x48 ./Drivers/STM32L5xx_HAL_Driver/Src/stm32l5xx_hal_cortex.o
 .text.__NVIC_GetPriorityGrouping
                0x0000000008000ba0       0x1c ./Drivers/STM32L5xx_HAL_Driver/Src/stm32l5xx_hal_cortex.o
 .text.__NVIC_EnableIRQ
                0x0000000008000bbc       0x3c ./Drivers/STM32L5xx_HAL_Driver/Src/stm32l5xx_hal_cortex.o
 .text.__NVIC_SetPriority
                0x0000000008000bf8       0x54 ./Drivers/STM32L5xx_HAL_Driver/Src/stm32l5xx_hal_cortex.o
 .text.NVIC_EncodePriority
                0x0000000008000c4c       0x66 ./Drivers/STM32L5xx_HAL_Driver/Src/stm32l5xx_hal_cortex.o
 *fill*         0x0000000008000cb2        0x2 
 .text.SysTick_Config
                0x0000000008000cb4       0x44 ./Drivers/STM32L5xx_HAL_Driver/Src/stm32l5xx_hal_cortex.o
 .text.HAL_NVIC_SetPriorityGrouping
                0x0000000008000cf8       0x16 ./Drivers/STM32L5xx_HAL_Driver/Src/stm32l5xx_hal_cortex.o
                0x0000000008000cf8                HAL_NVIC_SetPriorityGrouping
 .text.HAL_NVIC_SetPriority
                0x0000000008000d0e       0x34 ./Drivers/STM32L5xx_HAL_Driver/Src/stm32l5xx_hal_cortex.o
                0x0000000008000d0e                HAL_NVIC_SetPriority
 .text.HAL_NVIC_EnableIRQ
                0x0000000008000d42       0x1c ./Drivers/STM32L5xx_HAL_Driver/Src/stm32l5xx_hal_cortex.o
                0x0000000008000d42                HAL_NVIC_EnableIRQ
 .text.HAL_SYSTICK_Config
                0x0000000008000d5e       0x18 ./Drivers/STM32L5xx_HAL_Driver/Src/stm32l5xx_hal_cortex.o
                0x0000000008000d5e                HAL_SYSTICK_Config
 *fill*         0x0000000008000d76        0x2 
 .text.HAL_GPIO_Init
                0x0000000008000d78      0x300 ./Drivers/STM32L5xx_HAL_Driver/Src/stm32l5xx_hal_gpio.o
                0x0000000008000d78                HAL_GPIO_Init
 .text.HAL_I2C_Init
                0x0000000008001078      0x11e ./Drivers/STM32L5xx_HAL_Driver/Src/stm32l5xx_hal_i2c.o
                0x0000000008001078                HAL_I2C_Init
 .text.HAL_I2CEx_ConfigAnalogFilter
                0x0000000008001196       0x96 ./Drivers/STM32L5xx_HAL_Driver/Src/stm32l5xx_hal_i2c_ex.o
                0x0000000008001196                HAL_I2CEx_ConfigAnalogFilter
 .text.HAL_I2CEx_ConfigDigitalFilter
                0x000000000800122c       0x98 ./Drivers/STM32L5xx_HAL_Driver/Src/stm32l5xx_hal_i2c_ex.o
                0x000000000800122c                HAL_I2CEx_ConfigDigitalFilter
 .text.HAL_ICACHE_Enable
                0x00000000080012c4       0x20 ./Drivers/STM32L5xx_HAL_Driver/Src/stm32l5xx_hal_icache.o
                0x00000000080012c4                HAL_ICACHE_Enable
 .text.HAL_PCD_Init
                0x00000000080012e4      0x1ca ./Drivers/STM32L5xx_HAL_Driver/Src/stm32l5xx_hal_pcd.o
                0x00000000080012e4                HAL_PCD_Init
 .text.HAL_PCD_Start
                0x00000000080014ae       0x44 ./Drivers/STM32L5xx_HAL_Driver/Src/stm32l5xx_hal_pcd.o
                0x00000000080014ae                HAL_PCD_Start
 .text.HAL_PCD_IRQHandler
                0x00000000080014f2      0x29c ./Drivers/STM32L5xx_HAL_Driver/Src/stm32l5xx_hal_pcd.o
                0x00000000080014f2                HAL_PCD_IRQHandler
 .text.HAL_PCD_SetAddress
                0x000000000800178e       0x4a ./Drivers/STM32L5xx_HAL_Driver/Src/stm32l5xx_hal_pcd.o
                0x000000000800178e                HAL_PCD_SetAddress
 .text.HAL_PCD_EP_Open
                0x00000000080017d8       0xcc ./Drivers/STM32L5xx_HAL_Driver/Src/stm32l5xx_hal_pcd.o
                0x00000000080017d8                HAL_PCD_EP_Open
 .text.HAL_PCD_EP_Close
                0x00000000080018a4       0x90 ./Drivers/STM32L5xx_HAL_Driver/Src/stm32l5xx_hal_pcd.o
                0x00000000080018a4                HAL_PCD_EP_Close
 .text.HAL_PCD_EP_Receive
                0x0000000008001934       0x7a ./Drivers/STM32L5xx_HAL_Driver/Src/stm32l5xx_hal_pcd.o
                0x0000000008001934                HAL_PCD_EP_Receive
 .text.HAL_PCD_EP_GetRxCount
                0x00000000080019ae       0x30 ./Drivers/STM32L5xx_HAL_Driver/Src/stm32l5xx_hal_pcd.o
                0x00000000080019ae                HAL_PCD_EP_GetRxCount
 .text.HAL_PCD_EP_Transmit
                0x00000000080019de       0x86 ./Drivers/STM32L5xx_HAL_Driver/Src/stm32l5xx_hal_pcd.o
                0x00000000080019de                HAL_PCD_EP_Transmit
 .text.HAL_PCD_EP_SetStall
                0x0000000008001a64       0xa4 ./Drivers/STM32L5xx_HAL_Driver/Src/stm32l5xx_hal_pcd.o
                0x0000000008001a64                HAL_PCD_EP_SetStall
 .text.HAL_PCD_EP_ClrStall
                0x0000000008001b08       0xa8 ./Drivers/STM32L5xx_HAL_Driver/Src/stm32l5xx_hal_pcd.o
                0x0000000008001b08                HAL_PCD_EP_ClrStall
 .text.PCD_EP_ISR_Handler
                0x0000000008001bb0      0x5d4 ./Drivers/STM32L5xx_HAL_Driver/Src/stm32l5xx_hal_pcd.o
 .text.HAL_PCD_EP_DB_Receive
                0x0000000008002184      0x212 ./Drivers/STM32L5xx_HAL_Driver/Src/stm32l5xx_hal_pcd.o
 .text.HAL_PCD_EP_DB_Transmit
                0x0000000008002396      0x79c ./Drivers/STM32L5xx_HAL_Driver/Src/stm32l5xx_hal_pcd.o
 .text.HAL_PCDEx_PMAConfig
                0x0000000008002b32       0x86 ./Drivers/STM32L5xx_HAL_Driver/Src/stm32l5xx_hal_pcd_ex.o
                0x0000000008002b32                HAL_PCDEx_PMAConfig
 .text.HAL_PCDEx_ActivateLPM
                0x0000000008002bb8       0x54 ./Drivers/STM32L5xx_HAL_Driver/Src/stm32l5xx_hal_pcd_ex.o
                0x0000000008002bb8                HAL_PCDEx_ActivateLPM
 .text.HAL_PWREx_GetVoltageRange
                0x0000000008002c0c       0x1c ./Drivers/STM32L5xx_HAL_Driver/Src/stm32l5xx_hal_pwr_ex.o
                0x0000000008002c0c                HAL_PWREx_GetVoltageRange
 .text.HAL_PWREx_ControlVoltageScaling
                0x0000000008002c28       0xb8 ./Drivers/STM32L5xx_HAL_Driver/Src/stm32l5xx_hal_pwr_ex.o
                0x0000000008002c28                HAL_PWREx_ControlVoltageScaling
 .text.HAL_PWREx_EnableVddUSB
                0x0000000008002ce0       0x20 ./Drivers/STM32L5xx_HAL_Driver/Src/stm32l5xx_hal_pwr_ex.o
                0x0000000008002ce0                HAL_PWREx_EnableVddUSB
 .text.HAL_PWREx_DisableUCPDDeadBattery
                0x0000000008002d00       0x20 ./Drivers/STM32L5xx_HAL_Driver/Src/stm32l5xx_hal_pwr_ex.o
                0x0000000008002d00                HAL_PWREx_DisableUCPDDeadBattery
 .text.HAL_PWREx_SMPS_GetEffectiveMode
                0x0000000008002d20       0x48 ./Drivers/STM32L5xx_HAL_Driver/Src/stm32l5xx_hal_pwr_ex.o
                0x0000000008002d20                HAL_PWREx_SMPS_GetEffectiveMode
 .text.HAL_RCC_OscConfig
                0x0000000008002d68      0x9c4 ./Drivers/STM32L5xx_HAL_Driver/Src/stm32l5xx_hal_rcc.o
                0x0000000008002d68                HAL_RCC_OscConfig
 .text.HAL_RCC_ClockConfig
                0x000000000800372c      0x250 ./Drivers/STM32L5xx_HAL_Driver/Src/stm32l5xx_hal_rcc.o
                0x000000000800372c                HAL_RCC_ClockConfig
 .text.HAL_RCC_GetSysClockFreq
                0x000000000800397c      0x13c ./Drivers/STM32L5xx_HAL_Driver/Src/stm32l5xx_hal_rcc.o
                0x000000000800397c                HAL_RCC_GetSysClockFreq
 .text.HAL_RCC_GetHCLKFreq
                0x0000000008003ab8       0x28 ./Drivers/STM32L5xx_HAL_Driver/Src/stm32l5xx_hal_rcc.o
                0x0000000008003ab8                HAL_RCC_GetHCLKFreq
 .text.RCC_SetFlashLatencyFromMSIRange
                0x0000000008003ae0       0xc8 ./Drivers/STM32L5xx_HAL_Driver/Src/stm32l5xx_hal_rcc.o
 .text.RCC_GetSysClockFreqFromPLLSource
                0x0000000008003ba8       0xf4 ./Drivers/STM32L5xx_HAL_Driver/Src/stm32l5xx_hal_rcc.o
 .text.HAL_RCCEx_PeriphCLKConfig
                0x0000000008003c9c      0x708 ./Drivers/STM32L5xx_HAL_Driver/Src/stm32l5xx_hal_rcc_ex.o
                0x0000000008003c9c                HAL_RCCEx_PeriphCLKConfig
 .text.HAL_RCCEx_EnableMSIPLLMode
                0x00000000080043a4       0x20 ./Drivers/STM32L5xx_HAL_Driver/Src/stm32l5xx_hal_rcc_ex.o
                0x00000000080043a4                HAL_RCCEx_EnableMSIPLLMode
 .text.RCCEx_PLLSAI1_Config
                0x00000000080043c4      0x1cc ./Drivers/STM32L5xx_HAL_Driver/Src/stm32l5xx_hal_rcc_ex.o
 .text.RCCEx_PLLSAI2_Config
                0x0000000008004590      0x158 ./Drivers/STM32L5xx_HAL_Driver/Src/stm32l5xx_hal_rcc_ex.o
 .text.HAL_SPI_Init
                0x00000000080046e8      0x146 ./Drivers/STM32L5xx_HAL_Driver/Src/stm32l5xx_hal_spi.o
                0x00000000080046e8                HAL_SPI_Init
 .text.USB_EnableGlobalInt
                0x000000000800482e       0x2e ./Drivers/STM32L5xx_HAL_Driver/Src/stm32l5xx_ll_usb.o
                0x000000000800482e                USB_EnableGlobalInt
 .text.USB_DisableGlobalInt
                0x000000000800485c       0x36 ./Drivers/STM32L5xx_HAL_Driver/Src/stm32l5xx_ll_usb.o
                0x000000000800485c                USB_DisableGlobalInt
 .text.USB_DevInit
                0x0000000008004892       0x42 ./Drivers/STM32L5xx_HAL_Driver/Src/stm32l5xx_ll_usb.o
                0x0000000008004892                USB_DevInit
 .text.USB_ActivateEndpoint
                0x00000000080048d4      0x6dc ./Drivers/STM32L5xx_HAL_Driver/Src/stm32l5xx_ll_usb.o
                0x00000000080048d4                USB_ActivateEndpoint
 .text.USB_DeactivateEndpoint
                0x0000000008004fb0      0x3da ./Drivers/STM32L5xx_HAL_Driver/Src/stm32l5xx_ll_usb.o
                0x0000000008004fb0                USB_DeactivateEndpoint
 .text.USB_EPStartXfer
                0x000000000800538a     0x15ee ./Drivers/STM32L5xx_HAL_Driver/Src/stm32l5xx_ll_usb.o
                0x000000000800538a                USB_EPStartXfer
 .text.USB_EPSetStall
                0x0000000008006978       0xa2 ./Drivers/STM32L5xx_HAL_Driver/Src/stm32l5xx_ll_usb.o
                0x0000000008006978                USB_EPSetStall
 .text.USB_EPClearStall
                0x0000000008006a1a      0x15c ./Drivers/STM32L5xx_HAL_Driver/Src/stm32l5xx_ll_usb.o
                0x0000000008006a1a                USB_EPClearStall
 .text.USB_SetDevAddress
                0x0000000008006b76       0x28 ./Drivers/STM32L5xx_HAL_Driver/Src/stm32l5xx_ll_usb.o
                0x0000000008006b76                USB_SetDevAddress
 .text.USB_DevConnect
                0x0000000008006b9e       0x2e ./Drivers/STM32L5xx_HAL_Driver/Src/stm32l5xx_ll_usb.o
                0x0000000008006b9e                USB_DevConnect
 .text.USB_ReadInterrupts
                0x0000000008006bcc       0x20 ./Drivers/STM32L5xx_HAL_Driver/Src/stm32l5xx_ll_usb.o
                0x0000000008006bcc                USB_ReadInterrupts
 .text.USB_WritePMA
                0x0000000008006bec       0x84 ./Drivers/STM32L5xx_HAL_Driver/Src/stm32l5xx_ll_usb.o
                0x0000000008006bec                USB_WritePMA
 .text.USB_ReadPMA
                0x0000000008006c70       0x98 ./Drivers/STM32L5xx_HAL_Driver/Src/stm32l5xx_ll_usb.o
                0x0000000008006c70                USB_ReadPMA
 .text.USBD_CDC_Init
                0x0000000008006d08       0xfe ./Middlewares/ST/STM32_USB_Device_Library/Class/CDC/Src/usbd_cdc.o
 .text.USBD_CDC_DeInit
                0x0000000008006e06       0x74 ./Middlewares/ST/STM32_USB_Device_Library/Class/CDC/Src/usbd_cdc.o
 *fill*         0x0000000008006e7a        0x2 
 .text.USBD_CDC_Setup
                0x0000000008006e7c      0x190 ./Middlewares/ST/STM32_USB_Device_Library/Class/CDC/Src/usbd_cdc.o
 .text.USBD_CDC_DataIn
                0x000000000800700c       0xca ./Middlewares/ST/STM32_USB_Device_Library/Class/CDC/Src/usbd_cdc.o
 .text.USBD_CDC_DataOut
                0x00000000080070d6       0x56 ./Middlewares/ST/STM32_USB_Device_Library/Class/CDC/Src/usbd_cdc.o
 .text.USBD_CDC_EP0_RxReady
                0x000000000800712c       0x5a ./Middlewares/ST/STM32_USB_Device_Library/Class/CDC/Src/usbd_cdc.o
 *fill*         0x0000000008007186        0x2 
 .text.USBD_CDC_GetFSCfgDesc
                0x0000000008007188       0x20 ./Middlewares/ST/STM32_USB_Device_Library/Class/CDC/Src/usbd_cdc.o
 .text.USBD_CDC_GetHSCfgDesc
                0x00000000080071a8       0x20 ./Middlewares/ST/STM32_USB_Device_Library/Class/CDC/Src/usbd_cdc.o
 .text.USBD_CDC_GetOtherSpeedCfgDesc
                0x00000000080071c8       0x20 ./Middlewares/ST/STM32_USB_Device_Library/Class/CDC/Src/usbd_cdc.o
 .text.USBD_CDC_GetDeviceQualifierDescriptor
                0x00000000080071e8       0x20 ./Middlewares/ST/STM32_USB_Device_Library/Class/CDC/Src/usbd_cdc.o
                0x00000000080071e8                USBD_CDC_GetDeviceQualifierDescriptor
 .text.USBD_CDC_RegisterInterface
                0x0000000008007208       0x2a ./Middlewares/ST/STM32_USB_Device_Library/Class/CDC/Src/usbd_cdc.o
                0x0000000008007208                USBD_CDC_RegisterInterface
 .text.USBD_CDC_SetTxBuffer
                0x0000000008007232       0x3c ./Middlewares/ST/STM32_USB_Device_Library/Class/CDC/Src/usbd_cdc.o
                0x0000000008007232                USBD_CDC_SetTxBuffer
 .text.USBD_CDC_SetRxBuffer
                0x000000000800726e       0x32 ./Middlewares/ST/STM32_USB_Device_Library/Class/CDC/Src/usbd_cdc.o
                0x000000000800726e                USBD_CDC_SetRxBuffer
 .text.USBD_CDC_ReceivePacket
                0x00000000080072a0       0x54 ./Middlewares/ST/STM32_USB_Device_Library/Class/CDC/Src/usbd_cdc.o
                0x00000000080072a0                USBD_CDC_ReceivePacket
 .text.USBD_Init
                0x00000000080072f4       0x60 ./Middlewares/ST/STM32_USB_Device_Library/Core/Src/usbd_core.o
                0x00000000080072f4                USBD_Init
 .text.USBD_RegisterClass
                0x0000000008007354       0x4e ./Middlewares/ST/STM32_USB_Device_Library/Core/Src/usbd_core.o
                0x0000000008007354                USBD_RegisterClass
 .text.USBD_Start
                0x00000000080073a2       0x18 ./Middlewares/ST/STM32_USB_Device_Library/Core/Src/usbd_core.o
                0x00000000080073a2                USBD_Start
 .text.USBD_RunTestMode
                0x00000000080073ba       0x16 ./Middlewares/ST/STM32_USB_Device_Library/Core/Src/usbd_core.o
                0x00000000080073ba                USBD_RunTestMode
 .text.USBD_SetClassConfig
                0x00000000080073d0       0x38 ./Middlewares/ST/STM32_USB_Device_Library/Core/Src/usbd_core.o
                0x00000000080073d0                USBD_SetClassConfig
 .text.USBD_ClrClassConfig
                0x0000000008007408       0x30 ./Middlewares/ST/STM32_USB_Device_Library/Core/Src/usbd_core.o
                0x0000000008007408                USBD_ClrClassConfig
 .text.USBD_LL_SetupStage
                0x0000000008007438       0xaa ./Middlewares/ST/STM32_USB_Device_Library/Core/Src/usbd_core.o
                0x0000000008007438                USBD_LL_SetupStage
 .text.USBD_LL_DataOutStage
                0x00000000080074e2       0xc6 ./Middlewares/ST/STM32_USB_Device_Library/Core/Src/usbd_core.o
                0x00000000080074e2                USBD_LL_DataOutStage
 .text.USBD_LL_DataInStage
                0x00000000080075a8      0x12c ./Middlewares/ST/STM32_USB_Device_Library/Core/Src/usbd_core.o
                0x00000000080075a8                USBD_LL_DataInStage
 .text.USBD_LL_Reset
                0x00000000080076d4       0x9c ./Middlewares/ST/STM32_USB_Device_Library/Core/Src/usbd_core.o
                0x00000000080076d4                USBD_LL_Reset
 .text.USBD_LL_SetSpeed
                0x0000000008007770       0x20 ./Middlewares/ST/STM32_USB_Device_Library/Core/Src/usbd_core.o
                0x0000000008007770                USBD_LL_SetSpeed
 .text.USBD_LL_Suspend
                0x0000000008007790       0x2c ./Middlewares/ST/STM32_USB_Device_Library/Core/Src/usbd_core.o
                0x0000000008007790                USBD_LL_Suspend
 .text.USBD_LL_Resume
                0x00000000080077bc       0x30 ./Middlewares/ST/STM32_USB_Device_Library/Core/Src/usbd_core.o
                0x00000000080077bc                USBD_LL_Resume
 .text.USBD_LL_SOF
                0x00000000080077ec       0x44 ./Middlewares/ST/STM32_USB_Device_Library/Core/Src/usbd_core.o
                0x00000000080077ec                USBD_LL_SOF
 .text.SWAPBYTE
                0x0000000008007830       0x3c ./Middlewares/ST/STM32_USB_Device_Library/Core/Src/usbd_ctlreq.o
 .text.USBD_StdDevReq
                0x000000000800786c       0xdc ./Middlewares/ST/STM32_USB_Device_Library/Core/Src/usbd_ctlreq.o
                0x000000000800786c                USBD_StdDevReq
 .text.USBD_StdItfReq
                0x0000000008007948       0x92 ./Middlewares/ST/STM32_USB_Device_Library/Core/Src/usbd_ctlreq.o
                0x0000000008007948                USBD_StdItfReq
 .text.USBD_StdEPReq
                0x00000000080079da      0x2c4 ./Middlewares/ST/STM32_USB_Device_Library/Core/Src/usbd_ctlreq.o
                0x00000000080079da                USBD_StdEPReq
 *fill*         0x0000000008007c9e        0x2 
 .text.USBD_GetDescriptor
                0x0000000008007ca0      0x328 ./Middlewares/ST/STM32_USB_Device_Library/Core/Src/usbd_ctlreq.o
 .text.USBD_SetAddress
                0x0000000008007fc8       0x88 ./Middlewares/ST/STM32_USB_Device_Library/Core/Src/usbd_ctlreq.o
 .text.USBD_SetConfig
                0x0000000008008050      0x14c ./Middlewares/ST/STM32_USB_Device_Library/Core/Src/usbd_ctlreq.o
 .text.USBD_GetConfig
                0x000000000800819c       0x6c ./Middlewares/ST/STM32_USB_Device_Library/Core/Src/usbd_ctlreq.o
 .text.USBD_GetStatus
                0x0000000008008208       0x68 ./Middlewares/ST/STM32_USB_Device_Library/Core/Src/usbd_ctlreq.o
 .text.USBD_SetFeature
                0x0000000008008270       0x28 ./Middlewares/ST/STM32_USB_Device_Library/Core/Src/usbd_ctlreq.o
 .text.USBD_ClrFeature
                0x0000000008008298       0x44 ./Middlewares/ST/STM32_USB_Device_Library/Core/Src/usbd_ctlreq.o
 .text.USBD_ParseSetupRequest
                0x00000000080082dc       0x74 ./Middlewares/ST/STM32_USB_Device_Library/Core/Src/usbd_ctlreq.o
                0x00000000080082dc                USBD_ParseSetupRequest
 .text.USBD_CtlError
                0x0000000008008350       0x22 ./Middlewares/ST/STM32_USB_Device_Library/Core/Src/usbd_ctlreq.o
                0x0000000008008350                USBD_CtlError
 .text.USBD_GetString
                0x0000000008008372       0x8c ./Middlewares/ST/STM32_USB_Device_Library/Core/Src/usbd_ctlreq.o
                0x0000000008008372                USBD_GetString
 .text.USBD_GetLen
                0x00000000080083fe       0x34 ./Middlewares/ST/STM32_USB_Device_Library/Core/Src/usbd_ctlreq.o
 .text.USBD_CtlSendData
                0x0000000008008432       0x36 ./Middlewares/ST/STM32_USB_Device_Library/Core/Src/usbd_ioreq.o
                0x0000000008008432                USBD_CtlSendData
 .text.USBD_CtlContinueSendData
                0x0000000008008468       0x22 ./Middlewares/ST/STM32_USB_Device_Library/Core/Src/usbd_ioreq.o
                0x0000000008008468                USBD_CtlContinueSendData
 .text.USBD_CtlPrepareRx
                0x000000000800848a       0x3a ./Middlewares/ST/STM32_USB_Device_Library/Core/Src/usbd_ioreq.o
                0x000000000800848a                USBD_CtlPrepareRx
 .text.USBD_CtlContinueRx
                0x00000000080084c4       0x22 ./Middlewares/ST/STM32_USB_Device_Library/Core/Src/usbd_ioreq.o
                0x00000000080084c4                USBD_CtlContinueRx
 .text.USBD_CtlSendStatus
                0x00000000080084e6       0x26 ./Middlewares/ST/STM32_USB_Device_Library/Core/Src/usbd_ioreq.o
                0x00000000080084e6                USBD_CtlSendStatus
 .text.USBD_CtlReceiveStatus
                0x000000000800850c       0x26 ./Middlewares/ST/STM32_USB_Device_Library/Core/Src/usbd_ioreq.o
                0x000000000800850c                USBD_CtlReceiveStatus
 *fill*         0x0000000008008532        0x2 
 .text.MX_USB_Device_Init
                0x0000000008008534       0x60 ./USB_Device/App/usb_device.o
                0x0000000008008534                MX_USB_Device_Init
 .text.CDC_Init_FS
                0x0000000008008594       0x28 ./USB_Device/App/usbd_cdc_if.o
 .text.CDC_DeInit_FS
                0x00000000080085bc       0x10 ./USB_Device/App/usbd_cdc_if.o
 .text.CDC_Control_FS
                0x00000000080085cc       0xbc ./USB_Device/App/usbd_cdc_if.o
 .text.CDC_Receive_FS
                0x0000000008008688       0x28 ./USB_Device/App/usbd_cdc_if.o
 .text.CDC_TransmitCplt_FS
                0x00000000080086b0       0x22 ./USB_Device/App/usbd_cdc_if.o
 *fill*         0x00000000080086d2        0x2 
 .text.USBD_CDC_DeviceDescriptor
                0x00000000080086d4       0x24 ./USB_Device/App/usbd_desc.o
                0x00000000080086d4                USBD_CDC_DeviceDescriptor
 .text.USBD_CDC_LangIDStrDescriptor
                0x00000000080086f8       0x24 ./USB_Device/App/usbd_desc.o
                0x00000000080086f8                USBD_CDC_LangIDStrDescriptor
 .text.USBD_CDC_ProductStrDescriptor
                0x000000000800871c       0x3c ./USB_Device/App/usbd_desc.o
                0x000000000800871c                USBD_CDC_ProductStrDescriptor
 .text.USBD_CDC_ManufacturerStrDescriptor
                0x0000000008008758       0x28 ./USB_Device/App/usbd_desc.o
                0x0000000008008758                USBD_CDC_ManufacturerStrDescriptor
 .text.USBD_CDC_SerialStrDescriptor
                0x0000000008008780       0x24 ./USB_Device/App/usbd_desc.o
                0x0000000008008780                USBD_CDC_SerialStrDescriptor
 .text.USBD_CDC_ConfigStrDescriptor
                0x00000000080087a4       0x3c ./USB_Device/App/usbd_desc.o
                0x00000000080087a4                USBD_CDC_ConfigStrDescriptor
 .text.USBD_CDC_InterfaceStrDescriptor
                0x00000000080087e0       0x3c ./USB_Device/App/usbd_desc.o
                0x00000000080087e0                USBD_CDC_InterfaceStrDescriptor
 .text.Get_SerialNum
                0x000000000800881c       0x58 ./USB_Device/App/usbd_desc.o
 .text.IntToUnicode
                0x0000000008008874       0x7e ./USB_Device/App/usbd_desc.o
 *fill*         0x00000000080088f2        0x2 
 .text.HAL_PCD_MspInit
                0x00000000080088f4       0xf0 ./USB_Device/Target/usbd_conf.o
                0x00000000080088f4                HAL_PCD_MspInit
 .text.HAL_PCD_SetupStageCallback
                0x00000000080089e4       0x24 ./USB_Device/Target/usbd_conf.o
                0x00000000080089e4                HAL_PCD_SetupStageCallback
 .text.HAL_PCD_DataOutStageCallback
                0x0000000008008a08       0x36 ./USB_Device/Target/usbd_conf.o
                0x0000000008008a08                HAL_PCD_DataOutStageCallback
 .text.HAL_PCD_DataInStageCallback
                0x0000000008008a3e       0x34 ./USB_Device/Target/usbd_conf.o
                0x0000000008008a3e                HAL_PCD_DataInStageCallback
 .text.HAL_PCD_SOFCallback
                0x0000000008008a72       0x1c ./USB_Device/Target/usbd_conf.o
                0x0000000008008a72                HAL_PCD_SOFCallback
 .text.HAL_PCD_ResetCallback
                0x0000000008008a8e       0x3c ./USB_Device/Target/usbd_conf.o
                0x0000000008008a8e                HAL_PCD_ResetCallback
 *fill*         0x0000000008008aca        0x2 
 .text.HAL_PCD_SuspendCallback
                0x0000000008008acc       0x34 ./USB_Device/Target/usbd_conf.o
                0x0000000008008acc                HAL_PCD_SuspendCallback
 .text.HAL_PCD_ResumeCallback
                0x0000000008008b00       0x38 ./USB_Device/Target/usbd_conf.o
                0x0000000008008b00                HAL_PCD_ResumeCallback
 .text.USBD_LL_Init
                0x0000000008008b38       0xc4 ./USB_Device/Target/usbd_conf.o
                0x0000000008008b38                USBD_LL_Init
 .text.USBD_LL_Start
                0x0000000008008bfc       0x36 ./USB_Device/Target/usbd_conf.o
                0x0000000008008bfc                USBD_LL_Start
 .text.USBD_LL_OpenEP
                0x0000000008008c32       0x4c ./USB_Device/Target/usbd_conf.o
                0x0000000008008c32                USBD_LL_OpenEP
 .text.USBD_LL_CloseEP
                0x0000000008008c7e       0x3e ./USB_Device/Target/usbd_conf.o
                0x0000000008008c7e                USBD_LL_CloseEP
 .text.USBD_LL_StallEP
                0x0000000008008cbc       0x3e ./USB_Device/Target/usbd_conf.o
                0x0000000008008cbc                USBD_LL_StallEP
 .text.USBD_LL_ClearStallEP
                0x0000000008008cfa       0x3e ./USB_Device/Target/usbd_conf.o
                0x0000000008008cfa                USBD_LL_ClearStallEP
 .text.USBD_LL_IsStallEP
                0x0000000008008d38       0x5a ./USB_Device/Target/usbd_conf.o
                0x0000000008008d38                USBD_LL_IsStallEP
 .text.USBD_LL_SetUSBAddress
                0x0000000008008d92       0x3e ./USB_Device/Target/usbd_conf.o
                0x0000000008008d92                USBD_LL_SetUSBAddress
 .text.USBD_LL_Transmit
                0x0000000008008dd0       0x42 ./USB_Device/Target/usbd_conf.o
                0x0000000008008dd0                USBD_LL_Transmit
 .text.USBD_LL_PrepareReceive
                0x0000000008008e12       0x42 ./USB_Device/Target/usbd_conf.o
                0x0000000008008e12                USBD_LL_PrepareReceive
 .text.USBD_LL_GetRxDataSize
                0x0000000008008e54       0x26 ./USB_Device/Target/usbd_conf.o
                0x0000000008008e54                USBD_LL_GetRxDataSize
 *fill*         0x0000000008008e7a        0x2 
 .text.HAL_PCDEx_LPM_Callback
                0x0000000008008e7c       0x6c ./USB_Device/Target/usbd_conf.o
                0x0000000008008e7c                HAL_PCDEx_LPM_Callback
 .text.USBD_static_malloc
                0x0000000008008ee8       0x1c ./USB_Device/Target/usbd_conf.o
                0x0000000008008ee8                USBD_static_malloc
 .text.USBD_static_free
                0x0000000008008f04       0x14 ./USB_Device/Target/usbd_conf.o
                0x0000000008008f04                USBD_static_free
 .text.SystemClockConfig_Resume
                0x0000000008008f18        0xc ./USB_Device/Target/usbd_conf.o
 .text.USBD_Get_USB_Status
                0x0000000008008f24       0x58 ./USB_Device/Target/usbd_conf.o
 .text.__libc_init_array
                0x0000000008008f7c       0x48 c:/st/stm32cubeide_1.8.0/stm32cubeide/plugins/com.st.stm32cube.ide.mcu.externaltools.gnu-tools-for-stm32.9-2020-q2-update.win32_2.0.0.202105311346/tools/bin/../lib/gcc/arm-none-eabi/9.3.1/../../../../arm-none-eabi/lib/thumb/v8-m.main+fp/hard\libc_nano.a(lib_a-init.o)
                0x0000000008008f7c                __libc_init_array
 .text.memset   0x0000000008008fc4       0x10 c:/st/stm32cubeide_1.8.0/stm32cubeide/plugins/com.st.stm32cube.ide.mcu.externaltools.gnu-tools-for-stm32.9-2020-q2-update.win32_2.0.0.202105311346/tools/bin/../lib/gcc/arm-none-eabi/9.3.1/../../../../arm-none-eabi/lib/thumb/v8-m.main+fp/hard\libc_nano.a(lib_a-memset.o)
                0x0000000008008fc4                memset
 *(.glue_7)
 .glue_7        0x0000000008008fd4        0x0 linker stubs
 *(.glue_7t)
 .glue_7t       0x0000000008008fd4        0x0 linker stubs
 *(.eh_frame)
 .eh_frame      0x0000000008008fd4        0x0 c:/st/stm32cubeide_1.8.0/stm32cubeide/plugins/com.st.stm32cube.ide.mcu.externaltools.gnu-tools-for-stm32.9-2020-q2-update.win32_2.0.0.202105311346/tools/bin/../lib/gcc/arm-none-eabi/9.3.1/thumb/v8-m.main+fp/hard/crtbegin.o
 *(.init)
 .init          0x0000000008008fd4        0x4 c:/st/stm32cubeide_1.8.0/stm32cubeide/plugins/com.st.stm32cube.ide.mcu.externaltools.gnu-tools-for-stm32.9-2020-q2-update.win32_2.0.0.202105311346/tools/bin/../lib/gcc/arm-none-eabi/9.3.1/thumb/v8-m.main+fp/hard/crti.o
                0x0000000008008fd4                _init
 .init          0x0000000008008fd8        0x8 c:/st/stm32cubeide_1.8.0/stm32cubeide/plugins/com.st.stm32cube.ide.mcu.externaltools.gnu-tools-for-stm32.9-2020-q2-update.win32_2.0.0.202105311346/tools/bin/../lib/gcc/arm-none-eabi/9.3.1/thumb/v8-m.main+fp/hard/crtn.o
 *(.fini)
 .fini          0x0000000008008fe0        0x4 c:/st/stm32cubeide_1.8.0/stm32cubeide/plugins/com.st.stm32cube.ide.mcu.externaltools.gnu-tools-for-stm32.9-2020-q2-update.win32_2.0.0.202105311346/tools/bin/../lib/gcc/arm-none-eabi/9.3.1/thumb/v8-m.main+fp/hard/crti.o
                0x0000000008008fe0                _fini
 .fini          0x0000000008008fe4        0x8 c:/st/stm32cubeide_1.8.0/stm32cubeide/plugins/com.st.stm32cube.ide.mcu.externaltools.gnu-tools-for-stm32.9-2020-q2-update.win32_2.0.0.202105311346/tools/bin/../lib/gcc/arm-none-eabi/9.3.1/thumb/v8-m.main+fp/hard/crtn.o
                0x0000000008008fec                . = ALIGN (0x4)
                0x0000000008008fec                _etext = .

.vfp11_veneer   0x0000000008008fec        0x0
 .vfp11_veneer  0x0000000008008fec        0x0 linker stubs

.v4_bx          0x0000000008008fec        0x0
 .v4_bx         0x0000000008008fec        0x0 linker stubs

.iplt           0x0000000008008fec        0x0
 .iplt          0x0000000008008fec        0x0 c:/st/stm32cubeide_1.8.0/stm32cubeide/plugins/com.st.stm32cube.ide.mcu.externaltools.gnu-tools-for-stm32.9-2020-q2-update.win32_2.0.0.202105311346/tools/bin/../lib/gcc/arm-none-eabi/9.3.1/thumb/v8-m.main+fp/hard/crtbegin.o

.rodata         0x0000000008008fec       0x98
                0x0000000008008fec                . = ALIGN (0x4)
 *(.rodata)
 .rodata        0x0000000008008fec       0x46 ./USB_Device/App/usbd_desc.o
 *(.rodata*)
 *fill*         0x0000000008009032        0x2 
 .rodata.AHBPrescTable
                0x0000000008009034       0x10 ./Core/Src/system_stm32l5xx.o
                0x0000000008009034                AHBPrescTable
 .rodata.MSIRangeTable
                0x0000000008009044       0x40 ./Core/Src/system_stm32l5xx.o
                0x0000000008009044                MSIRangeTable
                0x0000000008009084                . = ALIGN (0x4)

.rel.dyn        0x0000000008009084        0x0
 .rel.iplt      0x0000000008009084        0x0 c:/st/stm32cubeide_1.8.0/stm32cubeide/plugins/com.st.stm32cube.ide.mcu.externaltools.gnu-tools-for-stm32.9-2020-q2-update.win32_2.0.0.202105311346/tools/bin/../lib/gcc/arm-none-eabi/9.3.1/thumb/v8-m.main+fp/hard/crtbegin.o

.ARM.extab      0x0000000008009084        0x0
                0x0000000008009084                . = ALIGN (0x4)
 *(.ARM.extab* .gnu.linkonce.armextab.*)
                0x0000000008009084                . = ALIGN (0x4)

.ARM            0x0000000008009084        0x0
                0x0000000008009084                . = ALIGN (0x4)
                0x0000000008009084                __exidx_start = .
 *(.ARM.exidx*)
                0x0000000008009084                __exidx_end = .
                0x0000000008009084                . = ALIGN (0x4)

.preinit_array  0x0000000008009084        0x0
                0x0000000008009084                . = ALIGN (0x4)
                0x0000000008009084                PROVIDE (__preinit_array_start = .)
 *(.preinit_array*)
                0x0000000008009084                PROVIDE (__preinit_array_end = .)
                0x0000000008009084                . = ALIGN (0x4)

.init_array     0x0000000008009084        0x4
                0x0000000008009084                . = ALIGN (0x4)
                0x0000000008009084                PROVIDE (__init_array_start = .)
 *(SORT_BY_NAME(.init_array.*))
 *(.init_array*)
 .init_array    0x0000000008009084        0x4 c:/st/stm32cubeide_1.8.0/stm32cubeide/plugins/com.st.stm32cube.ide.mcu.externaltools.gnu-tools-for-stm32.9-2020-q2-update.win32_2.0.0.202105311346/tools/bin/../lib/gcc/arm-none-eabi/9.3.1/thumb/v8-m.main+fp/hard/crtbegin.o
                0x0000000008009088                PROVIDE (__init_array_end = .)
                0x0000000008009088                . = ALIGN (0x4)

.fini_array     0x0000000008009088        0x4
                0x0000000008009088                . = ALIGN (0x4)
                [!provide]                        PROVIDE (__fini_array_start = .)
 *(SORT_BY_NAME(.fini_array.*))
 *(.fini_array*)
 .fini_array    0x0000000008009088        0x4 c:/st/stm32cubeide_1.8.0/stm32cubeide/plugins/com.st.stm32cube.ide.mcu.externaltools.gnu-tools-for-stm32.9-2020-q2-update.win32_2.0.0.202105311346/tools/bin/../lib/gcc/arm-none-eabi/9.3.1/thumb/v8-m.main+fp/hard/crtbegin.o
                [!provide]                        PROVIDE (__fini_array_end = .)
                0x000000000800908c                . = ALIGN (0x4)
                0x000000000800908c                _sidata = LOADADDR (.data)

.data           0x0000000020000000      0x184 load address 0x000000000800908c
                0x0000000020000000                . = ALIGN (0x4)
                0x0000000020000000                _sdata = .
 *(.data)
 *(.data*)
 .data.SystemCoreClock
                0x0000000020000000        0x4 ./Core/Src/system_stm32l5xx.o
                0x0000000020000000                SystemCoreClock
 .data.uwTickPrio
                0x0000000020000004        0x4 ./Drivers/STM32L5xx_HAL_Driver/Src/stm32l5xx_hal.o
                0x0000000020000004                uwTickPrio
 .data.uwTickFreq
                0x0000000020000008        0x1 ./Drivers/STM32L5xx_HAL_Driver/Src/stm32l5xx_hal.o
                0x0000000020000008                uwTickFreq
 *fill*         0x0000000020000009        0x3 
 .data.USBD_CDC_DeviceQualifierDesc
                0x000000002000000c        0xa ./Middlewares/ST/STM32_USB_Device_Library/Class/CDC/Src/usbd_cdc.o
 *fill*         0x0000000020000016        0x2 
 .data.USBD_CDC
                0x0000000020000018       0x38 ./Middlewares/ST/STM32_USB_Device_Library/Class/CDC/Src/usbd_cdc.o
                0x0000000020000018                USBD_CDC
 .data.USBD_CDC_CfgHSDesc
                0x0000000020000050       0x43 ./Middlewares/ST/STM32_USB_Device_Library/Class/CDC/Src/usbd_cdc.o
 *fill*         0x0000000020000093        0x1 
 .data.USBD_CDC_CfgFSDesc
                0x0000000020000094       0x43 ./Middlewares/ST/STM32_USB_Device_Library/Class/CDC/Src/usbd_cdc.o
 *fill*         0x00000000200000d7        0x1 
 .data.USBD_CDC_OtherSpeedCfgDesc
                0x00000000200000d8       0x43 ./Middlewares/ST/STM32_USB_Device_Library/Class/CDC/Src/usbd_cdc.o
 *fill*         0x000000002000011b        0x1 
 .data.USBD_Interface_fops_FS
                0x000000002000011c       0x14 ./USB_Device/App/usbd_cdc_if.o
                0x000000002000011c                USBD_Interface_fops_FS
 .data.CDC_Desc
                0x0000000020000130       0x20 ./USB_Device/App/usbd_desc.o
                0x0000000020000130                CDC_Desc
 .data.USBD_CDC_DeviceDesc
                0x0000000020000150       0x12 ./USB_Device/App/usbd_desc.o
                0x0000000020000150                USBD_CDC_DeviceDesc
 *fill*         0x0000000020000162        0x2 
 .data.USBD_LangIDDesc
                0x0000000020000164        0x4 ./USB_Device/App/usbd_desc.o
                0x0000000020000164                USBD_LangIDDesc
 .data.USBD_StringSerial
                0x0000000020000168       0x1a ./USB_Device/App/usbd_desc.o
                0x0000000020000168                USBD_StringSerial
 *(.RamFunc)
 *(.RamFunc*)
                0x0000000020000184                . = ALIGN (0x4)
 *fill*         0x0000000020000182        0x2 
                0x0000000020000184                _edata = .

.igot.plt       0x0000000020000184        0x0 load address 0x0000000008009210
 .igot.plt      0x0000000020000184        0x0 c:/st/stm32cubeide_1.8.0/stm32cubeide/plugins/com.st.stm32cube.ide.mcu.externaltools.gnu-tools-for-stm32.9-2020-q2-update.win32_2.0.0.202105311346/tools/bin/../lib/gcc/arm-none-eabi/9.3.1/thumb/v8-m.main+fp/hard/crtbegin.o
                0x0000000020000184                . = ALIGN (0x4)

.bss            0x0000000020000184     0x1b80 load address 0x0000000008009210
                0x0000000020000184                _sbss = .
                0x0000000020000184                __bss_start__ = _sbss
 *(.bss)
 .bss           0x0000000020000184       0x1c c:/st/stm32cubeide_1.8.0/stm32cubeide/plugins/com.st.stm32cube.ide.mcu.externaltools.gnu-tools-for-stm32.9-2020-q2-update.win32_2.0.0.202105311346/tools/bin/../lib/gcc/arm-none-eabi/9.3.1/thumb/v8-m.main+fp/hard/crtbegin.o
 *(.bss*)
 .bss.cfgidx.11120
                0x00000000200001a0        0x1 ./Middlewares/ST/STM32_USB_Device_Library/Core/Src/usbd_ctlreq.o
 *fill*         0x00000000200001a1        0x3 
 .bss.mem.11201
                0x00000000200001a4      0x220 ./USB_Device/Target/usbd_conf.o
 *(COMMON)
 COMMON         0x00000000200003c4      0x178 ./Core/Src/main.o
                0x00000000200003c4                hspi2
                0x0000000020000428                hi2c1
                0x0000000020000474                hspi3
                0x00000000200004d8                hspi1
 COMMON         0x000000002000053c        0x4 ./Drivers/STM32L5xx_HAL_Driver/Src/stm32l5xx_hal.o
                0x000000002000053c                uwTick
 COMMON         0x0000000020000540      0x2d0 ./USB_Device/App/usb_device.o
                0x0000000020000540                hUsbDeviceFS
 COMMON         0x0000000020000810     0x1000 ./USB_Device/App/usbd_cdc_if.o
                0x0000000020000810                UserRxBufferFS
                0x0000000020001010                UserTxBufferFS
 COMMON         0x0000000020001810      0x200 ./USB_Device/App/usbd_desc.o
                0x0000000020001810                USBD_StrDesc
 COMMON         0x0000000020001a10      0x2f4 ./USB_Device/Target/usbd_conf.o
                0x0000000020001a10                hpcd_USB_FS
                0x0000000020001d04                . = ALIGN (0x4)
                0x0000000020001d04                _ebss = .
                0x0000000020001d04                __bss_end__ = _ebss

._user_heap_stack
                0x0000000020001d04      0x604 load address 0x0000000008009210
                0x0000000020001d08                . = ALIGN (0x8)
 *fill*         0x0000000020001d04        0x4 
                [!provide]                        PROVIDE (end = .)
                0x0000000020001d08                PROVIDE (_end = .)
                0x0000000020001f08                . = (. + _Min_Heap_Size)
 *fill*         0x0000000020001d08      0x200 
                0x0000000020002308                . = (. + _Min_Stack_Size)
 *fill*         0x0000000020001f08      0x400 
                0x0000000020002308                . = ALIGN (0x8)

/DISCARD/
 libc.a(*)
 libm.a(*)
 libgcc.a(*)

.ARM.attributes
                0x0000000000000000       0x36
 *(.ARM.attributes)
 .ARM.attributes
                0x0000000000000000       0x22 c:/st/stm32cubeide_1.8.0/stm32cubeide/plugins/com.st.stm32cube.ide.mcu.externaltools.gnu-tools-for-stm32.9-2020-q2-update.win32_2.0.0.202105311346/tools/bin/../lib/gcc/arm-none-eabi/9.3.1/thumb/v8-m.main+fp/hard/crti.o
 .ARM.attributes
                0x0000000000000022       0x38 c:/st/stm32cubeide_1.8.0/stm32cubeide/plugins/com.st.stm32cube.ide.mcu.externaltools.gnu-tools-for-stm32.9-2020-q2-update.win32_2.0.0.202105311346/tools/bin/../lib/gcc/arm-none-eabi/9.3.1/thumb/v8-m.main+fp/hard/crtbegin.o
 .ARM.attributes
                0x000000000000005a       0x3a ./Core/Src/main.o
 .ARM.attributes
                0x0000000000000094       0x3a ./Core/Src/stm32l5xx_hal_msp.o
 .ARM.attributes
                0x00000000000000ce       0x3a ./Core/Src/stm32l5xx_it.o
 .ARM.attributes
                0x0000000000000108       0x3a ./Core/Src/system_stm32l5xx.o
 .ARM.attributes
                0x0000000000000142       0x24 ./Core/Startup/startup_stm32l562vetxq.o
 .ARM.attributes
                0x0000000000000166       0x3a ./Drivers/STM32L5xx_HAL_Driver/Src/stm32l5xx_hal.o
 .ARM.attributes
                0x00000000000001a0       0x3a ./Drivers/STM32L5xx_HAL_Driver/Src/stm32l5xx_hal_cortex.o
 .ARM.attributes
                0x00000000000001da       0x3a ./Drivers/STM32L5xx_HAL_Driver/Src/stm32l5xx_hal_gpio.o
 .ARM.attributes
                0x0000000000000214       0x3a ./Drivers/STM32L5xx_HAL_Driver/Src/stm32l5xx_hal_i2c.o
 .ARM.attributes
                0x000000000000024e       0x3a ./Drivers/STM32L5xx_HAL_Driver/Src/stm32l5xx_hal_i2c_ex.o
 .ARM.attributes
                0x0000000000000288       0x3a ./Drivers/STM32L5xx_HAL_Driver/Src/stm32l5xx_hal_icache.o
 .ARM.attributes
                0x00000000000002c2       0x3a ./Drivers/STM32L5xx_HAL_Driver/Src/stm32l5xx_hal_pcd.o
 .ARM.attributes
                0x00000000000002fc       0x3a ./Drivers/STM32L5xx_HAL_Driver/Src/stm32l5xx_hal_pcd_ex.o
 .ARM.attributes
                0x0000000000000336       0x3a ./Drivers/STM32L5xx_HAL_Driver/Src/stm32l5xx_hal_pwr_ex.o
 .ARM.attributes
                0x0000000000000370       0x3a ./Drivers/STM32L5xx_HAL_Driver/Src/stm32l5xx_hal_rcc.o
 .ARM.attributes
                0x00000000000003aa       0x3a ./Drivers/STM32L5xx_HAL_Driver/Src/stm32l5xx_hal_rcc_ex.o
 .ARM.attributes
                0x00000000000003e4       0x3a ./Drivers/STM32L5xx_HAL_Driver/Src/stm32l5xx_hal_spi.o
 .ARM.attributes
                0x000000000000041e       0x3a ./Drivers/STM32L5xx_HAL_Driver/Src/stm32l5xx_ll_usb.o
 .ARM.attributes
                0x0000000000000458       0x3a ./Middlewares/ST/STM32_USB_Device_Library/Class/CDC/Src/usbd_cdc.o
 .ARM.attributes
                0x0000000000000492       0x3a ./Middlewares/ST/STM32_USB_Device_Library/Core/Src/usbd_core.o
 .ARM.attributes
                0x00000000000004cc       0x3a ./Middlewares/ST/STM32_USB_Device_Library/Core/Src/usbd_ctlreq.o
 .ARM.attributes
                0x0000000000000506       0x3a ./Middlewares/ST/STM32_USB_Device_Library/Core/Src/usbd_ioreq.o
 .ARM.attributes
                0x0000000000000540       0x3a ./USB_Device/App/usb_device.o
 .ARM.attributes
                0x000000000000057a       0x3a ./USB_Device/App/usbd_cdc_if.o
 .ARM.attributes
                0x00000000000005b4       0x3a ./USB_Device/App/usbd_desc.o
 .ARM.attributes
                0x00000000000005ee       0x3a ./USB_Device/Target/usbd_conf.o
 .ARM.attributes
                0x0000000000000628       0x38 c:/st/stm32cubeide_1.8.0/stm32cubeide/plugins/com.st.stm32cube.ide.mcu.externaltools.gnu-tools-for-stm32.9-2020-q2-update.win32_2.0.0.202105311346/tools/bin/../lib/gcc/arm-none-eabi/9.3.1/../../../../arm-none-eabi/lib/thumb/v8-m.main+fp/hard\libc_nano.a(lib_a-init.o)
 .ARM.attributes
                0x0000000000000660       0x38 c:/st/stm32cubeide_1.8.0/stm32cubeide/plugins/com.st.stm32cube.ide.mcu.externaltools.gnu-tools-for-stm32.9-2020-q2-update.win32_2.0.0.202105311346/tools/bin/../lib/gcc/arm-none-eabi/9.3.1/../../../../arm-none-eabi/lib/thumb/v8-m.main+fp/hard\libc_nano.a(lib_a-memset.o)
 .ARM.attributes
                0x0000000000000698       0x22 c:/st/stm32cubeide_1.8.0/stm32cubeide/plugins/com.st.stm32cube.ide.mcu.externaltools.gnu-tools-for-stm32.9-2020-q2-update.win32_2.0.0.202105311346/tools/bin/../lib/gcc/arm-none-eabi/9.3.1/thumb/v8-m.main+fp/hard/crtn.o
OUTPUT(TelemetryBoardFirmware.elf elf32-littlearm)
LOAD linker stubs
LOAD c:/st/stm32cubeide_1.8.0/stm32cubeide/plugins/com.st.stm32cube.ide.mcu.externaltools.gnu-tools-for-stm32.9-2020-q2-update.win32_2.0.0.202105311346/tools/bin/../lib/gcc/arm-none-eabi/9.3.1/../../../../arm-none-eabi/lib/thumb/v8-m.main+fp/hard\libc.a
LOAD c:/st/stm32cubeide_1.8.0/stm32cubeide/plugins/com.st.stm32cube.ide.mcu.externaltools.gnu-tools-for-stm32.9-2020-q2-update.win32_2.0.0.202105311346/tools/bin/../lib/gcc/arm-none-eabi/9.3.1/../../../../arm-none-eabi/lib/thumb/v8-m.main+fp/hard\libm.a
LOAD c:/st/stm32cubeide_1.8.0/stm32cubeide/plugins/com.st.stm32cube.ide.mcu.externaltools.gnu-tools-for-stm32.9-2020-q2-update.win32_2.0.0.202105311346/tools/bin/../lib/gcc/arm-none-eabi/9.3.1/thumb/v8-m.main+fp/hard\libgcc.a

.debug_info     0x0000000000000000    0x1d8f1
 .debug_info    0x0000000000000000     0x1a39 ./Core/Src/main.o
 .debug_info    0x0000000000001a39     0x13ea ./Core/Src/stm32l5xx_hal_msp.o
 .debug_info    0x0000000000002e23      0x7ff ./Core/Src/stm32l5xx_it.o
 .debug_info    0x0000000000003622      0x925 ./Core/Src/system_stm32l5xx.o
 .debug_info    0x0000000000003f47       0x22 ./Core/Startup/startup_stm32l562vetxq.o
 .debug_info    0x0000000000003f69      0xe38 ./Drivers/STM32L5xx_HAL_Driver/Src/stm32l5xx_hal.o
 .debug_info    0x0000000000004da1     0x1313 ./Drivers/STM32L5xx_HAL_Driver/Src/stm32l5xx_hal_cortex.o
 .debug_info    0x00000000000060b4      0x80f ./Drivers/STM32L5xx_HAL_Driver/Src/stm32l5xx_hal_gpio.o
 .debug_info    0x00000000000068c3     0x23bc ./Drivers/STM32L5xx_HAL_Driver/Src/stm32l5xx_hal_i2c.o
 .debug_info    0x0000000000008c7f      0xdf1 ./Drivers/STM32L5xx_HAL_Driver/Src/stm32l5xx_hal_i2c_ex.o
 .debug_info    0x0000000000009a70      0x6ee ./Drivers/STM32L5xx_HAL_Driver/Src/stm32l5xx_hal_icache.o
 .debug_info    0x000000000000a15e     0x153a ./Drivers/STM32L5xx_HAL_Driver/Src/stm32l5xx_hal_pcd.o
 .debug_info    0x000000000000b698      0x9ea ./Drivers/STM32L5xx_HAL_Driver/Src/stm32l5xx_hal_pcd_ex.o
 .debug_info    0x000000000000c082      0xf86 ./Drivers/STM32L5xx_HAL_Driver/Src/stm32l5xx_hal_pwr_ex.o
 .debug_info    0x000000000000d008     0x111e ./Drivers/STM32L5xx_HAL_Driver/Src/stm32l5xx_hal_rcc.o
 .debug_info    0x000000000000e126     0x1345 ./Drivers/STM32L5xx_HAL_Driver/Src/stm32l5xx_hal_rcc_ex.o
 .debug_info    0x000000000000f46b     0x19b7 ./Drivers/STM32L5xx_HAL_Driver/Src/stm32l5xx_hal_spi.o
 .debug_info    0x0000000000010e22     0x190d ./Drivers/STM32L5xx_HAL_Driver/Src/stm32l5xx_ll_usb.o
 .debug_info    0x000000000001272f     0x1abd ./Middlewares/ST/STM32_USB_Device_Library/Class/CDC/Src/usbd_cdc.o
 .debug_info    0x00000000000141ec     0x1483 ./Middlewares/ST/STM32_USB_Device_Library/Core/Src/usbd_core.o
 .debug_info    0x000000000001566f     0x144f ./Middlewares/ST/STM32_USB_Device_Library/Core/Src/usbd_ctlreq.o
 .debug_info    0x0000000000016abe     0x1171 ./Middlewares/ST/STM32_USB_Device_Library/Core/Src/usbd_ioreq.o
 .debug_info    0x0000000000017c2f     0x10da ./USB_Device/App/usb_device.o
 .debug_info    0x0000000000018d09     0x130b ./USB_Device/App/usbd_cdc_if.o
 .debug_info    0x000000000001a014      0xecd ./USB_Device/App/usbd_desc.o
 .debug_info    0x000000000001aee1     0x2a10 ./USB_Device/Target/usbd_conf.o

.debug_abbrev   0x0000000000000000     0x3d51
 .debug_abbrev  0x0000000000000000      0x2d5 ./Core/Src/main.o
 .debug_abbrev  0x00000000000002d5      0x204 ./Core/Src/stm32l5xx_hal_msp.o
 .debug_abbrev  0x00000000000004d9      0x173 ./Core/Src/stm32l5xx_it.o
 .debug_abbrev  0x000000000000064c      0x176 ./Core/Src/system_stm32l5xx.o
 .debug_abbrev  0x00000000000007c2       0x12 ./Core/Startup/startup_stm32l562vetxq.o
 .debug_abbrev  0x00000000000007d4      0x29d ./Drivers/STM32L5xx_HAL_Driver/Src/stm32l5xx_hal.o
 .debug_abbrev  0x0000000000000a71      0x343 ./Drivers/STM32L5xx_HAL_Driver/Src/stm32l5xx_hal_cortex.o
 .debug_abbrev  0x0000000000000db4      0x1df ./Drivers/STM32L5xx_HAL_Driver/Src/stm32l5xx_hal_gpio.o
 .debug_abbrev  0x0000000000000f93      0x256 ./Drivers/STM32L5xx_HAL_Driver/Src/stm32l5xx_hal_i2c.o
 .debug_abbrev  0x00000000000011e9      0x1fd ./Drivers/STM32L5xx_HAL_Driver/Src/stm32l5xx_hal_i2c_ex.o
 .debug_abbrev  0x00000000000013e6      0x240 ./Drivers/STM32L5xx_HAL_Driver/Src/stm32l5xx_hal_icache.o
 .debug_abbrev  0x0000000000001626      0x29e ./Drivers/STM32L5xx_HAL_Driver/Src/stm32l5xx_hal_pcd.o
 .debug_abbrev  0x00000000000018c4      0x219 ./Drivers/STM32L5xx_HAL_Driver/Src/stm32l5xx_hal_pcd_ex.o
 .debug_abbrev  0x0000000000001add      0x283 ./Drivers/STM32L5xx_HAL_Driver/Src/stm32l5xx_hal_pwr_ex.o
 .debug_abbrev  0x0000000000001d60      0x2a6 ./Drivers/STM32L5xx_HAL_Driver/Src/stm32l5xx_hal_rcc.o
 .debug_abbrev  0x0000000000002006      0x288 ./Drivers/STM32L5xx_HAL_Driver/Src/stm32l5xx_hal_rcc_ex.o
 .debug_abbrev  0x000000000000228e      0x254 ./Drivers/STM32L5xx_HAL_Driver/Src/stm32l5xx_hal_spi.o
 .debug_abbrev  0x00000000000024e2      0x25c ./Drivers/STM32L5xx_HAL_Driver/Src/stm32l5xx_ll_usb.o
 .debug_abbrev  0x000000000000273e      0x2ed ./Middlewares/ST/STM32_USB_Device_Library/Class/CDC/Src/usbd_cdc.o
 .debug_abbrev  0x0000000000002a2b      0x2b7 ./Middlewares/ST/STM32_USB_Device_Library/Core/Src/usbd_core.o
 .debug_abbrev  0x0000000000002ce2      0x2fc ./Middlewares/ST/STM32_USB_Device_Library/Core/Src/usbd_ctlreq.o
 .debug_abbrev  0x0000000000002fde      0x22a ./Middlewares/ST/STM32_USB_Device_Library/Core/Src/usbd_ioreq.o
 .debug_abbrev  0x0000000000003208      0x204 ./USB_Device/App/usb_device.o
 .debug_abbrev  0x000000000000340c      0x30c ./USB_Device/App/usbd_cdc_if.o
 .debug_abbrev  0x0000000000003718      0x2d9 ./USB_Device/App/usbd_desc.o
 .debug_abbrev  0x00000000000039f1      0x360 ./USB_Device/Target/usbd_conf.o

.debug_aranges  0x0000000000000000     0x1320
 .debug_aranges
                0x0000000000000000       0x60 ./Core/Src/main.o
 .debug_aranges
                0x0000000000000060       0x40 ./Core/Src/stm32l5xx_hal_msp.o
 .debug_aranges
                0x00000000000000a0       0x68 ./Core/Src/stm32l5xx_it.o
 .debug_aranges
                0x0000000000000108       0x28 ./Core/Src/system_stm32l5xx.o
 .debug_aranges
                0x0000000000000130       0x28 ./Core/Startup/startup_stm32l562vetxq.o
 .debug_aranges
                0x0000000000000158      0x130 ./Drivers/STM32L5xx_HAL_Driver/Src/stm32l5xx_hal.o
 .debug_aranges
                0x0000000000000288      0x130 ./Drivers/STM32L5xx_HAL_Driver/Src/stm32l5xx_hal_cortex.o
 .debug_aranges
                0x00000000000003b8       0x60 ./Drivers/STM32L5xx_HAL_Driver/Src/stm32l5xx_hal_gpio.o
 .debug_aranges
                0x0000000000000418      0x290 ./Drivers/STM32L5xx_HAL_Driver/Src/stm32l5xx_hal_i2c.o
 .debug_aranges
                0x00000000000006a8       0x48 ./Drivers/STM32L5xx_HAL_Driver/Src/stm32l5xx_hal_i2c_ex.o
 .debug_aranges
                0x00000000000006f0       0xa0 ./Drivers/STM32L5xx_HAL_Driver/Src/stm32l5xx_hal_icache.o
 .debug_aranges
                0x0000000000000790      0x130 ./Drivers/STM32L5xx_HAL_Driver/Src/stm32l5xx_hal_pcd.o
 .debug_aranges
                0x00000000000008c0       0x58 ./Drivers/STM32L5xx_HAL_Driver/Src/stm32l5xx_hal_pcd_ex.o
 .debug_aranges
                0x0000000000000918      0x1b8 ./Drivers/STM32L5xx_HAL_Driver/Src/stm32l5xx_hal_pwr_ex.o
 .debug_aranges
                0x0000000000000ad0       0xa0 ./Drivers/STM32L5xx_HAL_Driver/Src/stm32l5xx_hal_rcc.o
 .debug_aranges
                0x0000000000000b70      0x118 ./Drivers/STM32L5xx_HAL_Driver/Src/stm32l5xx_hal_rcc_ex.o
 .debug_aranges
                0x0000000000000c88      0x1d8 ./Drivers/STM32L5xx_HAL_Driver/Src/stm32l5xx_hal_spi.o
 .debug_aranges
                0x0000000000000e60       0xb0 ./Drivers/STM32L5xx_HAL_Driver/Src/stm32l5xx_ll_usb.o
 .debug_aranges
                0x0000000000000f10       0x90 ./Middlewares/ST/STM32_USB_Device_Library/Class/CDC/Src/usbd_cdc.o
 .debug_aranges
                0x0000000000000fa0       0xb8 ./Middlewares/ST/STM32_USB_Device_Library/Core/Src/usbd_core.o
 .debug_aranges
                0x0000000000001058       0x90 ./Middlewares/ST/STM32_USB_Device_Library/Core/Src/usbd_ctlreq.o
 .debug_aranges
                0x00000000000010e8       0x50 ./Middlewares/ST/STM32_USB_Device_Library/Core/Src/usbd_ioreq.o
 .debug_aranges
                0x0000000000001138       0x20 ./USB_Device/App/usb_device.o
 .debug_aranges
                0x0000000000001158       0x48 ./USB_Device/App/usbd_cdc_if.o
 .debug_aranges
                0x00000000000011a0       0x60 ./USB_Device/App/usbd_desc.o
 .debug_aranges
                0x0000000000001200      0x120 ./USB_Device/Target/usbd_conf.o

.debug_ranges   0x0000000000000000     0x1188
 .debug_ranges  0x0000000000000000       0x50 ./Core/Src/main.o
 .debug_ranges  0x0000000000000050       0x30 ./Core/Src/stm32l5xx_hal_msp.o
 .debug_ranges  0x0000000000000080       0x58 ./Core/Src/stm32l5xx_it.o
 .debug_ranges  0x00000000000000d8       0x18 ./Core/Src/system_stm32l5xx.o
 .debug_ranges  0x00000000000000f0       0x20 ./Core/Startup/startup_stm32l562vetxq.o
 .debug_ranges  0x0000000000000110      0x120 ./Drivers/STM32L5xx_HAL_Driver/Src/stm32l5xx_hal.o
 .debug_ranges  0x0000000000000230      0x120 ./Drivers/STM32L5xx_HAL_Driver/Src/stm32l5xx_hal_cortex.o
 .debug_ranges  0x0000000000000350       0x50 ./Drivers/STM32L5xx_HAL_Driver/Src/stm32l5xx_hal_gpio.o
 .debug_ranges  0x00000000000003a0      0x280 ./Drivers/STM32L5xx_HAL_Driver/Src/stm32l5xx_hal_i2c.o
 .debug_ranges  0x0000000000000620       0x38 ./Drivers/STM32L5xx_HAL_Driver/Src/stm32l5xx_hal_i2c_ex.o
 .debug_ranges  0x0000000000000658       0x90 ./Drivers/STM32L5xx_HAL_Driver/Src/stm32l5xx_hal_icache.o
 .debug_ranges  0x00000000000006e8      0x120 ./Drivers/STM32L5xx_HAL_Driver/Src/stm32l5xx_hal_pcd.o
 .debug_ranges  0x0000000000000808       0x48 ./Drivers/STM32L5xx_HAL_Driver/Src/stm32l5xx_hal_pcd_ex.o
 .debug_ranges  0x0000000000000850      0x1a8 ./Drivers/STM32L5xx_HAL_Driver/Src/stm32l5xx_hal_pwr_ex.o
 .debug_ranges  0x00000000000009f8       0x90 ./Drivers/STM32L5xx_HAL_Driver/Src/stm32l5xx_hal_rcc.o
 .debug_ranges  0x0000000000000a88      0x108 ./Drivers/STM32L5xx_HAL_Driver/Src/stm32l5xx_hal_rcc_ex.o
 .debug_ranges  0x0000000000000b90      0x1c8 ./Drivers/STM32L5xx_HAL_Driver/Src/stm32l5xx_hal_spi.o
 .debug_ranges  0x0000000000000d58       0xa0 ./Drivers/STM32L5xx_HAL_Driver/Src/stm32l5xx_ll_usb.o
 .debug_ranges  0x0000000000000df8       0x80 ./Middlewares/ST/STM32_USB_Device_Library/Class/CDC/Src/usbd_cdc.o
 .debug_ranges  0x0000000000000e78       0xa8 ./Middlewares/ST/STM32_USB_Device_Library/Core/Src/usbd_core.o
 .debug_ranges  0x0000000000000f20       0x80 ./Middlewares/ST/STM32_USB_Device_Library/Core/Src/usbd_ctlreq.o
 .debug_ranges  0x0000000000000fa0       0x40 ./Middlewares/ST/STM32_USB_Device_Library/Core/Src/usbd_ioreq.o
 .debug_ranges  0x0000000000000fe0       0x10 ./USB_Device/App/usb_device.o
 .debug_ranges  0x0000000000000ff0       0x38 ./USB_Device/App/usbd_cdc_if.o
 .debug_ranges  0x0000000000001028       0x50 ./USB_Device/App/usbd_desc.o
 .debug_ranges  0x0000000000001078      0x110 ./USB_Device/Target/usbd_conf.o

.debug_macro    0x0000000000000000    0x2be3b
 .debug_macro   0x0000000000000000      0x3f6 ./Core/Src/main.o
 .debug_macro   0x00000000000003f6      0xaae ./Core/Src/main.o
 .debug_macro   0x0000000000000ea4      0x196 ./Core/Src/main.o
 .debug_macro   0x000000000000103a       0x2e ./Core/Src/main.o
 .debug_macro   0x0000000000001068       0x42 ./Core/Src/main.o
 .debug_macro   0x00000000000010aa       0x22 ./Core/Src/main.o
 .debug_macro   0x00000000000010cc       0x8e ./Core/Src/main.o
 .debug_macro   0x000000000000115a       0x51 ./Core/Src/main.o
 .debug_macro   0x00000000000011ab      0x103 ./Core/Src/main.o
 .debug_macro   0x00000000000012ae       0x6a ./Core/Src/main.o
 .debug_macro   0x0000000000001318      0x1df ./Core/Src/main.o
 .debug_macro   0x00000000000014f7       0x1c ./Core/Src/main.o
 .debug_macro   0x0000000000001513       0x29 ./Core/Src/main.o
 .debug_macro   0x000000000000153c      0x101 ./Core/Src/main.o
 .debug_macro   0x000000000000163d     0x1336 ./Core/Src/main.o
 .debug_macro   0x0000000000002973       0x5e ./Core/Src/main.o
 .debug_macro   0x00000000000029d1    0x1bc93 ./Core/Src/main.o
 .debug_macro   0x000000000001e664       0x42 ./Core/Src/main.o
 .debug_macro   0x000000000001e6a6     0x34df ./Core/Src/main.o
 .debug_macro   0x0000000000021b85      0x174 ./Core/Src/main.o
 .debug_macro   0x0000000000021cf9       0x5c ./Core/Src/main.o
 .debug_macro   0x0000000000021d55     0x198e ./Core/Src/main.o
 .debug_macro   0x00000000000236e3      0xa4b ./Core/Src/main.o
 .debug_macro   0x000000000002412e      0x153 ./Core/Src/main.o
 .debug_macro   0x0000000000024281      0x1d9 ./Core/Src/main.o
 .debug_macro   0x000000000002445a      0x4e1 ./Core/Src/main.o
 .debug_macro   0x000000000002493b      0x1ac ./Core/Src/main.o
 .debug_macro   0x0000000000024ae7       0x4a ./Core/Src/main.o
 .debug_macro   0x0000000000024b31      0x1ba ./Core/Src/main.o
 .debug_macro   0x0000000000024ceb      0x231 ./Core/Src/main.o
 .debug_macro   0x0000000000024f1c      0x3bb ./Core/Src/main.o
 .debug_macro   0x00000000000252d7       0x36 ./Core/Src/main.o
 .debug_macro   0x000000000002530d      0x11c ./Core/Src/main.o
 .debug_macro   0x0000000000025429      0x22c ./Core/Src/main.o
 .debug_macro   0x0000000000025655       0x5b ./Core/Src/main.o
 .debug_macro   0x00000000000256b0       0xa5 ./Core/Src/main.o
 .debug_macro   0x0000000000025755       0xf3 ./Core/Src/main.o
 .debug_macro   0x0000000000025848       0x65 ./Core/Src/main.o
 .debug_macro   0x00000000000258ad      0x234 ./Core/Src/main.o
 .debug_macro   0x0000000000025ae1      0x199 ./Core/Src/main.o
 .debug_macro   0x0000000000025c7a      0x487 ./Core/Src/main.o
 .debug_macro   0x0000000000026101      0x2fe ./Core/Src/main.o
 .debug_macro   0x00000000000263ff      0x3f1 ./Core/Src/main.o
 .debug_macro   0x00000000000267f0       0x52 ./Core/Src/main.o
 .debug_macro   0x0000000000026842       0x18 ./Core/Src/main.o
 .debug_macro   0x000000000002685a       0x3c ./Core/Src/main.o
 .debug_macro   0x0000000000026896       0x34 ./Core/Src/main.o
 .debug_macro   0x00000000000268ca       0x16 ./Core/Src/main.o
 .debug_macro   0x00000000000268e0       0x35 ./Core/Src/main.o
 .debug_macro   0x0000000000026915      0x333 ./Core/Src/main.o
 .debug_macro   0x0000000000026c48       0x10 ./Core/Src/main.o
 .debug_macro   0x0000000000026c58       0x16 ./Core/Src/main.o
 .debug_macro   0x0000000000026c6e       0x43 ./Core/Src/main.o
 .debug_macro   0x0000000000026cb1       0x34 ./Core/Src/main.o
 .debug_macro   0x0000000000026ce5       0x10 ./Core/Src/main.o
 .debug_macro   0x0000000000026cf5       0x58 ./Core/Src/main.o
 .debug_macro   0x0000000000026d4d       0x71 ./Core/Src/main.o
 .debug_macro   0x0000000000026dbe       0x1c ./Core/Src/main.o
 .debug_macro   0x0000000000026dda      0x12a ./Core/Src/main.o
 .debug_macro   0x0000000000026f04       0x10 ./Core/Src/main.o
 .debug_macro   0x0000000000026f14       0x1c ./Core/Src/main.o
 .debug_macro   0x0000000000026f30       0x52 ./Core/Src/main.o
 .debug_macro   0x0000000000026f82       0x22 ./Core/Src/main.o
 .debug_macro   0x0000000000026fa4       0x10 ./Core/Src/main.o
 .debug_macro   0x0000000000026fb4       0x40 ./Core/Src/main.o
 .debug_macro   0x0000000000026ff4       0xd5 ./Core/Src/main.o
 .debug_macro   0x00000000000270c9       0x1c ./Core/Src/main.o
 .debug_macro   0x00000000000270e5       0x3d ./Core/Src/main.o
 .debug_macro   0x0000000000027122       0x16 ./Core/Src/main.o
 .debug_macro   0x0000000000027138      0x145 ./Core/Src/main.o
 .debug_macro   0x000000000002727d       0x16 ./Core/Src/main.o
 .debug_macro   0x0000000000027293       0x16 ./Core/Src/main.o
 .debug_macro   0x00000000000272a9       0x29 ./Core/Src/main.o
 .debug_macro   0x00000000000272d2       0x16 ./Core/Src/main.o
 .debug_macro   0x00000000000272e8       0x20 ./Core/Src/main.o
 .debug_macro   0x0000000000027308       0x5f ./Core/Src/main.o
 .debug_macro   0x0000000000027367      0x1ef ./Core/Src/main.o
 .debug_macro   0x0000000000027556      0x20b ./Core/Src/stm32l5xx_hal_msp.o
 .debug_macro   0x0000000000027761      0x215 ./Core/Src/stm32l5xx_it.o
 .debug_macro   0x0000000000027976      0x201 ./Core/Src/system_stm32l5xx.o
 .debug_macro   0x0000000000027b77      0x231 ./Drivers/STM32L5xx_HAL_Driver/Src/stm32l5xx_hal.o
 .debug_macro   0x0000000000027da8      0x201 ./Drivers/STM32L5xx_HAL_Driver/Src/stm32l5xx_hal_cortex.o
 .debug_macro   0x0000000000027fa9      0x234 ./Drivers/STM32L5xx_HAL_Driver/Src/stm32l5xx_hal_gpio.o
 .debug_macro   0x00000000000281dd      0x2c6 ./Drivers/STM32L5xx_HAL_Driver/Src/stm32l5xx_hal_i2c.o
 .debug_macro   0x00000000000284a3      0x201 ./Drivers/STM32L5xx_HAL_Driver/Src/stm32l5xx_hal_i2c_ex.o
 .debug_macro   0x00000000000286a4      0x20d ./Drivers/STM32L5xx_HAL_Driver/Src/stm32l5xx_hal_icache.o
 .debug_macro   0x00000000000288b1      0x20d ./Drivers/STM32L5xx_HAL_Driver/Src/stm32l5xx_hal_pcd.o
 .debug_macro   0x0000000000028abe      0x201 ./Drivers/STM32L5xx_HAL_Driver/Src/stm32l5xx_hal_pcd_ex.o
 .debug_macro   0x0000000000028cbf      0x231 ./Drivers/STM32L5xx_HAL_Driver/Src/stm32l5xx_hal_pwr_ex.o
 .debug_macro   0x0000000000028ef0      0x22b ./Drivers/STM32L5xx_HAL_Driver/Src/stm32l5xx_hal_rcc.o
 .debug_macro   0x000000000002911b      0x267 ./Drivers/STM32L5xx_HAL_Driver/Src/stm32l5xx_hal_rcc_ex.o
 .debug_macro   0x0000000000029382      0x209 ./Drivers/STM32L5xx_HAL_Driver/Src/stm32l5xx_hal_spi.o
 .debug_macro   0x000000000002958b      0x201 ./Drivers/STM32L5xx_HAL_Driver/Src/stm32l5xx_ll_usb.o
 .debug_macro   0x000000000002978c      0x417 ./Middlewares/ST/STM32_USB_Device_Library/Class/CDC/Src/usbd_cdc.o
 .debug_macro   0x0000000000029ba3       0x97 ./Middlewares/ST/STM32_USB_Device_Library/Class/CDC/Src/usbd_cdc.o
 .debug_macro   0x0000000000029c3a       0xfd ./Middlewares/ST/STM32_USB_Device_Library/Class/CDC/Src/usbd_cdc.o
 .debug_macro   0x0000000000029d37       0xfb ./Middlewares/ST/STM32_USB_Device_Library/Class/CDC/Src/usbd_cdc.o
 .debug_macro   0x0000000000029e32       0x56 ./Middlewares/ST/STM32_USB_Device_Library/Class/CDC/Src/usbd_cdc.o
 .debug_macro   0x0000000000029e88       0x95 ./Middlewares/ST/STM32_USB_Device_Library/Class/CDC/Src/usbd_cdc.o
 .debug_macro   0x0000000000029f1d      0x3fe ./Middlewares/ST/STM32_USB_Device_Library/Core/Src/usbd_core.o
 .debug_macro   0x000000000002a31b      0x1f5 ./Middlewares/ST/STM32_USB_Device_Library/Core/Src/usbd_core.o
 .debug_macro   0x000000000002a510      0x408 ./Middlewares/ST/STM32_USB_Device_Library/Core/Src/usbd_ctlreq.o
 .debug_macro   0x000000000002a918      0x404 ./Middlewares/ST/STM32_USB_Device_Library/Core/Src/usbd_ioreq.o
 .debug_macro   0x000000000002ad1c      0x43d ./USB_Device/App/usb_device.o
 .debug_macro   0x000000000002b159       0x22 ./USB_Device/App/usb_device.o
 .debug_macro   0x000000000002b17b       0x16 ./USB_Device/App/usb_device.o
 .debug_macro   0x000000000002b191      0x422 ./USB_Device/App/usbd_cdc_if.o
 .debug_macro   0x000000000002b5b3       0x10 ./USB_Device/App/usbd_cdc_if.o
 .debug_macro   0x000000000002b5c3      0x43b ./USB_Device/App/usbd_desc.o
 .debug_macro   0x000000000002b9fe       0x1c ./USB_Device/App/usbd_desc.o
 .debug_macro   0x000000000002ba1a      0x421 ./USB_Device/Target/usbd_conf.o

.debug_line     0x0000000000000000    0x18066
 .debug_line    0x0000000000000000      0xbe2 ./Core/Src/main.o
 .debug_line    0x0000000000000be2      0x879 ./Core/Src/stm32l5xx_hal_msp.o
 .debug_line    0x000000000000145b      0x81c ./Core/Src/stm32l5xx_it.o
 .debug_line    0x0000000000001c77      0x7d7 ./Core/Src/system_stm32l5xx.o
 .debug_line    0x000000000000244e       0x88 ./Core/Startup/startup_stm32l562vetxq.o
 .debug_line    0x00000000000024d6      0xb4c ./Drivers/STM32L5xx_HAL_Driver/Src/stm32l5xx_hal.o
 .debug_line    0x0000000000003022      0xd44 ./Drivers/STM32L5xx_HAL_Driver/Src/stm32l5xx_hal_cortex.o
 .debug_line    0x0000000000003d66      0xb93 ./Drivers/STM32L5xx_HAL_Driver/Src/stm32l5xx_hal_gpio.o
 .debug_line    0x00000000000048f9     0x3302 ./Drivers/STM32L5xx_HAL_Driver/Src/stm32l5xx_hal_i2c.o
 .debug_line    0x0000000000007bfb      0x95f ./Drivers/STM32L5xx_HAL_Driver/Src/stm32l5xx_hal_i2c_ex.o
 .debug_line    0x000000000000855a      0xa22 ./Drivers/STM32L5xx_HAL_Driver/Src/stm32l5xx_hal_icache.o
 .debug_line    0x0000000000008f7c     0x12f8 ./Drivers/STM32L5xx_HAL_Driver/Src/stm32l5xx_hal_pcd.o
 .debug_line    0x000000000000a274      0x8b6 ./Drivers/STM32L5xx_HAL_Driver/Src/stm32l5xx_hal_pcd_ex.o
 .debug_line    0x000000000000ab2a      0xef4 ./Drivers/STM32L5xx_HAL_Driver/Src/stm32l5xx_hal_pwr_ex.o
 .debug_line    0x000000000000ba1e     0x1285 ./Drivers/STM32L5xx_HAL_Driver/Src/stm32l5xx_hal_rcc.o
 .debug_line    0x000000000000cca3     0x1ba2 ./Drivers/STM32L5xx_HAL_Driver/Src/stm32l5xx_hal_rcc_ex.o
 .debug_line    0x000000000000e845     0x1f5a ./Drivers/STM32L5xx_HAL_Driver/Src/stm32l5xx_hal_spi.o
 .debug_line    0x000000000001079f     0x1029 ./Drivers/STM32L5xx_HAL_Driver/Src/stm32l5xx_ll_usb.o
 .debug_line    0x00000000000117c8      0xe05 ./Middlewares/ST/STM32_USB_Device_Library/Class/CDC/Src/usbd_cdc.o
 .debug_line    0x00000000000125cd      0xe88 ./Middlewares/ST/STM32_USB_Device_Library/Core/Src/usbd_core.o
 .debug_line    0x0000000000013455     0x1125 ./Middlewares/ST/STM32_USB_Device_Library/Core/Src/usbd_ctlreq.o
 .debug_line    0x000000000001457a      0xadf ./Middlewares/ST/STM32_USB_Device_Library/Core/Src/usbd_ioreq.o
 .debug_line    0x0000000000015059      0xa9b ./USB_Device/App/usb_device.o
 .debug_line    0x0000000000015af4      0xafe ./USB_Device/App/usbd_cdc_if.o
 .debug_line    0x00000000000165f2      0xb64 ./USB_Device/App/usbd_desc.o
 .debug_line    0x0000000000017156      0xf10 ./USB_Device/Target/usbd_conf.o

.debug_str      0x0000000000000000   0x105a7e
 .debug_str     0x0000000000000000    0xffcf4 ./Core/Src/main.o
                                     0x100151 (size before relaxing)
 .debug_str     0x00000000000ffcf4      0x391 ./Core/Src/stm32l5xx_hal_msp.o
                                      0xfb71b (size before relaxing)
 .debug_str     0x0000000000100085      0x3a9 ./Core/Src/stm32l5xx_it.o
                                      0xfae38 (size before relaxing)
 .debug_str     0x000000000010042e      0x148 ./Core/Src/system_stm32l5xx.o
                                      0xfacf7 (size before relaxing)
 .debug_str     0x0000000000100576       0x37 ./Core/Startup/startup_stm32l562vetxq.o
                                         0x6e (size before relaxing)
 .debug_str     0x00000000001005ad      0xaf0 ./Drivers/STM32L5xx_HAL_Driver/Src/stm32l5xx_hal.o
                                      0xfb7d1 (size before relaxing)
 .debug_str     0x000000000010109d      0x3fe ./Drivers/STM32L5xx_HAL_Driver/Src/stm32l5xx_hal_cortex.o
                                      0xfb6bc (size before relaxing)
 .debug_str     0x000000000010149b      0x2aa ./Drivers/STM32L5xx_HAL_Driver/Src/stm32l5xx_hal_gpio.o
                                      0xfad87 (size before relaxing)
 .debug_str     0x0000000000101745      0xd38 ./Drivers/STM32L5xx_HAL_Driver/Src/stm32l5xx_hal_i2c.o
                                      0xfbe41 (size before relaxing)
 .debug_str     0x000000000010247d       0xb8 ./Drivers/STM32L5xx_HAL_Driver/Src/stm32l5xx_hal_i2c_ex.o
                                      0xfb2d1 (size before relaxing)
 .debug_str     0x0000000000102535      0x2ed ./Drivers/STM32L5xx_HAL_Driver/Src/stm32l5xx_hal_icache.o
                                      0xfad7e (size before relaxing)
 .debug_str     0x0000000000102822      0x3d8 ./Drivers/STM32L5xx_HAL_Driver/Src/stm32l5xx_hal_pcd.o
                                      0xfb1b4 (size before relaxing)
 .debug_str     0x0000000000102bfa      0x1c6 ./Drivers/STM32L5xx_HAL_Driver/Src/stm32l5xx_hal_pcd_ex.o
                                      0xfaf8c (size before relaxing)
 .debug_str     0x0000000000102dc0      0x73a ./Drivers/STM32L5xx_HAL_Driver/Src/stm32l5xx_hal_pwr_ex.o
                                      0xfb472 (size before relaxing)
 .debug_str     0x00000000001034fa      0x3f8 ./Drivers/STM32L5xx_HAL_Driver/Src/stm32l5xx_hal_rcc.o
                                      0xfb2a8 (size before relaxing)
 .debug_str     0x00000000001038f2      0x7b3 ./Drivers/STM32L5xx_HAL_Driver/Src/stm32l5xx_hal_rcc_ex.o
                                      0xfb816 (size before relaxing)
 .debug_str     0x00000000001040a5      0x571 ./Drivers/STM32L5xx_HAL_Driver/Src/stm32l5xx_hal_spi.o
                                      0xfb4e3 (size before relaxing)
 .debug_str     0x0000000000104616      0x1f6 ./Drivers/STM32L5xx_HAL_Driver/Src/stm32l5xx_ll_usb.o
                                      0xfaeaa (size before relaxing)
 .debug_str     0x000000000010480c      0x931 ./Middlewares/ST/STM32_USB_Device_Library/Class/CDC/Src/usbd_cdc.o
                                     0x10033b (size before relaxing)
 .debug_str     0x000000000010513d      0x1a9 ./Middlewares/ST/STM32_USB_Device_Library/Core/Src/usbd_core.o
                                      0xffbef (size before relaxing)
 .debug_str     0x00000000001052e6      0x15b ./Middlewares/ST/STM32_USB_Device_Library/Core/Src/usbd_ctlreq.o
                                      0xffbad (size before relaxing)
 .debug_str     0x0000000000105441       0xc9 ./Middlewares/ST/STM32_USB_Device_Library/Core/Src/usbd_ioreq.o
                                      0xffafd (size before relaxing)
 .debug_str     0x000000000010550a      0x119 ./USB_Device/App/usb_device.o
                                      0xffe8d (size before relaxing)
 .debug_str     0x0000000000105623       0x9a ./USB_Device/App/usbd_cdc_if.o
                                      0xffede (size before relaxing)
 .debug_str     0x00000000001056bd      0x254 ./USB_Device/App/usbd_desc.o
                                      0xffa36 (size before relaxing)
 .debug_str     0x0000000000105911      0x16d ./USB_Device/Target/usbd_conf.o
                                     0x100fc8 (size before relaxing)

.comment        0x0000000000000000       0x53
 .comment       0x0000000000000000       0x53 ./Core/Src/main.o
                                         0x54 (size before relaxing)
 .comment       0x0000000000000053       0x54 ./Core/Src/stm32l5xx_hal_msp.o
 .comment       0x0000000000000053       0x54 ./Core/Src/stm32l5xx_it.o
 .comment       0x0000000000000053       0x54 ./Core/Src/system_stm32l5xx.o
 .comment       0x0000000000000053       0x54 ./Drivers/STM32L5xx_HAL_Driver/Src/stm32l5xx_hal.o
 .comment       0x0000000000000053       0x54 ./Drivers/STM32L5xx_HAL_Driver/Src/stm32l5xx_hal_cortex.o
 .comment       0x0000000000000053       0x54 ./Drivers/STM32L5xx_HAL_Driver/Src/stm32l5xx_hal_gpio.o
 .comment       0x0000000000000053       0x54 ./Drivers/STM32L5xx_HAL_Driver/Src/stm32l5xx_hal_i2c.o
 .comment       0x0000000000000053       0x54 ./Drivers/STM32L5xx_HAL_Driver/Src/stm32l5xx_hal_i2c_ex.o
 .comment       0x0000000000000053       0x54 ./Drivers/STM32L5xx_HAL_Driver/Src/stm32l5xx_hal_icache.o
 .comment       0x0000000000000053       0x54 ./Drivers/STM32L5xx_HAL_Driver/Src/stm32l5xx_hal_pcd.o
 .comment       0x0000000000000053       0x54 ./Drivers/STM32L5xx_HAL_Driver/Src/stm32l5xx_hal_pcd_ex.o
 .comment       0x0000000000000053       0x54 ./Drivers/STM32L5xx_HAL_Driver/Src/stm32l5xx_hal_pwr_ex.o
 .comment       0x0000000000000053       0x54 ./Drivers/STM32L5xx_HAL_Driver/Src/stm32l5xx_hal_rcc.o
 .comment       0x0000000000000053       0x54 ./Drivers/STM32L5xx_HAL_Driver/Src/stm32l5xx_hal_rcc_ex.o
 .comment       0x0000000000000053       0x54 ./Drivers/STM32L5xx_HAL_Driver/Src/stm32l5xx_hal_spi.o
 .comment       0x0000000000000053       0x54 ./Drivers/STM32L5xx_HAL_Driver/Src/stm32l5xx_ll_usb.o
 .comment       0x0000000000000053       0x54 ./Middlewares/ST/STM32_USB_Device_Library/Class/CDC/Src/usbd_cdc.o
 .comment       0x0000000000000053       0x54 ./Middlewares/ST/STM32_USB_Device_Library/Core/Src/usbd_core.o
 .comment       0x0000000000000053       0x54 ./Middlewares/ST/STM32_USB_Device_Library/Core/Src/usbd_ctlreq.o
 .comment       0x0000000000000053       0x54 ./Middlewares/ST/STM32_USB_Device_Library/Core/Src/usbd_ioreq.o
 .comment       0x0000000000000053       0x54 ./USB_Device/App/usb_device.o
 .comment       0x0000000000000053       0x54 ./USB_Device/App/usbd_cdc_if.o
 .comment       0x0000000000000053       0x54 ./USB_Device/App/usbd_desc.o
 .comment       0x0000000000000053       0x54 ./USB_Device/Target/usbd_conf.o

.debug_frame    0x0000000000000000     0x4dec
 .debug_frame   0x0000000000000000      0x11c ./Core/Src/main.o
 .debug_frame   0x000000000000011c       0xc8 ./Core/Src/stm32l5xx_hal_msp.o
 .debug_frame   0x00000000000001e4      0x120 ./Core/Src/stm32l5xx_it.o
 .debug_frame   0x0000000000000304       0x58 ./Core/Src/system_stm32l5xx.o
 .debug_frame   0x000000000000035c      0x4a4 ./Drivers/STM32L5xx_HAL_Driver/Src/stm32l5xx_hal.o
 .debug_frame   0x0000000000000800      0x508 ./Drivers/STM32L5xx_HAL_Driver/Src/stm32l5xx_hal_cortex.o
 .debug_frame   0x0000000000000d08      0x174 ./Drivers/STM32L5xx_HAL_Driver/Src/stm32l5xx_hal_gpio.o
 .debug_frame   0x0000000000000e7c      0xbe8 ./Drivers/STM32L5xx_HAL_Driver/Src/stm32l5xx_hal_i2c.o
 .debug_frame   0x0000000000001a64      0x100 ./Drivers/STM32L5xx_HAL_Driver/Src/stm32l5xx_hal_i2c_ex.o
 .debug_frame   0x0000000000001b64      0x280 ./Drivers/STM32L5xx_HAL_Driver/Src/stm32l5xx_hal_icache.o
 .debug_frame   0x0000000000001de4      0x554 ./Drivers/STM32L5xx_HAL_Driver/Src/stm32l5xx_hal_pcd.o
 .debug_frame   0x0000000000002338      0x14c ./Drivers/STM32L5xx_HAL_Driver/Src/stm32l5xx_hal_pcd_ex.o
 .debug_frame   0x0000000000002484      0x6fc ./Drivers/STM32L5xx_HAL_Driver/Src/stm32l5xx_hal_pwr_ex.o
 .debug_frame   0x0000000000002b80      0x270 ./Drivers/STM32L5xx_HAL_Driver/Src/stm32l5xx_hal_rcc.o
 .debug_frame   0x0000000000002df0      0x48c ./Drivers/STM32L5xx_HAL_Driver/Src/stm32l5xx_hal_rcc_ex.o
 .debug_frame   0x000000000000327c      0x860 ./Drivers/STM32L5xx_HAL_Driver/Src/stm32l5xx_hal_spi.o
 .debug_frame   0x0000000000003adc      0x310 ./Drivers/STM32L5xx_HAL_Driver/Src/stm32l5xx_ll_usb.o
 .debug_frame   0x0000000000003dec      0x248 ./Middlewares/ST/STM32_USB_Device_Library/Class/CDC/Src/usbd_cdc.o
 .debug_frame   0x0000000000004034      0x2f4 ./Middlewares/ST/STM32_USB_Device_Library/Core/Src/usbd_core.o
 .debug_frame   0x0000000000004328      0x23c ./Middlewares/ST/STM32_USB_Device_Library/Core/Src/usbd_ctlreq.o
 .debug_frame   0x0000000000004564      0x10c ./Middlewares/ST/STM32_USB_Device_Library/Core/Src/usbd_ioreq.o
 .debug_frame   0x0000000000004670       0x2c ./USB_Device/App/usb_device.o
 .debug_frame   0x000000000000469c       0xe4 ./USB_Device/App/usbd_cdc_if.o
 .debug_frame   0x0000000000004780      0x160 ./USB_Device/App/usbd_desc.o
 .debug_frame   0x00000000000048e0      0x4c0 ./USB_Device/Target/usbd_conf.o
 .debug_frame   0x0000000000004da0       0x2c c:/st/stm32cubeide_1.8.0/stm32cubeide/plugins/com.st.stm32cube.ide.mcu.externaltools.gnu-tools-for-stm32.9-2020-q2-update.win32_2.0.0.202105311346/tools/bin/../lib/gcc/arm-none-eabi/9.3.1/../../../../arm-none-eabi/lib/thumb/v8-m.main+fp/hard\libc_nano.a(lib_a-init.o)