../Drivers/STM32L5xx_HAL_Driver/Src/stm32l5xx_hal_rcc_ex.c:146:19:HAL_RCCEx_PeriphCLKConfig	40	static
../Drivers/STM32L5xx_HAL_Driver/Src/stm32l5xx_hal_rcc_ex.c:689:6:HAL_RCCEx_GetPeriphCLKConfig	16	static
../Drivers/STM32L5xx_HAL_Driver/Src/stm32l5xx_hal_rcc_ex.c:816:10:HAL_RCCEx_GetPeriphCLKFreq	40	static
../Drivers/STM32L5xx_HAL_Driver/Src/stm32l5xx_hal_rcc_ex.c:1626:19:HAL_RCCEx_EnablePLLSAI1	24	static
../Drivers/STM32L5xx_HAL_Driver/Src/stm32l5xx_hal_rcc_ex.c:1703:19:HAL_RCCEx_DisablePLLSAI1	16	static
../Drivers/STM32L5xx_HAL_Driver/Src/stm32l5xx_hal_rcc_ex.c:1741:19:HAL_RCCEx_EnablePLLSAI2	24	static
../Drivers/STM32L5xx_HAL_Driver/Src/stm32l5xx_hal_rcc_ex.c:1816:19:HAL_RCCEx_DisablePLLSAI2	16	static
../Drivers/STM32L5xx_HAL_Driver/Src/stm32l5xx_hal_rcc_ex.c:1858:6:HAL_RCCEx_WakeUpStopCLKConfig	16	static
../Drivers/STM32L5xx_HAL_Driver/Src/stm32l5xx_hal_rcc_ex.c:1876:6:HAL_RCCEx_StandbyMSIRangeConfig	16	static
../Drivers/STM32L5xx_HAL_Driver/Src/stm32l5xx_hal_rcc_ex.c:1890:6:HAL_RCCEx_EnableLSECSS	4	static
../Drivers/STM32L5xx_HAL_Driver/Src/stm32l5xx_hal_rcc_ex.c:1900:6:HAL_RCCEx_DisableLSECSS	4	static
../Drivers/STM32L5xx_HAL_Driver/Src/stm32l5xx_hal_rcc_ex.c:1909:6:HAL_RCCEx_LSECSS_IRQHandler	8	static
../Drivers/STM32L5xx_HAL_Driver/Src/stm32l5xx_hal_rcc_ex.c:1923:13:HAL_RCCEx_LSECSS_Callback	4	static
../Drivers/STM32L5xx_HAL_Driver/Src/stm32l5xx_hal_rcc_ex.c:1938:6:HAL_RCCEx_EnableLSCO	48	static
../Drivers/STM32L5xx_HAL_Driver/Src/stm32l5xx_hal_rcc_ex.c:1985:6:HAL_RCCEx_DisableLSCO	16	static
../Drivers/STM32L5xx_HAL_Driver/Src/stm32l5xx_hal_rcc_ex.c:2023:6:HAL_RCCEx_EnableMSIPLLMode	4	static
../Drivers/STM32L5xx_HAL_Driver/Src/stm32l5xx_hal_rcc_ex.c:2034:6:HAL_RCCEx_DisableMSIPLLMode	4	static
../Drivers/STM32L5xx_HAL_Driver/Src/stm32l5xx_hal_rcc_ex.c:2114:6:HAL_RCCEx_CRSConfig	24	static
../Drivers/STM32L5xx_HAL_Driver/Src/stm32l5xx_hal_rcc_ex.c:2156:6:HAL_RCCEx_CRSSoftwareSynchronizationGenerate	4	static
../Drivers/STM32L5xx_HAL_Driver/Src/stm32l5xx_hal_rcc_ex.c:2166:6:HAL_RCCEx_CRSGetSynchronizationInfo	16	static
../Drivers/STM32L5xx_HAL_Driver/Src/stm32l5xx_hal_rcc_ex.c:2199:10:HAL_RCCEx_CRSWaitSynchronization	32	static
../Drivers/STM32L5xx_HAL_Driver/Src/stm32l5xx_hal_rcc_ex.c:2288:6:HAL_RCCEx_CRS_IRQHandler	24	static
../Drivers/STM32L5xx_HAL_Driver/Src/stm32l5xx_hal_rcc_ex.c:2353:13:HAL_RCCEx_CRS_SyncOkCallback	4	static
../Drivers/STM32L5xx_HAL_Driver/Src/stm32l5xx_hal_rcc_ex.c:2364:13:HAL_RCCEx_CRS_SyncWarnCallback	4	static
../Drivers/STM32L5xx_HAL_Driver/Src/stm32l5xx_hal_rcc_ex.c:2375:13:HAL_RCCEx_CRS_ExpectedSyncCallback	4	static
../Drivers/STM32L5xx_HAL_Driver/Src/stm32l5xx_hal_rcc_ex.c:2391:13:HAL_RCCEx_CRS_ErrorCallback	16	static
../Drivers/STM32L5xx_HAL_Driver/Src/stm32l5xx_hal_rcc_ex.c:2415:26:RCCEx_PLLSource_Enable	24	static
../Drivers/STM32L5xx_HAL_Driver/Src/stm32l5xx_hal_rcc_ex.c:2522:26:RCCEx_PLLSAI1_Config	24	static
../Drivers/STM32L5xx_HAL_Driver/Src/stm32l5xx_hal_rcc_ex.c:2662:26:RCCEx_PLLSAI2_Config	24	static
../Drivers/STM32L5xx_HAL_Driver/Src/stm32l5xx_hal_rcc_ex.c:2773:17:RCCEx_PLLSAI1_GetVCOFreq	16	static
../Drivers/STM32L5xx_HAL_Driver/Src/stm32l5xx_hal_rcc_ex.c:2822:17:RCCEx_PLLSAI2_GetVCOFreq	16	static
../Drivers/STM32L5xx_HAL_Driver/Src/stm32l5xx_hal_rcc_ex.c:2876:17:RCCEx_GetSAIxPeriphCLKFreq	40	static
