../Drivers/STM32L5xx_HAL_Driver/Src/stm32l5xx_hal_exti.c:139:19:HAL_EXTI_SetConfigLine	40	static
../Drivers/STM32L5xx_HAL_Driver/Src/stm32l5xx_hal_exti.c:261:19:HAL_EXTI_GetConfigLine	40	static
../Drivers/STM32L5xx_HAL_Driver/Src/stm32l5xx_hal_exti.c:355:19:HAL_EXTI_ClearConfigLine	40	static
../Drivers/STM32L5xx_HAL_Driver/Src/stm32l5xx_hal_exti.c:421:19:HAL_EXTI_RegisterCallback	32	static
../Drivers/STM32L5xx_HAL_Driver/Src/stm32l5xx_hal_exti.c:456:19:HAL_EXTI_GetHandle	16	static
../Drivers/STM32L5xx_HAL_Driver/Src/stm32l5xx_hal_exti.c:495:6:HAL_EXTI_IRQHandler	32	static
../Drivers/STM32L5xx_HAL_Driver/Src/stm32l5xx_hal_exti.c:549:10:HAL_EXTI_GetPending	40	static
../Drivers/STM32L5xx_HAL_Driver/Src/stm32l5xx_hal_exti.c:593:6:HAL_EXTI_ClearPending	32	static
../Drivers/STM32L5xx_HAL_Driver/Src/stm32l5xx_hal_exti.c:629:6:HAL_EXTI_GenerateSWI	32	static
../Drivers/STM32L5xx_HAL_Driver/Src/stm32l5xx_hal_exti.c:680:6:HAL_EXTI_ConfigLineAttributes	40	static
../Drivers/STM32L5xx_HAL_Driver/Src/stm32l5xx_hal_exti.c:753:19:HAL_EXTI_GetConfigLineAttributes	40	static
