../Drivers/STM32L5xx_HAL_Driver/Src/stm32l5xx_hal_icache.c:164:19:HAL_ICACHE_ConfigAssociativityMode	24	static
../Drivers/STM32L5xx_HAL_Driver/Src/stm32l5xx_hal_icache.c:188:19:HAL_ICACHE_DeInit	16	static
../Drivers/STM32L5xx_HAL_Driver/Src/stm32l5xx_hal_icache.c:221:19:HAL_ICACHE_Enable	4	static
../Drivers/STM32L5xx_HAL_Driver/Src/stm32l5xx_hal_icache.c:234:19:HAL_ICACHE_Disable	16	static
../Drivers/STM32L5xx_HAL_Driver/Src/stm32l5xx_hal_icache.c:269:10:HAL_ICACHE_IsEnabled	4	static
../Drivers/STM32L5xx_HAL_Driver/Src/stm32l5xx_hal_icache.c:280:19:HAL_ICACHE_Invalidate	16	static
../Drivers/STM32L5xx_HAL_Driver/Src/stm32l5xx_hal_icache.c:311:19:HAL_ICACHE_Invalidate_IT	16	static
../Drivers/STM32L5xx_HAL_Driver/Src/stm32l5xx_hal_icache.c:340:19:HAL_ICACHE_WaitForInvalidateComplete	16	static
../Drivers/STM32L5xx_HAL_Driver/Src/stm32l5xx_hal_icache.c:382:19:HAL_ICACHE_Monitor_Start	16	static
../Drivers/STM32L5xx_HAL_Driver/Src/stm32l5xx_hal_icache.c:402:19:HAL_ICACHE_Monitor_Stop	16	static
../Drivers/STM32L5xx_HAL_Driver/Src/stm32l5xx_hal_icache.c:421:19:HAL_ICACHE_Monitor_Reset	16	static
../Drivers/STM32L5xx_HAL_Driver/Src/stm32l5xx_hal_icache.c:438:10:HAL_ICACHE_Monitor_GetHitValue	4	static
../Drivers/STM32L5xx_HAL_Driver/Src/stm32l5xx_hal_icache.c:448:10:HAL_ICACHE_Monitor_GetMissValue	4	static
../Drivers/STM32L5xx_HAL_Driver/Src/stm32l5xx_hal_icache.c:478:6:HAL_ICACHE_IRQHandler	16	static
../Drivers/STM32L5xx_HAL_Driver/Src/stm32l5xx_hal_icache.c:514:13:HAL_ICACHE_InvalidateCompleteCallback	4	static
../Drivers/STM32L5xx_HAL_Driver/Src/stm32l5xx_hal_icache.c:524:13:HAL_ICACHE_ErrorCallback	4	static
../Drivers/STM32L5xx_HAL_Driver/Src/stm32l5xx_hal_icache.c:557:20:HAL_ICACHE_EnableRemapRegion	32	static
../Drivers/STM32L5xx_HAL_Driver/Src/stm32l5xx_hal_icache.c:612:20:HAL_ICACHE_DisableRemapRegion	24	static
