../Drivers/STM32L5xx_HAL_Driver/Src/stm32l5xx_hal_rcc.c:240:19:HAL_RCC_DeInit	24	static
../Drivers/STM32L5xx_HAL_Driver/Src/stm32l5xx_hal_rcc.c:429:19:HAL_RCC_OscConfig	40	static
../Drivers/STM32L5xx_HAL_Driver/Src/stm32l5xx_hal_rcc.c:1138:19:HAL_RCC_ClockConfig	32	static
../Drivers/STM32L5xx_HAL_Driver/Src/stm32l5xx_hal_rcc.c:1377:6:HAL_RCC_MCOConfig	48	static
../Drivers/STM32L5xx_HAL_Driver/Src/stm32l5xx_hal_rcc.c:1432:10:HAL_RCC_GetSysClockFreq	40	static
../Drivers/STM32L5xx_HAL_Driver/Src/stm32l5xx_hal_rcc.c:1519:10:HAL_RCC_GetHCLKFreq	8	static
../Drivers/STM32L5xx_HAL_Driver/Src/stm32l5xx_hal_rcc.c:1530:10:HAL_RCC_GetPCLK1Freq	8	static
../Drivers/STM32L5xx_HAL_Driver/Src/stm32l5xx_hal_rcc.c:1542:10:HAL_RCC_GetPCLK2Freq	8	static
../Drivers/STM32L5xx_HAL_Driver/Src/stm32l5xx_hal_rcc.c:1555:6:HAL_RCC_GetOscConfig	16	static
../Drivers/STM32L5xx_HAL_Driver/Src/stm32l5xx_hal_rcc.c:1685:6:HAL_RCC_GetClockConfig	16	static
../Drivers/STM32L5xx_HAL_Driver/Src/stm32l5xx_hal_rcc.c:1720:6:HAL_RCC_EnableCSS	4	static
../Drivers/STM32L5xx_HAL_Driver/Src/stm32l5xx_hal_rcc.c:1730:6:HAL_RCC_NMI_IRQHandler	8	static
../Drivers/STM32L5xx_HAL_Driver/Src/stm32l5xx_hal_rcc.c:1747:13:HAL_RCC_CSSCallback	4	static
../Drivers/STM32L5xx_HAL_Driver/Src/stm32l5xx_hal_rcc.c:1760:10:HAL_RCC_GetResetSource	16	static
../Drivers/STM32L5xx_HAL_Driver/Src/stm32l5xx_hal_rcc.c:1805:6:HAL_RCC_ConfigAttributes	16	static
../Drivers/STM32L5xx_HAL_Driver/Src/stm32l5xx_hal_rcc.c:1852:19:HAL_RCC_GetConfigAttributes	24	static
../Drivers/STM32L5xx_HAL_Driver/Src/stm32l5xx_hal_rcc.c:1914:26:RCC_SetFlashLatencyFromMSIRange	32	static
../Drivers/STM32L5xx_HAL_Driver/Src/stm32l5xx_hal_rcc.c:1990:17:RCC_GetSysClockFreqFromPLLSource	32	static
