stm32l5xx_hal_icache.c:131:19:HAL_ICACHE_ConfigAssociativityMode	0	static
stm32l5xx_hal_icache.c:188:19:HAL_ICACHE_Enable	0	static
stm32l5xx_hal_icache.c:201:19:HAL_ICACHE_Disable	16	static
stm32l5xx_hal_icache.c:269:19:HAL_ICACHE_Invalidate_IT	0	static
stm32l5xx_hal_icache.c:298:19:HAL_ICACHE_WaitForInvalidateComplete	16	static
stm32l5xx_hal_icache.c:238:19:HAL_ICACHE_Invalidate	0	static
stm32l5xx_hal_icache.c:340:19:HAL_ICACHE_Monitor_Start	0	static
stm32l5xx_hal_icache.c:360:19:HAL_ICACHE_Monitor_Stop	0	static
stm32l5xx_hal_icache.c:379:19:HAL_ICACHE_Monitor_Reset	0	static
stm32l5xx_hal_icache.c:396:10:HAL_ICACHE_Monitor_GetHitValue	0	static
stm32l5xx_hal_icache.c:406:10:HAL_ICACHE_Monitor_GetMissValue	0	static
stm32l5xx_hal_icache.c:472:13:HAL_ICACHE_InvalidateCompleteCallback	0	static
stm32l5xx_hal_icache.c:482:13:HAL_ICACHE_ErrorCallback	0	static
stm32l5xx_hal_icache.c:436:6:HAL_ICACHE_IRQHandler	16	static
stm32l5xx_hal_icache.c:515:20:HAL_ICACHE_EnableRemapRegion	56	static
stm32l5xx_hal_icache.c:572:20:HAL_ICACHE_DisableRemapRegion	0	static
stm32l5xx_hal_icache.c:155:19:HAL_ICACHE_DeInit	8	static
