Archive member included to satisfy reference by file (symbol)

c:/st/stm32cubeide_1.11.0/stm32cubeide/plugins/com.st.stm32cube.ide.mcu.externaltools.gnu-tools-for-stm32.10.3-2021.10.win32_1.0.100.202210260954/tools/bin/../lib/gcc/arm-none-eabi/10.3.1/../../../../arm-none-eabi/lib/thumb/v8-m.main+fp/hard\libc_nano.a(lib_a-errno.o)
                              ./Core/Src/syscalls.o (__errno)
c:/st/stm32cubeide_1.11.0/stm32cubeide/plugins/com.st.stm32cube.ide.mcu.externaltools.gnu-tools-for-stm32.10.3-2021.10.win32_1.0.100.202210260954/tools/bin/../lib/gcc/arm-none-eabi/10.3.1/../../../../arm-none-eabi/lib/thumb/v8-m.main+fp/hard\libc_nano.a(lib_a-exit.o)
                              c:/st/stm32cubeide_1.11.0/stm32cubeide/plugins/com.st.stm32cube.ide.mcu.externaltools.gnu-tools-for-stm32.10.3-2021.10.win32_1.0.100.202210260954/tools/bin/../lib/gcc/arm-none-eabi/10.3.1/../../../../arm-none-eabi/lib/thumb/v8-m.main+fp/hard/crt0.o (exit)
c:/st/stm32cubeide_1.11.0/stm32cubeide/plugins/com.st.stm32cube.ide.mcu.externaltools.gnu-tools-for-stm32.10.3-2021.10.win32_1.0.100.202210260954/tools/bin/../lib/gcc/arm-none-eabi/10.3.1/../../../../arm-none-eabi/lib/thumb/v8-m.main+fp/hard\libc_nano.a(lib_a-impure.o)
                              c:/st/stm32cubeide_1.11.0/stm32cubeide/plugins/com.st.stm32cube.ide.mcu.externaltools.gnu-tools-for-stm32.10.3-2021.10.win32_1.0.100.202210260954/tools/bin/../lib/gcc/arm-none-eabi/10.3.1/../../../../arm-none-eabi/lib/thumb/v8-m.main+fp/hard\libc_nano.a(lib_a-exit.o) (_global_impure_ptr)
c:/st/stm32cubeide_1.11.0/stm32cubeide/plugins/com.st.stm32cube.ide.mcu.externaltools.gnu-tools-for-stm32.10.3-2021.10.win32_1.0.100.202210260954/tools/bin/../lib/gcc/arm-none-eabi/10.3.1/../../../../arm-none-eabi/lib/thumb/v8-m.main+fp/hard\libc_nano.a(lib_a-init.o)
                              c:/st/stm32cubeide_1.11.0/stm32cubeide/plugins/com.st.stm32cube.ide.mcu.externaltools.gnu-tools-for-stm32.10.3-2021.10.win32_1.0.100.202210260954/tools/bin/../lib/gcc/arm-none-eabi/10.3.1/../../../../arm-none-eabi/lib/thumb/v8-m.main+fp/hard/crt0.o (__libc_init_array)
c:/st/stm32cubeide_1.11.0/stm32cubeide/plugins/com.st.stm32cube.ide.mcu.externaltools.gnu-tools-for-stm32.10.3-2021.10.win32_1.0.100.202210260954/tools/bin/../lib/gcc/arm-none-eabi/10.3.1/../../../../arm-none-eabi/lib/thumb/v8-m.main+fp/hard\libc_nano.a(lib_a-memset.o)
                              c:/st/stm32cubeide_1.11.0/stm32cubeide/plugins/com.st.stm32cube.ide.mcu.externaltools.gnu-tools-for-stm32.10.3-2021.10.win32_1.0.100.202210260954/tools/bin/../lib/gcc/arm-none-eabi/10.3.1/../../../../arm-none-eabi/lib/thumb/v8-m.main+fp/hard/crt0.o (memset)

Discarded input sections

 .text          0x0000000000000000        0x0 c:/st/stm32cubeide_1.11.0/stm32cubeide/plugins/com.st.stm32cube.ide.mcu.externaltools.gnu-tools-for-stm32.10.3-2021.10.win32_1.0.100.202210260954/tools/bin/../lib/gcc/arm-none-eabi/10.3.1/thumb/v8-m.main+fp/hard/crti.o
 .data          0x0000000000000000        0x0 c:/st/stm32cubeide_1.11.0/stm32cubeide/plugins/com.st.stm32cube.ide.mcu.externaltools.gnu-tools-for-stm32.10.3-2021.10.win32_1.0.100.202210260954/tools/bin/../lib/gcc/arm-none-eabi/10.3.1/thumb/v8-m.main+fp/hard/crti.o
 .bss           0x0000000000000000        0x0 c:/st/stm32cubeide_1.11.0/stm32cubeide/plugins/com.st.stm32cube.ide.mcu.externaltools.gnu-tools-for-stm32.10.3-2021.10.win32_1.0.100.202210260954/tools/bin/../lib/gcc/arm-none-eabi/10.3.1/thumb/v8-m.main+fp/hard/crti.o
 .data          0x0000000000000000        0x4 c:/st/stm32cubeide_1.11.0/stm32cubeide/plugins/com.st.stm32cube.ide.mcu.externaltools.gnu-tools-for-stm32.10.3-2021.10.win32_1.0.100.202210260954/tools/bin/../lib/gcc/arm-none-eabi/10.3.1/thumb/v8-m.main+fp/hard/crtbegin.o
 .rodata        0x0000000000000000       0x24 c:/st/stm32cubeide_1.11.0/stm32cubeide/plugins/com.st.stm32cube.ide.mcu.externaltools.gnu-tools-for-stm32.10.3-2021.10.win32_1.0.100.202210260954/tools/bin/../lib/gcc/arm-none-eabi/10.3.1/thumb/v8-m.main+fp/hard/crtbegin.o
 .text          0x0000000000000000       0x7c c:/st/stm32cubeide_1.11.0/stm32cubeide/plugins/com.st.stm32cube.ide.mcu.externaltools.gnu-tools-for-stm32.10.3-2021.10.win32_1.0.100.202210260954/tools/bin/../lib/gcc/arm-none-eabi/10.3.1/../../../../arm-none-eabi/lib/thumb/v8-m.main+fp/hard/crt0.o
 .data          0x0000000000000000        0x0 c:/st/stm32cubeide_1.11.0/stm32cubeide/plugins/com.st.stm32cube.ide.mcu.externaltools.gnu-tools-for-stm32.10.3-2021.10.win32_1.0.100.202210260954/tools/bin/../lib/gcc/arm-none-eabi/10.3.1/../../../../arm-none-eabi/lib/thumb/v8-m.main+fp/hard/crt0.o
 .bss           0x0000000000000000        0x0 c:/st/stm32cubeide_1.11.0/stm32cubeide/plugins/com.st.stm32cube.ide.mcu.externaltools.gnu-tools-for-stm32.10.3-2021.10.win32_1.0.100.202210260954/tools/bin/../lib/gcc/arm-none-eabi/10.3.1/../../../../arm-none-eabi/lib/thumb/v8-m.main+fp/hard/crt0.o
[...]
Memory Configuration

Name             Origin             Length             Attributes
RAM              0x0000000020000000 0x0000000000030000 xrw
RAM2             0x0000000020030000 0x0000000000010000 xrw
FLASH            0x0000000008000000 0x0000000000080000 xr
*default*        0x0000000000000000 0xffffffffffffffff

Linker script and memory map

LOAD c:/st/stm32cubeide_1.11.0/stm32cubeide/plugins/com.st.stm32cube.ide.mcu.externaltools.gnu-tools-for-stm32.10.3-2021.10.win32_1.0.100.202210260954/tools/bin/../lib/gcc/arm-none-eabi/10.3.1/thumb/v8-m.main+fp/hard/crti.o
LOAD c:/st/stm32cubeide_1.11.0/stm32cubeide/plugins/com.st.stm32cube.ide.mcu.externaltools.gnu-tools-for-stm32.10.3-2021.10.win32_1.0.100.202210260954/tools/bin/../lib/gcc/arm-none-eabi/10.3.1/thumb/v8-m.main+fp/hard/crtbegin.o
LOAD c:/st/stm32cubeide_1.11.0/stm32cubeide/plugins/com.st.stm32cube.ide.mcu.externaltools.gnu-tools-for-stm32.10.3-2021.10.win32_1.0.100.202210260954/tools/bin/../lib/gcc/arm-none-eabi/10.3.1/../../../../arm-none-eabi/lib/thumb/v8-m.main+fp/hard/crt0.o
LOAD ./Core/Src/main.o
LOAD ./Core/Src/stm32l5xx_hal_msp.o
LOAD ./Core/Src/stm32l5xx_it.o
LOAD ./Core/Src/syscalls.o
LOAD ./Core/Src/sysmem.o
LOAD ./Core/Src/system_stm32l5xx.o
LOAD ./Core/Startup/startup_stm32l562zetx.o
LOAD ./Drivers/STM32L5xx_HAL_Driver/Src/stm32l5xx_hal.o
LOAD ./Drivers/STM32L5xx_HAL_Driver/Src/stm32l5xx_hal_cortex.o
LOAD ./Drivers/STM32L5xx_HAL_Driver/Src/stm32l5xx_hal_dma.o
LOAD ./Drivers/STM32L5xx_HAL_Driver/Src/stm32l5xx_hal_dma_ex.o
LOAD ./Drivers/STM32L5xx_HAL_Driver/Src/stm32l5xx_hal_exti.o
LOAD ./Drivers/STM32L5xx_HAL_Driver/Src/stm32l5xx_hal_flash.o
LOAD ./Drivers/STM32L5xx_HAL_Driver/Src/stm32l5xx_hal_flash_ex.o
LOAD ./Drivers/STM32L5xx_HAL_Driver/Src/stm32l5xx_hal_flash_ramfunc.o
LOAD ./Drivers/STM32L5xx_HAL_Driver/Src/stm32l5xx_hal_gpio.o
LOAD ./Drivers/STM32L5xx_HAL_Driver/Src/stm32l5xx_hal_i2c.o
LOAD ./Drivers/STM32L5xx_HAL_Driver/Src/stm32l5xx_hal_i2c_ex.o
LOAD ./Drivers/STM32L5xx_HAL_Driver/Src/stm32l5xx_hal_icache.o
LOAD ./Drivers/STM32L5xx_HAL_Driver/Src/stm32l5xx_hal_pcd.o
LOAD ./Drivers/STM32L5xx_HAL_Driver/Src/stm32l5xx_hal_pcd_ex.o
LOAD ./Drivers/STM32L5xx_HAL_Driver/Src/stm32l5xx_hal_pwr.o
LOAD ./Drivers/STM32L5xx_HAL_Driver/Src/stm32l5xx_hal_pwr_ex.o
LOAD ./Drivers/STM32L5xx_HAL_Driver/Src/stm32l5xx_hal_rcc.o
LOAD ./Drivers/STM32L5xx_HAL_Driver/Src/stm32l5xx_hal_rcc_ex.o
LOAD ./Drivers/STM32L5xx_HAL_Driver/Src/stm32l5xx_hal_spi.o
LOAD ./Drivers/STM32L5xx_HAL_Driver/Src/stm32l5xx_hal_spi_ex.o
LOAD ./Drivers/STM32L5xx_HAL_Driver/Src/stm32l5xx_hal_tim.o
LOAD ./Drivers/STM32L5xx_HAL_Driver/Src/stm32l5xx_hal_tim_ex.o
LOAD ./Drivers/STM32L5xx_HAL_Driver/Src/stm32l5xx_ll_usb.o
START GROUP
LOAD c:/st/stm32cubeide_1.11.0/stm32cubeide/plugins/com.st.stm32cube.ide.mcu.externaltools.gnu-tools-for-stm32.10.3-2021.10.win32_1.0.100.202210260954/tools/bin/../lib/gcc/arm-none-eabi/10.3.1/../../../../arm-none-eabi/lib/thumb/v8-m.main+fp/hard\libc_nano.a
LOAD c:/st/stm32cubeide_1.11.0/stm32cubeide/plugins/com.st.stm32cube.ide.mcu.externaltools.gnu-tools-for-stm32.10.3-2021.10.win32_1.0.100.202210260954/tools/bin/../lib/gcc/arm-none-eabi/10.3.1/../../../../arm-none-eabi/lib/thumb/v8-m.main+fp/hard\libm.a
END GROUP
START GROUP
LOAD c:/st/stm32cubeide_1.11.0/stm32cubeide/plugins/com.st.stm32cube.ide.mcu.externaltools.gnu-tools-for-stm32.10.3-2021.10.win32_1.0.100.202210260954/tools/bin/../lib/gcc/arm-none-eabi/10.3.1/thumb/v8-m.main+fp/hard\libgcc.a
LOAD c:/st/stm32cubeide_1.11.0/stm32cubeide/plugins/com.st.stm32cube.ide.mcu.externaltools.gnu-tools-for-stm32.10.3-2021.10.win32_1.0.100.202210260954/tools/bin/../lib/gcc/arm-none-eabi/10.3.1/../../../../arm-none-eabi/lib/thumb/v8-m.main+fp/hard\libc_nano.a
END GROUP
START GROUP
LOAD c:/st/stm32cubeide_1.11.0/stm32cubeide/plugins/com.st.stm32cube.ide.mcu.externaltools.gnu-tools-for-stm32.10.3-2021.10.win32_1.0.100.202210260954/tools/bin/../lib/gcc/arm-none-eabi/10.3.1/thumb/v8-m.main+fp/hard\libgcc.a
LOAD c:/st/stm32cubeide_1.11.0/stm32cubeide/plugins/com.st.stm32cube.ide.mcu.externaltools.gnu-tools-for-stm32.10.3-2021.10.win32_1.0.100.202210260954/tools/bin/../lib/gcc/arm-none-eabi/10.3.1/../../../../arm-none-eabi/lib/thumb/v8-m.main+fp/hard\libc_nano.a
LOAD c:/st/stm32cubeide_1.11.0/stm32cubeide/plugins/com.st.stm32cube.ide.mcu.externaltools.gnu-tools-for-stm32.10.3-2021.10.win32_1.0.100.202210260954/tools/bin/../lib/gcc/arm-none-eabi/10.3.1/../../../../arm-none-eabi/lib/thumb/v8-m.main+fp/hard\libnosys.a
END GROUP
START GROUP
LOAD c:/st/stm32cubeide_1.11.0/stm32cubeide/plugins/com.st.stm32cube.ide.mcu.externaltools.gnu-tools-for-stm32.10.3-2021.10.win32_1.0.100.202210260954/tools/bin/../lib/gcc/arm-none-eabi/10.3.1/thumb/v8-m.main+fp/hard\libgcc.a
LOAD c:/st/stm32cubeide_1.11.0/stm32cubeide/plugins/com.st.stm32cube.ide.mcu.externaltools.gnu-tools-for-stm32.10.3-2021.10.win32_1.0.100.202210260954/tools/bin/../lib/gcc/arm-none-eabi/10.3.1/../../../../arm-none-eabi/lib/thumb/v8-m.main+fp/hard\libc_nano.a
LOAD c:/st/stm32cubeide_1.11.0/stm32cubeide/plugins/com.st.stm32cube.ide.mcu.externaltools.gnu-tools-for-stm32.10.3-2021.10.win32_1.0.100.202210260954/tools/bin/../lib/gcc/arm-none-eabi/10.3.1/../../../../arm-none-eabi/lib/thumb/v8-m.main+fp/hard\libnosys.a
END GROUP
LOAD c:/st/stm32cubeide_1.11.0/stm32cubeide/plugins/com.st.stm32cube.ide.mcu.externaltools.gnu-tools-for-stm32.10.3-2021.10.win32_1.0.100.202210260954/tools/bin/../lib/gcc/arm-none-eabi/10.3.1/thumb/v8-m.main+fp/hard/crtend.o
LOAD c:/st/stm32cubeide_1.11.0/stm32cubeide/plugins/com.st.stm32cube.ide.mcu.externaltools.gnu-tools-for-stm32.10.3-2021.10.win32_1.0.100.202210260954/tools/bin/../lib/gcc/arm-none-eabi/10.3.1/thumb/v8-m.main+fp/hard/crtn.o
                0x0000000020030000                _estack = (ORIGIN (RAM) + LENGTH (RAM))
                0x0000000000000200                _Min_Heap_Size = 0x200
                0x0000000000000400                _Min_Stack_Size = 0x400

.isr_vector     0x0000000008000000      0x1f4
                0x0000000008000000                . = ALIGN (0x4)
 *(.isr_vector)
 .isr_vector    0x0000000008000000      0x1f4 ./Core/Startup/startup_stm32l562zetx.o
                0x0000000008000000                g_pfnVectors
                0x00000000080001f4                . = ALIGN (0x4)

.text           0x00000000080001f4     0x2e68
                0x00000000080001f4                . = ALIGN (0x4)
 *(.text)
 .text          0x00000000080001f4       0x40 c:/st/stm32cubeide_1.11.0/stm32cubeide/plugins/com.st.stm32cube.ide.mcu.externaltools.gnu-tools-for-stm32.10.3-2021.10.win32_1.0.100.202210260954/tools/bin/../lib/gcc/arm-none-eabi/10.3.1/thumb/v8-m.main+fp/hard/crtbegin.o
 *(.text*)
 .text.main     0x0000000008000234       0x74 ./Core/Src/main.o
                0x0000000008000234                main
 .text.SystemClock_Config
                0x00000000080002a8       0xa0 ./Core/Src/main.o
                0x00000000080002a8                SystemClock_Config
 .text.MX_ICACHE_Init
                0x0000000008000348       0x26 ./Core/Src/main.o
 *fill*         0x000000000800036e        0x2 
 .text.MX_SPI2_Init
                0x0000000008000370       0x7c ./Core/Src/main.o
 .text.MX_SPI3_Init
                0x00000000080003ec       0x7c ./Core/Src/main.o
 .text.MX_USB_PCD_Init
                0x0000000008000468       0x50 ./Core/Src/main.o
 .text.MX_GPIO_Init
                0x00000000080004b8       0xc8 ./Core/Src/main.o
 .text.Error_Handler
                0x0000000008000580        0xa ./Core/Src/main.o
                0x0000000008000580                Error_Handler
 *fill*         0x000000000800058a        0x2 
 .text.HAL_MspInit
                0x000000000800058c       0x54 ./Core/Src/stm32l5xx_hal_msp.o
                0x000000000800058c                HAL_MspInit
 .text.HAL_SPI_MspInit
                0x00000000080005e0      0x148 ./Core/Src/stm32l5xx_hal_msp.o
                0x00000000080005e0                HAL_SPI_MspInit
 .text.HAL_PCD_MspInit
                0x0000000008000728       0xc0 ./Core/Src/stm32l5xx_hal_msp.o
                0x0000000008000728                HAL_PCD_MspInit
 .text.NMI_Handler
                0x00000000080007e8        0x6 ./Core/Src/stm32l5xx_it.o
                0x00000000080007e8                NMI_Handler
 .text.HardFault_Handler
                0x00000000080007ee        0x6 ./Core/Src/stm32l5xx_it.o
                0x00000000080007ee                HardFault_Handler
 .text.MemManage_Handler
                0x00000000080007f4        0x6 ./Core/Src/stm32l5xx_it.o
                0x00000000080007f4                MemManage_Handler
 .text.BusFault_Handler
                0x00000000080007fa        0x6 ./Core/Src/stm32l5xx_it.o
                0x00000000080007fa                BusFault_Handler
 .text.UsageFault_Handler
                0x0000000008000800        0x6 ./Core/Src/stm32l5xx_it.o
                0x0000000008000800                UsageFault_Handler
 .text.SVC_Handler
                0x0000000008000806        0xe ./Core/Src/stm32l5xx_it.o
                0x0000000008000806                SVC_Handler
 .text.DebugMon_Handler
                0x0000000008000814        0xe ./Core/Src/stm32l5xx_it.o
                0x0000000008000814                DebugMon_Handler
 .text.PendSV_Handler
                0x0000000008000822        0xe ./Core/Src/stm32l5xx_it.o
                0x0000000008000822                PendSV_Handler
 .text.SysTick_Handler
                0x0000000008000830        0xc ./Core/Src/stm32l5xx_it.o
                0x0000000008000830                SysTick_Handler
 .text.ICACHE_IRQHandler
                0x000000000800083c        0xc ./Core/Src/stm32l5xx_it.o
                0x000000000800083c                ICACHE_IRQHandler
 .text.SystemInit
                0x0000000008000848       0x24 ./Core/Src/system_stm32l5xx.o
                0x0000000008000848                SystemInit
 .text.SystemCoreClockUpdate
                0x000000000800086c      0x15c ./Core/Src/system_stm32l5xx.o
                0x000000000800086c                SystemCoreClockUpdate
 .text.Reset_Handler
                0x00000000080009c8       0x50 ./Core/Startup/startup_stm32l562zetx.o
                0x00000000080009c8                Reset_Handler
 .text.Default_Handler
                0x0000000008000a18        0x2 ./Core/Startup/startup_stm32l562zetx.o
                0x0000000008000a18                EXTI2_IRQHandler
                0x0000000008000a18                TIM8_TRG_COM_IRQHandler
                0x0000000008000a18                TIM8_CC_IRQHandler
                0x0000000008000a18                EXTI5_IRQHandler
                0x0000000008000a18                FLASH_S_IRQHandler
                0x0000000008000a18                EXTI13_IRQHandler
                0x0000000008000a18                TIM1_CC_IRQHandler
                0x0000000008000a18                TSC_IRQHandler
                0x0000000008000a18                TAMP_IRQHandler
                0x0000000008000a18                TIM6_IRQHandler
                0x0000000008000a18                EXTI12_IRQHandler
                0x0000000008000a18                DMA2_Channel8_IRQHandler
                0x0000000008000a18                EXTI3_IRQHandler
                0x0000000008000a18                EXTI8_IRQHandler
                0x0000000008000a18                LPTIM2_IRQHandler
                0x0000000008000a18                DFSDM1_FLT1_IRQHandler
                0x0000000008000a18                USB_FS_IRQHandler
                0x0000000008000a18                I2C3_ER_IRQHandler
                0x0000000008000a18                DFSDM1_FLT2_IRQHandler
                0x0000000008000a18                DMAMUX1_IRQHandler
                0x0000000008000a18                LPTIM3_IRQHandler
                0x0000000008000a18                EXTI0_IRQHandler
                0x0000000008000a18                I2C2_EV_IRQHandler
                0x0000000008000a18                FPU_IRQHandler
                0x0000000008000a18                FDCAN1_IT1_IRQHandler
                0x0000000008000a18                ADC1_2_IRQHandler
                0x0000000008000a18                SPI1_IRQHandler
                0x0000000008000a18                OCTOSPI1_IRQHandler
                0x0000000008000a18                TIM8_UP_IRQHandler
                0x0000000008000a18                RCC_S_IRQHandler
                0x0000000008000a18                DMA2_Channel2_IRQHandler
                0x0000000008000a18                DMA1_Channel4_IRQHandler
                0x0000000008000a18                SAI2_IRQHandler
                0x0000000008000a18                DFSDM1_FLT3_IRQHandler
                0x0000000008000a18                PKA_IRQHandler
                0x0000000008000a18                EXTI15_IRQHandler
                0x0000000008000a18                TIM17_IRQHandler
                0x0000000008000a18                USART3_IRQHandler
                0x0000000008000a18                RTC_IRQHandler
                0x0000000008000a18                EXTI9_IRQHandler
                0x0000000008000a18                DMA1_Channel7_IRQHandler
                0x0000000008000a18                UART5_IRQHandler
                0x0000000008000a18                TIM4_IRQHandler
                0x0000000008000a18                DMA2_Channel1_IRQHandler
                0x0000000008000a18                I2C1_EV_IRQHandler
                0x0000000008000a18                DMA1_Channel6_IRQHandler
                0x0000000008000a18                TIM16_IRQHandler
                0x0000000008000a18                UART4_IRQHandler
                0x0000000008000a18                DMA2_Channel4_IRQHandler
                0x0000000008000a18                SecureFault_Handler
                0x0000000008000a18                TIM3_IRQHandler
                0x0000000008000a18                RCC_IRQHandler
                0x0000000008000a18                TIM1_TRG_COM_IRQHandler
                0x0000000008000a18                DMA1_Channel1_IRQHandler
                0x0000000008000a18                Default_Handler
                0x0000000008000a18                DMA2_Channel7_IRQHandler
                0x0000000008000a18                OTFDEC1_IRQHandler
                0x0000000008000a18                DMA1_Channel8_IRQHandler
                0x0000000008000a18                TIM7_IRQHandler
                0x0000000008000a18                SDMMC1_IRQHandler
                0x0000000008000a18                TIM5_IRQHandler
                0x0000000008000a18                UCPD1_IRQHandler
                0x0000000008000a18                TIM15_IRQHandler
                0x0000000008000a18                I2C3_EV_IRQHandler
                0x0000000008000a18                PVD_PVM_IRQHandler
                0x0000000008000a18                SPI2_IRQHandler
                0x0000000008000a18                EXTI14_IRQHandler
                0x0000000008000a18                EXTI11_IRQHandler
                0x0000000008000a18                DMA2_Channel5_IRQHandler
                0x0000000008000a18                CRS_IRQHandler
                0x0000000008000a18                DMA1_Channel5_IRQHandler
                0x0000000008000a18                EXTI4_IRQHandler
                0x0000000008000a18                RTC_S_IRQHandler
                0x0000000008000a18                RNG_IRQHandler
                0x0000000008000a18                DMAMUX1_S_IRQHandler
                0x0000000008000a18                DMA1_Channel3_IRQHandler
                0x0000000008000a18                COMP_IRQHandler
                0x0000000008000a18                TIM1_UP_IRQHandler
                0x0000000008000a18                WWDG_IRQHandler
                0x0000000008000a18                I2C4_EV_IRQHandler
                0x0000000008000a18                LPUART1_IRQHandler
                0x0000000008000a18                DMA2_Channel6_IRQHandler
                0x0000000008000a18                FDCAN1_IT0_IRQHandler
                0x0000000008000a18                TIM2_IRQHandler
                0x0000000008000a18                TAMP_S_IRQHandler
                0x0000000008000a18                EXTI7_IRQHandler
                0x0000000008000a18                TIM1_BRK_IRQHandler
                0x0000000008000a18                DAC_IRQHandler
                0x0000000008000a18                EXTI1_IRQHandler
                0x0000000008000a18                AES_IRQHandler
                0x0000000008000a18                GTZC_IRQHandler
                0x0000000008000a18                USART2_IRQHandler
                0x0000000008000a18                DFSDM1_FLT0_IRQHandler
                0x0000000008000a18                I2C2_ER_IRQHandler
                0x0000000008000a18                DMA1_Channel2_IRQHandler
                0x0000000008000a18                TIM8_BRK_IRQHandler
                0x0000000008000a18                FLASH_IRQHandler
                0x0000000008000a18                USART1_IRQHandler
                0x0000000008000a18                EXTI10_IRQHandler
                0x0000000008000a18                SPI3_IRQHandler
                0x0000000008000a18                I2C1_ER_IRQHandler
                0x0000000008000a18                FMC_IRQHandler
                0x0000000008000a18                EXTI6_IRQHandler
                0x0000000008000a18                LPTIM1_IRQHandler
                0x0000000008000a18                I2C4_ER_IRQHandler
                0x0000000008000a18                SAI1_IRQHandler
                0x0000000008000a18                HASH_IRQHandler
                0x0000000008000a18                DMA2_Channel3_IRQHandler
 .text.HAL_Init
                0x0000000008000a1a       0x34 ./Drivers/STM32L5xx_HAL_Driver/Src/stm32l5xx_hal.o
                0x0000000008000a1a                HAL_Init
 *fill*         0x0000000008000a4e        0x2 
 .text.HAL_InitTick
                0x0000000008000a50       0x78 ./Drivers/STM32L5xx_HAL_Driver/Src/stm32l5xx_hal.o
                0x0000000008000a50                HAL_InitTick
 .text.HAL_IncTick
                0x0000000008000ac8       0x28 ./Drivers/STM32L5xx_HAL_Driver/Src/stm32l5xx_hal.o
                0x0000000008000ac8                HAL_IncTick
 .text.HAL_GetTick
                0x0000000008000af0       0x18 ./Drivers/STM32L5xx_HAL_Driver/Src/stm32l5xx_hal.o
                0x0000000008000af0                HAL_GetTick
 .text.HAL_Delay
                0x0000000008000b08       0x48 ./Drivers/STM32L5xx_HAL_Driver/Src/stm32l5xx_hal.o
                0x0000000008000b08                HAL_Delay
 .text.__NVIC_SetPriorityGrouping
                0x0000000008000b50       0x48 ./Drivers/STM32L5xx_HAL_Driver/Src/stm32l5xx_hal_cortex.o
 .text.__NVIC_GetPriorityGrouping
                0x0000000008000b98       0x1c ./Drivers/STM32L5xx_HAL_Driver/Src/stm32l5xx_hal_cortex.o
 .text.__NVIC_EnableIRQ
                0x0000000008000bb4       0x3c ./Drivers/STM32L5xx_HAL_Driver/Src/stm32l5xx_hal_cortex.o
 .text.__NVIC_SetPriority
                0x0000000008000bf0       0x54 ./Drivers/STM32L5xx_HAL_Driver/Src/stm32l5xx_hal_cortex.o
 .text.NVIC_EncodePriority
                0x0000000008000c44       0x66 ./Drivers/STM32L5xx_HAL_Driver/Src/stm32l5xx_hal_cortex.o
 *fill*         0x0000000008000caa        0x2 
 .text.SysTick_Config
                0x0000000008000cac       0x44 ./Drivers/STM32L5xx_HAL_Driver/Src/stm32l5xx_hal_cortex.o
 .text.HAL_NVIC_SetPriorityGrouping
                0x0000000008000cf0       0x16 ./Drivers/STM32L5xx_HAL_Driver/Src/stm32l5xx_hal_cortex.o
                0x0000000008000cf0                HAL_NVIC_SetPriorityGrouping
 .text.HAL_NVIC_SetPriority
                0x0000000008000d06       0x34 ./Drivers/STM32L5xx_HAL_Driver/Src/stm32l5xx_hal_cortex.o
                0x0000000008000d06                HAL_NVIC_SetPriority
 .text.HAL_NVIC_EnableIRQ
                0x0000000008000d3a       0x1c ./Drivers/STM32L5xx_HAL_Driver/Src/stm32l5xx_hal_cortex.o
                0x0000000008000d3a                HAL_NVIC_EnableIRQ
 .text.HAL_SYSTICK_Config
                0x0000000008000d56       0x18 ./Drivers/STM32L5xx_HAL_Driver/Src/stm32l5xx_hal_cortex.o
                0x0000000008000d56                HAL_SYSTICK_Config
 *fill*         0x0000000008000d6e        0x2 
 .text.HAL_GPIO_Init
                0x0000000008000d70      0x300 ./Drivers/STM32L5xx_HAL_Driver/Src/stm32l5xx_hal_gpio.o
                0x0000000008000d70                HAL_GPIO_Init
 .text.HAL_GPIO_WritePin
                0x0000000008001070       0x30 ./Drivers/STM32L5xx_HAL_Driver/Src/stm32l5xx_hal_gpio.o
                0x0000000008001070                HAL_GPIO_WritePin
 .text.HAL_GPIO_TogglePin
                0x00000000080010a0       0x34 ./Drivers/STM32L5xx_HAL_Driver/Src/stm32l5xx_hal_gpio.o
                0x00000000080010a0                HAL_GPIO_TogglePin
 .text.HAL_ICACHE_ConfigAssociativityMode
                0x00000000080010d4       0x40 ./Drivers/STM32L5xx_HAL_Driver/Src/stm32l5xx_hal_icache.o
                0x00000000080010d4                HAL_ICACHE_ConfigAssociativityMode
 .text.HAL_ICACHE_Enable
                0x0000000008001114       0x20 ./Drivers/STM32L5xx_HAL_Driver/Src/stm32l5xx_hal_icache.o
                0x0000000008001114                HAL_ICACHE_Enable
 .text.HAL_ICACHE_IRQHandler
                0x0000000008001134       0x68 ./Drivers/STM32L5xx_HAL_Driver/Src/stm32l5xx_hal_icache.o
                0x0000000008001134                HAL_ICACHE_IRQHandler
 .text.HAL_ICACHE_InvalidateCompleteCallback
                0x000000000800119c        0xe ./Drivers/STM32L5xx_HAL_Driver/Src/stm32l5xx_hal_icache.o
                0x000000000800119c                HAL_ICACHE_InvalidateCompleteCallback
 .text.HAL_ICACHE_ErrorCallback
                0x00000000080011aa        0xe ./Drivers/STM32L5xx_HAL_Driver/Src/stm32l5xx_hal_icache.o
                0x00000000080011aa                HAL_ICACHE_ErrorCallback
 .text.HAL_PCD_Init
                0x00000000080011b8      0x1b2 ./Drivers/STM32L5xx_HAL_Driver/Src/stm32l5xx_hal_pcd.o
                0x00000000080011b8                HAL_PCD_Init
 .text.HAL_PCDEx_ActivateLPM
                0x000000000800136a       0x54 ./Drivers/STM32L5xx_HAL_Driver/Src/stm32l5xx_hal_pcd_ex.o
                0x000000000800136a                HAL_PCDEx_ActivateLPM
 *fill*         0x00000000080013be        0x2 
 .text.HAL_PWREx_GetVoltageRange
                0x00000000080013c0       0x1c ./Drivers/STM32L5xx_HAL_Driver/Src/stm32l5xx_hal_pwr_ex.o
                0x00000000080013c0                HAL_PWREx_GetVoltageRange
 .text.HAL_PWREx_ControlVoltageScaling
                0x00000000080013dc       0xb8 ./Drivers/STM32L5xx_HAL_Driver/Src/stm32l5xx_hal_pwr_ex.o
                0x00000000080013dc                HAL_PWREx_ControlVoltageScaling
 .text.HAL_PWREx_SMPS_GetEffectiveMode
                0x0000000008001494       0x48 ./Drivers/STM32L5xx_HAL_Driver/Src/stm32l5xx_hal_pwr_ex.o
                0x0000000008001494                HAL_PWREx_SMPS_GetEffectiveMode
 .text.HAL_RCC_OscConfig
                0x00000000080014dc      0x9ac ./Drivers/STM32L5xx_HAL_Driver/Src/stm32l5xx_hal_rcc.o
                0x00000000080014dc                HAL_RCC_OscConfig
 .text.HAL_RCC_ClockConfig
                0x0000000008001e88      0x270 ./Drivers/STM32L5xx_HAL_Driver/Src/stm32l5xx_hal_rcc.o
                0x0000000008001e88                HAL_RCC_ClockConfig
 .text.HAL_RCC_GetSysClockFreq
                0x00000000080020f8      0x13c ./Drivers/STM32L5xx_HAL_Driver/Src/stm32l5xx_hal_rcc.o
                0x00000000080020f8                HAL_RCC_GetSysClockFreq
 .text.HAL_RCC_GetHCLKFreq
                0x0000000008002234       0x28 ./Drivers/STM32L5xx_HAL_Driver/Src/stm32l5xx_hal_rcc.o
                0x0000000008002234                HAL_RCC_GetHCLKFreq
 .text.RCC_SetFlashLatencyFromMSIRange
                0x000000000800225c       0xc8 ./Drivers/STM32L5xx_HAL_Driver/Src/stm32l5xx_hal_rcc.o
 .text.RCC_GetSysClockFreqFromPLLSource
                0x0000000008002324       0xdc ./Drivers/STM32L5xx_HAL_Driver/Src/stm32l5xx_hal_rcc.o
 .text.HAL_RCCEx_PeriphCLKConfig
                0x0000000008002400      0x708 ./Drivers/STM32L5xx_HAL_Driver/Src/stm32l5xx_hal_rcc_ex.o
                0x0000000008002400                HAL_RCCEx_PeriphCLKConfig
 .text.RCCEx_PLLSAI1_Config
                0x0000000008002b08      0x1cc ./Drivers/STM32L5xx_HAL_Driver/Src/stm32l5xx_hal_rcc_ex.o
 .text.RCCEx_PLLSAI2_Config
                0x0000000008002cd4      0x158 ./Drivers/STM32L5xx_HAL_Driver/Src/stm32l5xx_hal_rcc_ex.o
 .text.HAL_SPI_Init
                0x0000000008002e2c      0x146 ./Drivers/STM32L5xx_HAL_Driver/Src/stm32l5xx_hal_spi.o
                0x0000000008002e2c                HAL_SPI_Init
 .text.USB_DisableGlobalInt
                0x0000000008002f72       0x36 ./Drivers/STM32L5xx_HAL_Driver/Src/stm32l5xx_ll_usb.o
                0x0000000008002f72                USB_DisableGlobalInt
 .text.USB_DevInit
                0x0000000008002fa8       0x42 ./Drivers/STM32L5xx_HAL_Driver/Src/stm32l5xx_ll_usb.o
                0x0000000008002fa8                USB_DevInit
 *fill*         0x0000000008002fea        0x2 
 .text.__libc_init_array
                0x0000000008002fec       0x48 c:/st/stm32cubeide_1.11.0/stm32cubeide/plugins/com.st.stm32cube.ide.mcu.externaltools.gnu-tools-for-stm32.10.3-2021.10.win32_1.0.100.202210260954/tools/bin/../lib/gcc/arm-none-eabi/10.3.1/../../../../arm-none-eabi/lib/thumb/v8-m.main+fp/hard\libc_nano.a(lib_a-init.o)
                0x0000000008002fec                __libc_init_array
 .text.memset   0x0000000008003034       0x10 c:/st/stm32cubeide_1.11.0/stm32cubeide/plugins/com.st.stm32cube.ide.mcu.externaltools.gnu-tools-for-stm32.10.3-2021.10.win32_1.0.100.202210260954/tools/bin/../lib/gcc/arm-none-eabi/10.3.1/../../../../arm-none-eabi/lib/thumb/v8-m.main+fp/hard\libc_nano.a(lib_a-memset.o)
                0x0000000008003034                memset
 *(.glue_7)
 .glue_7        0x0000000008003044        0x0 linker stubs
 *(.glue_7t)
 .glue_7t       0x0000000008003044        0x0 linker stubs
 *(.eh_frame)
 .eh_frame      0x0000000008003044        0x0 c:/st/stm32cubeide_1.11.0/stm32cubeide/plugins/com.st.stm32cube.ide.mcu.externaltools.gnu-tools-for-stm32.10.3-2021.10.win32_1.0.100.202210260954/tools/bin/../lib/gcc/arm-none-eabi/10.3.1/thumb/v8-m.main+fp/hard/crtbegin.o
 *(.init)
 .init          0x0000000008003044        0x4 c:/st/stm32cubeide_1.11.0/stm32cubeide/plugins/com.st.stm32cube.ide.mcu.externaltools.gnu-tools-for-stm32.10.3-2021.10.win32_1.0.100.202210260954/tools/bin/../lib/gcc/arm-none-eabi/10.3.1/thumb/v8-m.main+fp/hard/crti.o
                0x0000000008003044                _init
 .init          0x0000000008003048        0x8 c:/st/stm32cubeide_1.11.0/stm32cubeide/plugins/com.st.stm32cube.ide.mcu.externaltools.gnu-tools-for-stm32.10.3-2021.10.win32_1.0.100.202210260954/tools/bin/../lib/gcc/arm-none-eabi/10.3.1/thumb/v8-m.main+fp/hard/crtn.o
 *(.fini)
 .fini          0x0000000008003050        0x4 c:/st/stm32cubeide_1.11.0/stm32cubeide/plugins/com.st.stm32cube.ide.mcu.externaltools.gnu-tools-for-stm32.10.3-2021.10.win32_1.0.100.202210260954/tools/bin/../lib/gcc/arm-none-eabi/10.3.1/thumb/v8-m.main+fp/hard/crti.o
                0x0000000008003050                _fini
 .fini          0x0000000008003054        0x8 c:/st/stm32cubeide_1.11.0/stm32cubeide/plugins/com.st.stm32cube.ide.mcu.externaltools.gnu-tools-for-stm32.10.3-2021.10.win32_1.0.100.202210260954/tools/bin/../lib/gcc/arm-none-eabi/10.3.1/thumb/v8-m.main+fp/hard/crtn.o
                0x000000000800305c                . = ALIGN (0x4)
                0x000000000800305c                _etext = .

.vfp11_veneer   0x000000000800305c        0x0
 .vfp11_veneer  0x000000000800305c        0x0 linker stubs

.v4_bx          0x000000000800305c        0x0
 .v4_bx         0x000000000800305c        0x0 linker stubs

.iplt           0x000000000800305c        0x0
 .iplt          0x000000000800305c        0x0 c:/st/stm32cubeide_1.11.0/stm32cubeide/plugins/com.st.stm32cube.ide.mcu.externaltools.gnu-tools-for-stm32.10.3-2021.10.win32_1.0.100.202210260954/tools/bin/../lib/gcc/arm-none-eabi/10.3.1/thumb/v8-m.main+fp/hard/crtbegin.o

.rodata         0x000000000800305c       0x50
                0x000000000800305c                . = ALIGN (0x4)
 *(.rodata)
 *(.rodata*)
 .rodata.AHBPrescTable
                0x000000000800305c       0x10 ./Core/Src/system_stm32l5xx.o
                0x000000000800305c                AHBPrescTable
 .rodata.MSIRangeTable
                0x000000000800306c       0x40 ./Core/Src/system_stm32l5xx.o
                0x000000000800306c                MSIRangeTable
                0x00000000080030ac                . = ALIGN (0x4)

.rel.dyn        0x00000000080030ac        0x0
 .rel.iplt      0x00000000080030ac        0x0 c:/st/stm32cubeide_1.11.0/stm32cubeide/plugins/com.st.stm32cube.ide.mcu.externaltools.gnu-tools-for-stm32.10.3-2021.10.win32_1.0.100.202210260954/tools/bin/../lib/gcc/arm-none-eabi/10.3.1/thumb/v8-m.main+fp/hard/crtbegin.o

.ARM.extab      0x00000000080030ac        0x0
                0x00000000080030ac                . = ALIGN (0x4)
 *(.ARM.extab* .gnu.linkonce.armextab.*)
                0x00000000080030ac                . = ALIGN (0x4)

.ARM            0x00000000080030ac        0x0
                0x00000000080030ac                . = ALIGN (0x4)
                0x00000000080030ac                __exidx_start = .
 *(.ARM.exidx*)
                0x00000000080030ac                __exidx_end = .
                0x00000000080030ac                . = ALIGN (0x4)

.preinit_array  0x00000000080030ac        0x0
                0x00000000080030ac                . = ALIGN (0x4)
                0x00000000080030ac                PROVIDE (__preinit_array_start = .)
 *(.preinit_array*)
                0x00000000080030ac                PROVIDE (__preinit_array_end = .)
                0x00000000080030ac                . = ALIGN (0x4)

.init_array     0x00000000080030ac        0x4
                0x00000000080030ac                . = ALIGN (0x4)
                0x00000000080030ac                PROVIDE (__init_array_start = .)
 *(SORT_BY_NAME(.init_array.*))
 *(.init_array*)
 .init_array    0x00000000080030ac        0x4 c:/st/stm32cubeide_1.11.0/stm32cubeide/plugins/com.st.stm32cube.ide.mcu.externaltools.gnu-tools-for-stm32.10.3-2021.10.win32_1.0.100.202210260954/tools/bin/../lib/gcc/arm-none-eabi/10.3.1/thumb/v8-m.main+fp/hard/crtbegin.o
                0x00000000080030b0                PROVIDE (__init_array_end = .)
                0x00000000080030b0                . = ALIGN (0x4)

.fini_array     0x00000000080030b0        0x4
                0x00000000080030b0                . = ALIGN (0x4)
                [!provide]                        PROVIDE (__fini_array_start = .)
 *(SORT_BY_NAME(.fini_array.*))
 *(.fini_array*)
 .fini_array    0x00000000080030b0        0x4 c:/st/stm32cubeide_1.11.0/stm32cubeide/plugins/com.st.stm32cube.ide.mcu.externaltools.gnu-tools-for-stm32.10.3-2021.10.win32_1.0.100.202210260954/tools/bin/../lib/gcc/arm-none-eabi/10.3.1/thumb/v8-m.main+fp/hard/crtbegin.o
                [!provide]                        PROVIDE (__fini_array_end = .)
                0x00000000080030b4                . = ALIGN (0x4)
                0x00000000080030b4                _sidata = LOADADDR (.data)

.data           0x0000000020000000        0xc load address 0x00000000080030b4
                0x0000000020000000                . = ALIGN (0x4)
                0x0000000020000000                _sdata = .
 *(.data)
 *(.data*)
 .data.SystemCoreClock
                0x0000000020000000        0x4 ./Core/Src/system_stm32l5xx.o
                0x0000000020000000                SystemCoreClock
 .data.uwTickPrio
                0x0000000020000004        0x4 ./Drivers/STM32L5xx_HAL_Driver/Src/stm32l5xx_hal.o
                0x0000000020000004                uwTickPrio
 .data.uwTickFreq
                0x0000000020000008        0x1 ./Drivers/STM32L5xx_HAL_Driver/Src/stm32l5xx_hal.o
                0x0000000020000008                uwTickFreq
 *(.RamFunc)
 *(.RamFunc*)
                0x000000002000000c                . = ALIGN (0x4)
 *fill*         0x0000000020000009        0x3 
                0x000000002000000c                _edata = .

.igot.plt       0x000000002000000c        0x0 load address 0x00000000080030c0
 .igot.plt      0x000000002000000c        0x0 c:/st/stm32cubeide_1.11.0/stm32cubeide/plugins/com.st.stm32cube.ide.mcu.externaltools.gnu-tools-for-stm32.10.3-2021.10.win32_1.0.100.202210260954/tools/bin/../lib/gcc/arm-none-eabi/10.3.1/thumb/v8-m.main+fp/hard/crtbegin.o
                0x000000002000000c                . = ALIGN (0x4)

.bss            0x000000002000000c      0x3dc load address 0x00000000080030c0
                0x000000002000000c                _sbss = .
                0x000000002000000c                __bss_start__ = _sbss
 *(.bss)
 .bss           0x000000002000000c       0x1c c:/st/stm32cubeide_1.11.0/stm32cubeide/plugins/com.st.stm32cube.ide.mcu.externaltools.gnu-tools-for-stm32.10.3-2021.10.win32_1.0.100.202210260954/tools/bin/../lib/gcc/arm-none-eabi/10.3.1/thumb/v8-m.main+fp/hard/crtbegin.o
 *(.bss*)
 .bss.hspi2     0x0000000020000028       0x64 ./Core/Src/main.o
                0x0000000020000028                hspi2
 .bss.hspi3     0x000000002000008c       0x64 ./Core/Src/main.o
                0x000000002000008c                hspi3
 .bss.hpcd_USB_FS
                0x00000000200000f0      0x2f4 ./Core/Src/main.o
                0x00000000200000f0                hpcd_USB_FS
 .bss.uwTick    0x00000000200003e4        0x4 ./Drivers/STM32L5xx_HAL_Driver/Src/stm32l5xx_hal.o
                0x00000000200003e4                uwTick
 *(COMMON)
                0x00000000200003e8                . = ALIGN (0x4)
                0x00000000200003e8                _ebss = .
                0x00000000200003e8                __bss_end__ = _ebss

._user_heap_stack
                0x00000000200003e8      0x600 load address 0x00000000080030c0
                0x00000000200003e8                . = ALIGN (0x8)
                [!provide]                        PROVIDE (end = .)
                0x00000000200003e8                PROVIDE (_end = .)
                0x00000000200005e8                . = (. + _Min_Heap_Size)
 *fill*         0x00000000200003e8      0x200 
                0x00000000200009e8                . = (. + _Min_Stack_Size)
 *fill*         0x00000000200005e8      0x400 
                0x00000000200009e8                . = ALIGN (0x8)

/DISCARD/
 libc.a(*)
 libm.a(*)
 libgcc.a(*)

.ARM.attributes
                0x0000000000000000       0x36
 *(.ARM.attributes)
 .ARM.attributes
                0x0000000000000000       0x22 c:/st/stm32cubeide_1.11.0/stm32cubeide/plugins/com.st.stm32cube.ide.mcu.externaltools.gnu-tools-for-stm32.10.3-2021.10.win32_1.0.100.202210260954/tools/bin/../lib/gcc/arm-none-eabi/10.3.1/thumb/v8-m.main+fp/hard/crti.o
 .ARM.attributes
                0x0000000000000022       0x38 c:/st/stm32cubeide_1.11.0/stm32cubeide/plugins/com.st.stm32cube.ide.mcu.externaltools.gnu-tools-for-stm32.10.3-2021.10.win32_1.0.100.202210260954/tools/bin/../lib/gcc/arm-none-eabi/10.3.1/thumb/v8-m.main+fp/hard/crtbegin.o
 .ARM.attributes
                0x000000000000005a       0x3a ./Core/Src/main.o
 .ARM.attributes
                0x0000000000000094       0x3a ./Core/Src/stm32l5xx_hal_msp.o
 .ARM.attributes
                0x00000000000000ce       0x3a ./Core/Src/stm32l5xx_it.o
 .ARM.attributes
                0x0000000000000108       0x3a ./Core/Src/system_stm32l5xx.o
 .ARM.attributes
                0x0000000000000142       0x24 ./Core/Startup/startup_stm32l562zetx.o
 .ARM.attributes
                0x0000000000000166       0x3a ./Drivers/STM32L5xx_HAL_Driver/Src/stm32l5xx_hal.o
 .ARM.attributes
                0x00000000000001a0       0x3a ./Drivers/STM32L5xx_HAL_Driver/Src/stm32l5xx_hal_cortex.o
 .ARM.attributes
                0x00000000000001da       0x3a ./Drivers/STM32L5xx_HAL_Driver/Src/stm32l5xx_hal_gpio.o
 .ARM.attributes
                0x0000000000000214       0x3a ./Drivers/STM32L5xx_HAL_Driver/Src/stm32l5xx_hal_icache.o
 .ARM.attributes
                0x000000000000024e       0x3a ./Drivers/STM32L5xx_HAL_Driver/Src/stm32l5xx_hal_pcd.o
 .ARM.attributes
                0x0000000000000288       0x3a ./Drivers/STM32L5xx_HAL_Driver/Src/stm32l5xx_hal_pcd_ex.o
 .ARM.attributes
                0x00000000000002c2       0x3a ./Drivers/STM32L5xx_HAL_Driver/Src/stm32l5xx_hal_pwr_ex.o
 .ARM.attributes
                0x00000000000002fc       0x3a ./Drivers/STM32L5xx_HAL_Driver/Src/stm32l5xx_hal_rcc.o
 .ARM.attributes
                0x0000000000000336       0x3a ./Drivers/STM32L5xx_HAL_Driver/Src/stm32l5xx_hal_rcc_ex.o
 .ARM.attributes
                0x0000000000000370       0x3a ./Drivers/STM32L5xx_HAL_Driver/Src/stm32l5xx_hal_spi.o
 .ARM.attributes
                0x00000000000003aa       0x3a ./Drivers/STM32L5xx_HAL_Driver/Src/stm32l5xx_ll_usb.o
 .ARM.attributes
                0x00000000000003e4       0x38 c:/st/stm32cubeide_1.11.0/stm32cubeide/plugins/com.st.stm32cube.ide.mcu.externaltools.gnu-tools-for-stm32.10.3-2021.10.win32_1.0.100.202210260954/tools/bin/../lib/gcc/arm-none-eabi/10.3.1/../../../../arm-none-eabi/lib/thumb/v8-m.main+fp/hard\libc_nano.a(lib_a-init.o)
 .ARM.attributes
                0x000000000000041c       0x38 c:/st/stm32cubeide_1.11.0/stm32cubeide/plugins/com.st.stm32cube.ide.mcu.externaltools.gnu-tools-for-stm32.10.3-2021.10.win32_1.0.100.202210260954/tools/bin/../lib/gcc/arm-none-eabi/10.3.1/../../../../arm-none-eabi/lib/thumb/v8-m.main+fp/hard\libc_nano.a(lib_a-memset.o)
 .ARM.attributes
                0x0000000000000454       0x22 c:/st/stm32cubeide_1.11.0/stm32cubeide/plugins/com.st.stm32cube.ide.mcu.externaltools.gnu-tools-for-stm32.10.3-2021.10.win32_1.0.100.202210260954/tools/bin/../lib/gcc/arm-none-eabi/10.3.1/thumb/v8-m.main+fp/hard/crtn.o
OUTPUT(zet6.elf elf32-littlearm)
LOAD linker stubs
LOAD c:/st/stm32cubeide_1.11.0/stm32cubeide/plugins/com.st.stm32cube.ide.mcu.externaltools.gnu-tools-for-stm32.10.3-2021.10.win32_1.0.100.202210260954/tools/bin/../lib/gcc/arm-none-eabi/10.3.1/../../../../arm-none-eabi/lib/thumb/v8-m.main+fp/hard\libc.a
LOAD c:/st/stm32cubeide_1.11.0/stm32cubeide/plugins/com.st.stm32cube.ide.mcu.externaltools.gnu-tools-for-stm32.10.3-2021.10.win32_1.0.100.202210260954/tools/bin/../lib/gcc/arm-none-eabi/10.3.1/../../../../arm-none-eabi/lib/thumb/v8-m.main+fp/hard\libm.a
LOAD c:/st/stm32cubeide_1.11.0/stm32cubeide/plugins/com.st.stm32cube.ide.mcu.externaltools.gnu-tools-for-stm32.10.3-2021.10.win32_1.0.100.202210260954/tools/bin/../lib/gcc/arm-none-eabi/10.3.1/thumb/v8-m.main+fp/hard\libgcc.a

.debug_info     0x0000000000000000     0xdff8
 .debug_info    0x0000000000000000     0x149f ./Core/Src/main.o
 .debug_info    0x000000000000149f     0x1790 ./Core/Src/stm32l5xx_hal_msp.o
 .debug_info    0x0000000000002c2f      0x13d ./Core/Src/stm32l5xx_it.o
 .debug_info    0x0000000000002d6c      0x7fc ./Core/Src/system_stm32l5xx.o
 .debug_info    0x0000000000003568       0x22 ./Core/Startup/startup_stm32l562zetx.o
 .debug_info    0x000000000000358a      0xd55 ./Drivers/STM32L5xx_HAL_Driver/Src/stm32l5xx_hal.o
 .debug_info    0x00000000000042df     0x1189 ./Drivers/STM32L5xx_HAL_Driver/Src/stm32l5xx_hal_cortex.o
 .debug_info    0x0000000000005468      0x655 ./Drivers/STM32L5xx_HAL_Driver/Src/stm32l5xx_hal_gpio.o
 .debug_info    0x0000000000005abd      0x522 ./Drivers/STM32L5xx_HAL_Driver/Src/stm32l5xx_hal_icache.o
 .debug_info    0x0000000000005fdf     0x1714 ./Drivers/STM32L5xx_HAL_Driver/Src/stm32l5xx_hal_pcd.o
 .debug_info    0x00000000000076f3      0x882 ./Drivers/STM32L5xx_HAL_Driver/Src/stm32l5xx_hal_pcd_ex.o
 .debug_info    0x0000000000007f75      0xdf9 ./Drivers/STM32L5xx_HAL_Driver/Src/stm32l5xx_hal_pwr_ex.o
 .debug_info    0x0000000000008d6e     0x1083 ./Drivers/STM32L5xx_HAL_Driver/Src/stm32l5xx_hal_rcc.o
 .debug_info    0x0000000000009df1     0x121a ./Drivers/STM32L5xx_HAL_Driver/Src/stm32l5xx_hal_rcc_ex.o
 .debug_info    0x000000000000b00b     0x18c4 ./Drivers/STM32L5xx_HAL_Driver/Src/stm32l5xx_hal_spi.o
 .debug_info    0x000000000000c8cf     0x1729 ./Drivers/STM32L5xx_HAL_Driver/Src/stm32l5xx_ll_usb.o

.debug_abbrev   0x0000000000000000     0x21c5
 .debug_abbrev  0x0000000000000000      0x2b1 ./Core/Src/main.o
 .debug_abbrev  0x00000000000002b1      0x249 ./Core/Src/stm32l5xx_hal_msp.o
 .debug_abbrev  0x00000000000004fa       0x74 ./Core/Src/stm32l5xx_it.o
 .debug_abbrev  0x000000000000056e      0x127 ./Core/Src/system_stm32l5xx.o
 .debug_abbrev  0x0000000000000695       0x12 ./Core/Startup/startup_stm32l562zetx.o
 .debug_abbrev  0x00000000000006a7      0x2c3 ./Drivers/STM32L5xx_HAL_Driver/Src/stm32l5xx_hal.o
 .debug_abbrev  0x000000000000096a      0x31d ./Drivers/STM32L5xx_HAL_Driver/Src/stm32l5xx_hal_cortex.o
 .debug_abbrev  0x0000000000000c87      0x1b2 ./Drivers/STM32L5xx_HAL_Driver/Src/stm32l5xx_hal_gpio.o
 .debug_abbrev  0x0000000000000e39      0x21e ./Drivers/STM32L5xx_HAL_Driver/Src/stm32l5xx_hal_icache.o
 .debug_abbrev  0x0000000000001057      0x2a4 ./Drivers/STM32L5xx_HAL_Driver/Src/stm32l5xx_hal_pcd.o
 .debug_abbrev  0x00000000000012fb      0x21d ./Drivers/STM32L5xx_HAL_Driver/Src/stm32l5xx_hal_pcd_ex.o
 .debug_abbrev  0x0000000000001518      0x283 ./Drivers/STM32L5xx_HAL_Driver/Src/stm32l5xx_hal_pwr_ex.o
 .debug_abbrev  0x000000000000179b      0x2ee ./Drivers/STM32L5xx_HAL_Driver/Src/stm32l5xx_hal_rcc.o
 .debug_abbrev  0x0000000000001a89      0x2b9 ./Drivers/STM32L5xx_HAL_Driver/Src/stm32l5xx_hal_rcc_ex.o
 .debug_abbrev  0x0000000000001d42      0x254 ./Drivers/STM32L5xx_HAL_Driver/Src/stm32l5xx_hal_spi.o
 .debug_abbrev  0x0000000000001f96      0x22f ./Drivers/STM32L5xx_HAL_Driver/Src/stm32l5xx_ll_usb.o

.debug_aranges  0x0000000000000000      0xc50
 .debug_aranges
                0x0000000000000000       0x58 ./Core/Src/main.o
 .debug_aranges
                0x0000000000000058       0x40 ./Core/Src/stm32l5xx_hal_msp.o
 .debug_aranges
                0x0000000000000098       0x68 ./Core/Src/stm32l5xx_it.o
 .debug_aranges
                0x0000000000000100       0x28 ./Core/Src/system_stm32l5xx.o
 .debug_aranges
                0x0000000000000128       0x28 ./Core/Startup/startup_stm32l562zetx.o
 .debug_aranges
                0x0000000000000150      0x130 ./Drivers/STM32L5xx_HAL_Driver/Src/stm32l5xx_hal.o
 .debug_aranges
                0x0000000000000280      0x130 ./Drivers/STM32L5xx_HAL_Driver/Src/stm32l5xx_hal_cortex.o
 .debug_aranges
                0x00000000000003b0       0x60 ./Drivers/STM32L5xx_HAL_Driver/Src/stm32l5xx_hal_gpio.o
 .debug_aranges
                0x0000000000000410       0xa8 ./Drivers/STM32L5xx_HAL_Driver/Src/stm32l5xx_hal_icache.o
 .debug_aranges
                0x00000000000004b8      0x138 ./Drivers/STM32L5xx_HAL_Driver/Src/stm32l5xx_hal_pcd.o
 .debug_aranges
                0x00000000000005f0       0x58 ./Drivers/STM32L5xx_HAL_Driver/Src/stm32l5xx_hal_pcd_ex.o
 .debug_aranges
                0x0000000000000648      0x1b8 ./Drivers/STM32L5xx_HAL_Driver/Src/stm32l5xx_hal_pwr_ex.o
 .debug_aranges
                0x0000000000000800       0xa8 ./Drivers/STM32L5xx_HAL_Driver/Src/stm32l5xx_hal_rcc.o
 .debug_aranges
                0x00000000000008a8      0x118 ./Drivers/STM32L5xx_HAL_Driver/Src/stm32l5xx_hal_rcc_ex.o
 .debug_aranges
                0x00000000000009c0      0x1d8 ./Drivers/STM32L5xx_HAL_Driver/Src/stm32l5xx_hal_spi.o
 .debug_aranges
                0x0000000000000b98       0xb8 ./Drivers/STM32L5xx_HAL_Driver/Src/stm32l5xx_ll_usb.o

.debug_ranges   0x0000000000000000      0xb58
 .debug_ranges  0x0000000000000000       0x48 ./Core/Src/main.o
 .debug_ranges  0x0000000000000048       0x30 ./Core/Src/stm32l5xx_hal_msp.o
 .debug_ranges  0x0000000000000078       0x58 ./Core/Src/stm32l5xx_it.o
 .debug_ranges  0x00000000000000d0       0x18 ./Core/Src/system_stm32l5xx.o
 .debug_ranges  0x00000000000000e8       0x20 ./Core/Startup/startup_stm32l562zetx.o
 .debug_ranges  0x0000000000000108      0x120 ./Drivers/STM32L5xx_HAL_Driver/Src/stm32l5xx_hal.o
 .debug_ranges  0x0000000000000228      0x120 ./Drivers/STM32L5xx_HAL_Driver/Src/stm32l5xx_hal_cortex.o
 .debug_ranges  0x0000000000000348       0x50 ./Drivers/STM32L5xx_HAL_Driver/Src/stm32l5xx_hal_gpio.o
 .debug_ranges  0x0000000000000398       0x98 ./Drivers/STM32L5xx_HAL_Driver/Src/stm32l5xx_hal_icache.o
 .debug_ranges  0x0000000000000430      0x128 ./Drivers/STM32L5xx_HAL_Driver/Src/stm32l5xx_hal_pcd.o
 .debug_ranges  0x0000000000000558       0x48 ./Drivers/STM32L5xx_HAL_Driver/Src/stm32l5xx_hal_pcd_ex.o
 .debug_ranges  0x00000000000005a0      0x1a8 ./Drivers/STM32L5xx_HAL_Driver/Src/stm32l5xx_hal_pwr_ex.o
 .debug_ranges  0x0000000000000748       0x98 ./Drivers/STM32L5xx_HAL_Driver/Src/stm32l5xx_hal_rcc.o
 .debug_ranges  0x00000000000007e0      0x108 ./Drivers/STM32L5xx_HAL_Driver/Src/stm32l5xx_hal_rcc_ex.o
 .debug_ranges  0x00000000000008e8      0x1c8 ./Drivers/STM32L5xx_HAL_Driver/Src/stm32l5xx_hal_spi.o
 .debug_ranges  0x0000000000000ab0       0xa8 ./Drivers/STM32L5xx_HAL_Driver/Src/stm32l5xx_ll_usb.o

.debug_macro    0x0000000000000000    0x28462
 .debug_macro   0x0000000000000000      0x20b ./Core/Src/main.o
 .debug_macro   0x000000000000020b      0xa7e ./Core/Src/main.o
 .debug_macro   0x0000000000000c89      0x196 ./Core/Src/main.o
 .debug_macro   0x0000000000000e1f       0x2e ./Core/Src/main.o
 .debug_macro   0x0000000000000e4d       0x42 ./Core/Src/main.o
 .debug_macro   0x0000000000000e8f       0x22 ./Core/Src/main.o
 .debug_macro   0x0000000000000eb1       0x8e ./Core/Src/main.o
 .debug_macro   0x0000000000000f3f       0x51 ./Core/Src/main.o
 .debug_macro   0x0000000000000f90      0x103 ./Core/Src/main.o
 .debug_macro   0x0000000000001093       0x6a ./Core/Src/main.o
 .debug_macro   0x00000000000010fd      0x1df ./Core/Src/main.o
 .debug_macro   0x00000000000012dc       0x1c ./Core/Src/main.o
 .debug_macro   0x00000000000012f8       0x29 ./Core/Src/main.o
 .debug_macro   0x0000000000001321       0xfb ./Core/Src/main.o
 .debug_macro   0x000000000000141c     0x1336 ./Core/Src/main.o
 .debug_macro   0x0000000000002752       0x5e ./Core/Src/main.o
 .debug_macro   0x00000000000027b0    0x1bca6 ./Core/Src/main.o
 .debug_macro   0x000000000001e456       0x6c ./Core/Src/main.o
 .debug_macro   0x000000000001e4c2     0x3535 ./Core/Src/main.o
 .debug_macro   0x00000000000219f7      0x174 ./Core/Src/main.o
 .debug_macro   0x0000000000021b6b       0x5c ./Core/Src/main.o
 .debug_macro   0x0000000000021bc7     0x19cd ./Core/Src/main.o
 .debug_macro   0x0000000000023594      0xa52 ./Core/Src/main.o
 .debug_macro   0x0000000000023fe6      0x1cf ./Core/Src/main.o
 .debug_macro   0x00000000000241b5      0x1d8 ./Core/Src/main.o
 .debug_macro   0x000000000002438d      0x4e1 ./Core/Src/main.o
 .debug_macro   0x000000000002486e      0x1ab ./Core/Src/main.o
 .debug_macro   0x0000000000024a19       0x4a ./Core/Src/main.o
 .debug_macro   0x0000000000024a63      0x1b9 ./Core/Src/main.o
 .debug_macro   0x0000000000024c1c      0x230 ./Core/Src/main.o
 .debug_macro   0x0000000000024e4c      0x3bb ./Core/Src/main.o
 .debug_macro   0x0000000000025207       0x36 ./Core/Src/main.o
 .debug_macro   0x000000000002523d      0x11c ./Core/Src/main.o
 .debug_macro   0x0000000000025359      0x22c ./Core/Src/main.o
 .debug_macro   0x0000000000025585       0x5b ./Core/Src/main.o
 .debug_macro   0x00000000000255e0       0xa5 ./Core/Src/main.o
 .debug_macro   0x0000000000025685       0xc8 ./Core/Src/main.o
 .debug_macro   0x000000000002574d       0x73 ./Core/Src/main.o
 .debug_macro   0x00000000000257c0      0x22d ./Core/Src/main.o
 .debug_macro   0x00000000000259ed      0x199 ./Core/Src/main.o
 .debug_macro   0x0000000000025b86      0x487 ./Core/Src/main.o
 .debug_macro   0x000000000002600d      0x2fe ./Core/Src/main.o
 .debug_macro   0x000000000002630b      0x3f1 ./Core/Src/main.o
 .debug_macro   0x00000000000266fc      0x20b ./Core/Src/stm32l5xx_hal_msp.o
 .debug_macro   0x0000000000026907      0x215 ./Core/Src/stm32l5xx_it.o
 .debug_macro   0x0000000000026b1c      0x201 ./Core/Src/system_stm32l5xx.o
 .debug_macro   0x0000000000026d1d      0x231 ./Drivers/STM32L5xx_HAL_Driver/Src/stm32l5xx_hal.o
 .debug_macro   0x0000000000026f4e      0x201 ./Drivers/STM32L5xx_HAL_Driver/Src/stm32l5xx_hal_cortex.o
 .debug_macro   0x000000000002714f      0x207 ./Drivers/STM32L5xx_HAL_Driver/Src/stm32l5xx_hal_gpio.o
 .debug_macro   0x0000000000027356      0x231 ./Drivers/STM32L5xx_HAL_Driver/Src/stm32l5xx_hal_icache.o
 .debug_macro   0x0000000000027587      0x20d ./Drivers/STM32L5xx_HAL_Driver/Src/stm32l5xx_hal_pcd.o
 .debug_macro   0x0000000000027794      0x201 ./Drivers/STM32L5xx_HAL_Driver/Src/stm32l5xx_hal_pcd_ex.o
 .debug_macro   0x0000000000027995      0x231 ./Drivers/STM32L5xx_HAL_Driver/Src/stm32l5xx_hal_pwr_ex.o
 .debug_macro   0x0000000000027bc6      0x22b ./Drivers/STM32L5xx_HAL_Driver/Src/stm32l5xx_hal_rcc.o
 .debug_macro   0x0000000000027df1      0x267 ./Drivers/STM32L5xx_HAL_Driver/Src/stm32l5xx_hal_rcc_ex.o
 .debug_macro   0x0000000000028058      0x209 ./Drivers/STM32L5xx_HAL_Driver/Src/stm32l5xx_hal_spi.o
 .debug_macro   0x0000000000028261      0x201 ./Drivers/STM32L5xx_HAL_Driver/Src/stm32l5xx_ll_usb.o

.debug_line     0x0000000000000000     0xd866
 .debug_line    0x0000000000000000      0x90e ./Core/Src/main.o
 .debug_line    0x000000000000090e      0x842 ./Core/Src/stm32l5xx_hal_msp.o
 .debug_line    0x0000000000001150      0x819 ./Core/Src/stm32l5xx_it.o
 .debug_line    0x0000000000001969      0x7d6 ./Core/Src/system_stm32l5xx.o
 .debug_line    0x000000000000213f       0x87 ./Core/Startup/startup_stm32l562zetx.o
 .debug_line    0x00000000000021c6      0xb49 ./Drivers/STM32L5xx_HAL_Driver/Src/stm32l5xx_hal.o
 .debug_line    0x0000000000002d0f      0xd41 ./Drivers/STM32L5xx_HAL_Driver/Src/stm32l5xx_hal_cortex.o
 .debug_line    0x0000000000003a50      0xb8e ./Drivers/STM32L5xx_HAL_Driver/Src/stm32l5xx_hal_gpio.o
 .debug_line    0x00000000000045de      0xa29 ./Drivers/STM32L5xx_HAL_Driver/Src/stm32l5xx_hal_icache.o
 .debug_line    0x0000000000005007     0x1356 ./Drivers/STM32L5xx_HAL_Driver/Src/stm32l5xx_hal_pcd.o
 .debug_line    0x000000000000635d      0x8a7 ./Drivers/STM32L5xx_HAL_Driver/Src/stm32l5xx_hal_pcd_ex.o
 .debug_line    0x0000000000006c04      0xefd ./Drivers/STM32L5xx_HAL_Driver/Src/stm32l5xx_hal_pwr_ex.o
 .debug_line    0x0000000000007b01     0x1289 ./Drivers/STM32L5xx_HAL_Driver/Src/stm32l5xx_hal_rcc.o
 .debug_line    0x0000000000008d8a     0x1ba1 ./Drivers/STM32L5xx_HAL_Driver/Src/stm32l5xx_hal_rcc_ex.o
 .debug_line    0x000000000000a92b     0x1f68 ./Drivers/STM32L5xx_HAL_Driver/Src/stm32l5xx_hal_spi.o
 .debug_line    0x000000000000c893      0xfd3 ./Drivers/STM32L5xx_HAL_Driver/Src/stm32l5xx_ll_usb.o

.debug_str      0x0000000000000000    0xff212
 .debug_str     0x0000000000000000    0xfb49e ./Core/Src/main.o
                                      0xfb7ee (size before relaxing)
 .debug_str     0x00000000000fb49e      0x981 ./Core/Src/stm32l5xx_hal_msp.o
                                      0xfbec5 (size before relaxing)
 .debug_str     0x00000000000fbe1f       0xdf ./Core/Src/stm32l5xx_it.o
                                      0xfab63 (size before relaxing)
 .debug_str     0x00000000000fbefe      0x182 ./Core/Src/system_stm32l5xx.o
                                      0xfadd7 (size before relaxing)
 .debug_str     0x00000000000fc080       0x36 ./Core/Startup/startup_stm32l562zetx.o
                                         0x72 (size before relaxing)
 .debug_str     0x00000000000fc0b6      0x59b ./Drivers/STM32L5xx_HAL_Driver/Src/stm32l5xx_hal.o
                                      0xfb96d (size before relaxing)
 .debug_str     0x00000000000fc651      0x3a6 ./Drivers/STM32L5xx_HAL_Driver/Src/stm32l5xx_hal_cortex.o
                                      0xfb774 (size before relaxing)
 .debug_str     0x00000000000fc9f7      0x182 ./Drivers/STM32L5xx_HAL_Driver/Src/stm32l5xx_hal_gpio.o
                                      0xfad60 (size before relaxing)
 .debug_str     0x00000000000fcb79      0x65d ./Drivers/STM32L5xx_HAL_Driver/Src/stm32l5xx_hal_icache.o
                                      0xfb1b3 (size before relaxing)
 .debug_str     0x00000000000fd1d6      0x53e ./Drivers/STM32L5xx_HAL_Driver/Src/stm32l5xx_hal_pcd.o
                                      0xfb417 (size before relaxing)
 .debug_str     0x00000000000fd714      0x186 ./Drivers/STM32L5xx_HAL_Driver/Src/stm32l5xx_hal_pcd_ex.o
                                      0xfb073 (size before relaxing)
 .debug_str     0x00000000000fd89a      0x72e ./Drivers/STM32L5xx_HAL_Driver/Src/stm32l5xx_hal_pwr_ex.o
                                      0xfb53c (size before relaxing)
 .debug_str     0x00000000000fdfc8      0x3fa ./Drivers/STM32L5xx_HAL_Driver/Src/stm32l5xx_hal_rcc.o
                                      0xfb3f1 (size before relaxing)
 .debug_str     0x00000000000fe3c2      0x7cc ./Drivers/STM32L5xx_HAL_Driver/Src/stm32l5xx_hal_rcc_ex.o
                                      0xfb947 (size before relaxing)
 .debug_str     0x00000000000feb8e      0x5b1 ./Drivers/STM32L5xx_HAL_Driver/Src/stm32l5xx_hal_spi.o
                                      0xfb616 (size before relaxing)
 .debug_str     0x00000000000ff13f       0xd3 ./Drivers/STM32L5xx_HAL_Driver/Src/stm32l5xx_ll_usb.o
                                      0xfaf54 (size before relaxing)

.comment        0x0000000000000000       0x50
 .comment       0x0000000000000000       0x50 ./Core/Src/main.o
                                         0x51 (size before relaxing)
 .comment       0x0000000000000050       0x51 ./Core/Src/stm32l5xx_hal_msp.o
 .comment       0x0000000000000050       0x51 ./Core/Src/stm32l5xx_it.o
 .comment       0x0000000000000050       0x51 ./Core/Src/system_stm32l5xx.o
 .comment       0x0000000000000050       0x51 ./Drivers/STM32L5xx_HAL_Driver/Src/stm32l5xx_hal.o
 .comment       0x0000000000000050       0x51 ./Drivers/STM32L5xx_HAL_Driver/Src/stm32l5xx_hal_cortex.o
 .comment       0x0000000000000050       0x51 ./Drivers/STM32L5xx_HAL_Driver/Src/stm32l5xx_hal_gpio.o
 .comment       0x0000000000000050       0x51 ./Drivers/STM32L5xx_HAL_Driver/Src/stm32l5xx_hal_icache.o
 .comment       0x0000000000000050       0x51 ./Drivers/STM32L5xx_HAL_Driver/Src/stm32l5xx_hal_pcd.o
 .comment       0x0000000000000050       0x51 ./Drivers/STM32L5xx_HAL_Driver/Src/stm32l5xx_hal_pcd_ex.o
 .comment       0x0000000000000050       0x51 ./Drivers/STM32L5xx_HAL_Driver/Src/stm32l5xx_hal_pwr_ex.o
 .comment       0x0000000000000050       0x51 ./Drivers/STM32L5xx_HAL_Driver/Src/stm32l5xx_hal_rcc.o
 .comment       0x0000000000000050       0x51 ./Drivers/STM32L5xx_HAL_Driver/Src/stm32l5xx_hal_rcc_ex.o
 .comment       0x0000000000000050       0x51 ./Drivers/STM32L5xx_HAL_Driver/Src/stm32l5xx_hal_spi.o
 .comment       0x0000000000000050       0x51 ./Drivers/STM32L5xx_HAL_Driver/Src/stm32l5xx_ll_usb.o

.debug_frame    0x0000000000000000     0x31c0
 .debug_frame   0x0000000000000000       0xfc ./Core/Src/main.o
 .debug_frame   0x00000000000000fc       0xc8 ./Core/Src/stm32l5xx_hal_msp.o
 .debug_frame   0x00000000000001c4      0x120 ./Core/Src/stm32l5xx_it.o
 .debug_frame   0x00000000000002e4       0x58 ./Core/Src/system_stm32l5xx.o
 .debug_frame   0x000000000000033c      0x4a4 ./Drivers/STM32L5xx_HAL_Driver/Src/stm32l5xx_hal.o
 .debug_frame   0x00000000000007e0      0x508 ./Drivers/STM32L5xx_HAL_Driver/Src/stm32l5xx_hal_cortex.o
 .debug_frame   0x0000000000000ce8      0x174 ./Drivers/STM32L5xx_HAL_Driver/Src/stm32l5xx_hal_gpio.o
 .debug_frame   0x0000000000000e5c      0x29c ./Drivers/STM32L5xx_HAL_Driver/Src/stm32l5xx_hal_icache.o
 .debug_frame   0x00000000000010f8      0x578 ./Drivers/STM32L5xx_HAL_Driver/Src/stm32l5xx_hal_pcd.o
 .debug_frame   0x0000000000001670      0x14c ./Drivers/STM32L5xx_HAL_Driver/Src/stm32l5xx_hal_pcd_ex.o
 .debug_frame   0x00000000000017bc      0x6fc ./Drivers/STM32L5xx_HAL_Driver/Src/stm32l5xx_hal_pwr_ex.o
 .debug_frame   0x0000000000001eb8      0x298 ./Drivers/STM32L5xx_HAL_Driver/Src/stm32l5xx_hal_rcc.o
 .debug_frame   0x0000000000002150      0x48c ./Drivers/STM32L5xx_HAL_Driver/Src/stm32l5xx_hal_rcc_ex.o
 .debug_frame   0x00000000000025dc      0x860 ./Drivers/STM32L5xx_HAL_Driver/Src/stm32l5xx_hal_spi.o
 .debug_frame   0x0000000000002e3c      0x338 ./Drivers/STM32L5xx_HAL_Driver/Src/stm32l5xx_ll_usb.o
 .debug_frame   0x0000000000003174       0x2c c:/st/stm32cubeide_1.11.0/stm32cubeide/plugins/com.st.stm32cube.ide.mcu.externaltools.gnu-tools-for-stm32.10.3-2021.10.win32_1.0.100.202210260954/tools/bin/../lib/gcc/arm-none-eabi/10.3.1/../../../../arm-none-eabi/lib/thumb/v8-m.main+fp/hard\libc_nano.a(lib_a-init.o)
 .debug_frame   0x00000000000031a0       0x20 c:/st/stm32cubeide_1.11.0/stm32cubeide/plugins/com.st.stm32cube.ide.mcu.externaltools.gnu-tools-for-stm32.10.3-2021.10.win32_1.0.100.202210260954/tools/bin/../lib/gcc/arm-none-eabi/10.3.1/../../../../arm-none-eabi/lib/thumb/v8-m.main+fp/hard\libc_nano.a(lib_a-memset.o)
