Archive member included to satisfy reference by file (symbol)

c:/st/stm32cubeide_1.11.0/stm32cubeide/plugins/com.st.stm32cube.ide.mcu.externaltools.gnu-tools-for-stm32.10.3-2021.10.win32_1.0.100.202210260954/tools/bin/../lib/gcc/arm-none-eabi/10.3.1/../../../../arm-none-eabi/lib/thumb/v8-m.main+fp/hard\libc_nano.a(lib_a-errno.o)
                              ./Core/Src/syscalls.o (__errno)
c:/st/stm32cubeide_1.11.0/stm32cubeide/plugins/com.st.stm32cube.ide.mcu.externaltools.gnu-tools-for-stm32.10.3-2021.10.win32_1.0.100.202210260954/tools/bin/../lib/gcc/arm-none-eabi/10.3.1/../../../../arm-none-eabi/lib/thumb/v8-m.main+fp/hard\libc_nano.a(lib_a-exit.o)
                              c:/st/stm32cubeide_1.11.0/stm32cubeide/plugins/com.st.stm32cube.ide.mcu.externaltools.gnu-tools-for-stm32.10.3-2021.10.win32_1.0.100.202210260954/tools/bin/../lib/gcc/arm-none-eabi/10.3.1/../../../../arm-none-eabi/lib/thumb/v8-m.main+fp/hard/crt0.o (exit)
c:/st/stm32cubeide_1.11.0/stm32cubeide/plugins/com.st.stm32cube.ide.mcu.externaltools.gnu-tools-for-stm32.10.3-2021.10.win32_1.0.100.202210260954/tools/bin/../lib/gcc/arm-none-eabi/10.3.1/../../../../arm-none-eabi/lib/thumb/v8-m.main+fp/hard\libc_nano.a(lib_a-impure.o)
                              c:/st/stm32cubeide_1.11.0/stm32cubeide/plugins/com.st.stm32cube.ide.mcu.externaltools.gnu-tools-for-stm32.10.3-2021.10.win32_1.0.100.202210260954/tools/bin/../lib/gcc/arm-none-eabi/10.3.1/../../../../arm-none-eabi/lib/thumb/v8-m.main+fp/hard\libc_nano.a(lib_a-exit.o) (_global_impure_ptr)
c:/st/stm32cubeide_1.11.0/stm32cubeide/plugins/com.st.stm32cube.ide.mcu.externaltools.gnu-tools-for-stm32.10.3-2021.10.win32_1.0.100.202210260954/tools/bin/../lib/gcc/arm-none-eabi/10.3.1/../../../../arm-none-eabi/lib/thumb/v8-m.main+fp/hard\libc_nano.a(lib_a-init.o)
                              c:/st/stm32cubeide_1.11.0/stm32cubeide/plugins/com.st.stm32cube.ide.mcu.externaltools.gnu-tools-for-stm32.10.3-2021.10.win32_1.0.100.202210260954/tools/bin/../lib/gcc/arm-none-eabi/10.3.1/../../../../arm-none-eabi/lib/thumb/v8-m.main+fp/hard/crt0.o (__libc_init_array)
c:/st/stm32cubeide_1.11.0/stm32cubeide/plugins/com.st.stm32cube.ide.mcu.externaltools.gnu-tools-for-stm32.10.3-2021.10.win32_1.0.100.202210260954/tools/bin/../lib/gcc/arm-none-eabi/10.3.1/../../../../arm-none-eabi/lib/thumb/v8-m.main+fp/hard\libc_nano.a(lib_a-memset.o)
                              c:/st/stm32cubeide_1.11.0/stm32cubeide/plugins/com.st.stm32cube.ide.mcu.externaltools.gnu-tools-for-stm32.10.3-2021.10.win32_1.0.100.202210260954/tools/bin/../lib/gcc/arm-none-eabi/10.3.1/../../../../arm-none-eabi/lib/thumb/v8-m.main+fp/hard/crt0.o (memset)

Discarded input sections

 .text          0x0000000000000000        0x0 c:/st/stm32cubeide_1.11.0/stm32cubeide/plugins/com.st.stm32cube.ide.mcu.externaltools.gnu-tools-for-stm32.10.3-2021.10.win32_1.0.100.202210260954/tools/bin/../lib/gcc/arm-none-eabi/10.3.1/thumb/v8-m.main+fp/hard/crti.o
 .data          0x0000000000000000        0x0 c:/st/stm32cubeide_1.11.0/stm32cubeide/plugins/com.st.stm32cube.ide.mcu.externaltools.gnu-tools-for-stm32.10.3-2021.10.win32_1.0.100.202210260954/tools/bin/../lib/gcc/arm-none-eabi/10.3.1/thumb/v8-m.main+fp/hard/crti.o
 .bss           0x0000000000000000        0x0 c:/st/stm32cubeide_1.11.0/stm32cubeide/plugins/com.st.stm32cube.ide.mcu.externaltools.gnu-tools-for-stm32.10.3-2021.10.win32_1.0.100.202210260954/tools/bin/../lib/gcc/arm-none-eabi/10.3.1/thumb/v8-m.main+fp/hard/crti.o
 .data          0x0000000000000000        0x4 c:/st/stm32cubeide_1.11.0/stm32cubeide/plugins/com.st.stm32cube.ide.mcu.externaltools.gnu-tools-for-stm32.10.3-2021.10.win32_1.0.100.202210260954/tools/bin/../lib/gcc/arm-none-eabi/10.3.1/thumb/v8-m.main+fp/hard/crtbegin.o
 .rodata        0x0000000000000000       0x24 c:/st/stm32cubeide_1.11.0/stm32cubeide/plugins/com.st.stm32cube.ide.mcu.externaltools.gnu-tools-for-stm32.10.3-2021.10.win32_1.0.100.202210260954/tools/bin/../lib/gcc/arm-none-eabi/10.3.1/thumb/v8-m.main+fp/hard/crtbegin.o
 .text          0x0000000000000000       0x7c c:/st/stm32cubeide_1.11.0/stm32cubeide/plugins/com.st.stm32cube.ide.mcu.externaltools.gnu-tools-for-stm32.10.3-2021.10.win32_1.0.100.202210260954/tools/bin/../lib/gcc/arm-none-eabi/10.3.1/../../../../arm-none-eabi/lib/thumb/v8-m.main+fp/hard/crt0.o
 .data          0x0000000000000000        0x0 c:/st/stm32cubeide_1.11.0/stm32cubeide/plugins/com.st.stm32cube.ide.mcu.externaltools.gnu-tools-for-stm32.10.3-2021.10.win32_1.0.100.202210260954/tools/bin/../lib/gcc/arm-none-eabi/10.3.1/../../../../arm-none-eabi/lib/thumb/v8-m.main+fp/hard/crt0.o
 .bss           0x0000000000000000        0x0 c:/st/stm32cubeide_1.11.0/stm32cubeide/plugins/com.st.stm32cube.ide.mcu.externaltools.gnu-tools-for-stm32.10.3-2021.10.win32_1.0.100.202210260954/tools/bin/../lib/gcc/arm-none-eabi/10.3.1/../../../../arm-none-eabi/lib/thumb/v8-m.main+fp/hard/crt0.o
[...]
Memory Configuration

Name             Origin             Length             Attributes
RAM              0x0000000020000000 0x0000000000030000 xrw
RAM2             0x0000000020030000 0x0000000000010000 xrw
FLASH            0x0000000008000000 0x0000000000080000 xr
*default*        0x0000000000000000 0xffffffffffffffff

Linker script and memory map

LOAD c:/st/stm32cubeide_1.11.0/stm32cubeide/plugins/com.st.stm32cube.ide.mcu.externaltools.gnu-tools-for-stm32.10.3-2021.10.win32_1.0.100.202210260954/tools/bin/../lib/gcc/arm-none-eabi/10.3.1/thumb/v8-m.main+fp/hard/crti.o
LOAD c:/st/stm32cubeide_1.11.0/stm32cubeide/plugins/com.st.stm32cube.ide.mcu.externaltools.gnu-tools-for-stm32.10.3-2021.10.win32_1.0.100.202210260954/tools/bin/../lib/gcc/arm-none-eabi/10.3.1/thumb/v8-m.main+fp/hard/crtbegin.o
LOAD c:/st/stm32cubeide_1.11.0/stm32cubeide/plugins/com.st.stm32cube.ide.mcu.externaltools.gnu-tools-for-stm32.10.3-2021.10.win32_1.0.100.202210260954/tools/bin/../lib/gcc/arm-none-eabi/10.3.1/../../../../arm-none-eabi/lib/thumb/v8-m.main+fp/hard/crt0.o
LOAD ./Core/Src/main.o
LOAD ./Core/Src/stm32l5xx_hal_msp.o
LOAD ./Core/Src/stm32l5xx_it.o
LOAD ./Core/Src/syscalls.o
LOAD ./Core/Src/sysmem.o
LOAD ./Core/Src/system_stm32l5xx.o
LOAD ./Core/Startup/startup_stm32l562zetx.o
LOAD ./Drivers/STM32L5xx_HAL_Driver/Src/stm32l5xx_hal.o
LOAD ./Drivers/STM32L5xx_HAL_Driver/Src/stm32l5xx_hal_cortex.o
LOAD ./Drivers/STM32L5xx_HAL_Driver/Src/stm32l5xx_hal_dma.o
LOAD ./Drivers/STM32L5xx_HAL_Driver/Src/stm32l5xx_hal_dma_ex.o
LOAD ./Drivers/STM32L5xx_HAL_Driver/Src/stm32l5xx_hal_exti.o
LOAD ./Drivers/STM32L5xx_HAL_Driver/Src/stm32l5xx_hal_flash.o
LOAD ./Drivers/STM32L5xx_HAL_Driver/Src/stm32l5xx_hal_flash_ex.o
LOAD ./Drivers/STM32L5xx_HAL_Driver/Src/stm32l5xx_hal_flash_ramfunc.o
LOAD ./Drivers/STM32L5xx_HAL_Driver/Src/stm32l5xx_hal_gpio.o
LOAD ./Drivers/STM32L5xx_HAL_Driver/Src/stm32l5xx_hal_i2c.o
LOAD ./Drivers/STM32L5xx_HAL_Driver/Src/stm32l5xx_hal_i2c_ex.o
LOAD ./Drivers/STM32L5xx_HAL_Driver/Src/stm32l5xx_hal_icache.o
LOAD ./Drivers/STM32L5xx_HAL_Driver/Src/stm32l5xx_hal_pwr.o
LOAD ./Drivers/STM32L5xx_HAL_Driver/Src/stm32l5xx_hal_pwr_ex.o
LOAD ./Drivers/STM32L5xx_HAL_Driver/Src/stm32l5xx_hal_rcc.o
LOAD ./Drivers/STM32L5xx_HAL_Driver/Src/stm32l5xx_hal_rcc_ex.o
LOAD ./Drivers/STM32L5xx_HAL_Driver/Src/stm32l5xx_hal_tim.o
LOAD ./Drivers/STM32L5xx_HAL_Driver/Src/stm32l5xx_hal_tim_ex.o
START GROUP
LOAD c:/st/stm32cubeide_1.11.0/stm32cubeide/plugins/com.st.stm32cube.ide.mcu.externaltools.gnu-tools-for-stm32.10.3-2021.10.win32_1.0.100.202210260954/tools/bin/../lib/gcc/arm-none-eabi/10.3.1/../../../../arm-none-eabi/lib/thumb/v8-m.main+fp/hard\libc_nano.a
LOAD c:/st/stm32cubeide_1.11.0/stm32cubeide/plugins/com.st.stm32cube.ide.mcu.externaltools.gnu-tools-for-stm32.10.3-2021.10.win32_1.0.100.202210260954/tools/bin/../lib/gcc/arm-none-eabi/10.3.1/../../../../arm-none-eabi/lib/thumb/v8-m.main+fp/hard\libm.a
END GROUP
START GROUP
LOAD c:/st/stm32cubeide_1.11.0/stm32cubeide/plugins/com.st.stm32cube.ide.mcu.externaltools.gnu-tools-for-stm32.10.3-2021.10.win32_1.0.100.202210260954/tools/bin/../lib/gcc/arm-none-eabi/10.3.1/thumb/v8-m.main+fp/hard\libgcc.a
LOAD c:/st/stm32cubeide_1.11.0/stm32cubeide/plugins/com.st.stm32cube.ide.mcu.externaltools.gnu-tools-for-stm32.10.3-2021.10.win32_1.0.100.202210260954/tools/bin/../lib/gcc/arm-none-eabi/10.3.1/../../../../arm-none-eabi/lib/thumb/v8-m.main+fp/hard\libc_nano.a
END GROUP
START GROUP
LOAD c:/st/stm32cubeide_1.11.0/stm32cubeide/plugins/com.st.stm32cube.ide.mcu.externaltools.gnu-tools-for-stm32.10.3-2021.10.win32_1.0.100.202210260954/tools/bin/../lib/gcc/arm-none-eabi/10.3.1/thumb/v8-m.main+fp/hard\libgcc.a
LOAD c:/st/stm32cubeide_1.11.0/stm32cubeide/plugins/com.st.stm32cube.ide.mcu.externaltools.gnu-tools-for-stm32.10.3-2021.10.win32_1.0.100.202210260954/tools/bin/../lib/gcc/arm-none-eabi/10.3.1/../../../../arm-none-eabi/lib/thumb/v8-m.main+fp/hard\libc_nano.a
LOAD c:/st/stm32cubeide_1.11.0/stm32cubeide/plugins/com.st.stm32cube.ide.mcu.externaltools.gnu-tools-for-stm32.10.3-2021.10.win32_1.0.100.202210260954/tools/bin/../lib/gcc/arm-none-eabi/10.3.1/../../../../arm-none-eabi/lib/thumb/v8-m.main+fp/hard\libnosys.a
END GROUP
START GROUP
LOAD c:/st/stm32cubeide_1.11.0/stm32cubeide/plugins/com.st.stm32cube.ide.mcu.externaltools.gnu-tools-for-stm32.10.3-2021.10.win32_1.0.100.202210260954/tools/bin/../lib/gcc/arm-none-eabi/10.3.1/thumb/v8-m.main+fp/hard\libgcc.a
LOAD c:/st/stm32cubeide_1.11.0/stm32cubeide/plugins/com.st.stm32cube.ide.mcu.externaltools.gnu-tools-for-stm32.10.3-2021.10.win32_1.0.100.202210260954/tools/bin/../lib/gcc/arm-none-eabi/10.3.1/../../../../arm-none-eabi/lib/thumb/v8-m.main+fp/hard\libc_nano.a
LOAD c:/st/stm32cubeide_1.11.0/stm32cubeide/plugins/com.st.stm32cube.ide.mcu.externaltools.gnu-tools-for-stm32.10.3-2021.10.win32_1.0.100.202210260954/tools/bin/../lib/gcc/arm-none-eabi/10.3.1/../../../../arm-none-eabi/lib/thumb/v8-m.main+fp/hard\libnosys.a
END GROUP
LOAD c:/st/stm32cubeide_1.11.0/stm32cubeide/plugins/com.st.stm32cube.ide.mcu.externaltools.gnu-tools-for-stm32.10.3-2021.10.win32_1.0.100.202210260954/tools/bin/../lib/gcc/arm-none-eabi/10.3.1/thumb/v8-m.main+fp/hard/crtend.o
LOAD c:/st/stm32cubeide_1.11.0/stm32cubeide/plugins/com.st.stm32cube.ide.mcu.externaltools.gnu-tools-for-stm32.10.3-2021.10.win32_1.0.100.202210260954/tools/bin/../lib/gcc/arm-none-eabi/10.3.1/thumb/v8-m.main+fp/hard/crtn.o
                0x0000000020030000                _estack = (ORIGIN (RAM) + LENGTH (RAM))
                0x0000000000000200                _Min_Heap_Size = 0x200
                0x0000000000000400                _Min_Stack_Size = 0x400

.isr_vector     0x0000000008000000      0x1f4
                0x0000000008000000                . = ALIGN (0x4)
 *(.isr_vector)
 .isr_vector    0x0000000008000000      0x1f4 ./Core/Startup/startup_stm32l562zetx.o
                0x0000000008000000                g_pfnVectors
                0x00000000080001f4                . = ALIGN (0x4)

.text           0x00000000080001f4     0x1ccc
                0x00000000080001f4                . = ALIGN (0x4)
 *(.text)
 .text          0x00000000080001f4       0x40 c:/st/stm32cubeide_1.11.0/stm32cubeide/plugins/com.st.stm32cube.ide.mcu.externaltools.gnu-tools-for-stm32.10.3-2021.10.win32_1.0.100.202210260954/tools/bin/../lib/gcc/arm-none-eabi/10.3.1/thumb/v8-m.main+fp/hard/crtbegin.o
 *(.text*)
 .text.main     0x0000000008000234       0x68 ./Core/Src/main.o
                0x0000000008000234                main
 .text.SystemClock_Config
                0x000000000800029c       0x9c ./Core/Src/main.o
                0x000000000800029c                SystemClock_Config
 .text.MX_ICACHE_Init
                0x0000000008000338       0x26 ./Core/Src/main.o
 *fill*         0x000000000800035e        0x2 
 .text.MX_GPIO_Init
                0x0000000008000360       0x80 ./Core/Src/main.o
 .text.Error_Handler
                0x00000000080003e0        0xa ./Core/Src/main.o
                0x00000000080003e0                Error_Handler
 *fill*         0x00000000080003ea        0x2 
 .text.HAL_MspInit
                0x00000000080003ec       0x54 ./Core/Src/stm32l5xx_hal_msp.o
                0x00000000080003ec                HAL_MspInit
 .text.NMI_Handler
                0x0000000008000440        0x6 ./Core/Src/stm32l5xx_it.o
                0x0000000008000440                NMI_Handler
 .text.HardFault_Handler
                0x0000000008000446        0x6 ./Core/Src/stm32l5xx_it.o
                0x0000000008000446                HardFault_Handler
 .text.MemManage_Handler
                0x000000000800044c        0x6 ./Core/Src/stm32l5xx_it.o
                0x000000000800044c                MemManage_Handler
 .text.BusFault_Handler
                0x0000000008000452        0x6 ./Core/Src/stm32l5xx_it.o
                0x0000000008000452                BusFault_Handler
 .text.UsageFault_Handler
                0x0000000008000458        0x6 ./Core/Src/stm32l5xx_it.o
                0x0000000008000458                UsageFault_Handler
 .text.SVC_Handler
                0x000000000800045e        0xe ./Core/Src/stm32l5xx_it.o
                0x000000000800045e                SVC_Handler
 .text.DebugMon_Handler
                0x000000000800046c        0xe ./Core/Src/stm32l5xx_it.o
                0x000000000800046c                DebugMon_Handler
 .text.PendSV_Handler
                0x000000000800047a        0xe ./Core/Src/stm32l5xx_it.o
                0x000000000800047a                PendSV_Handler
 .text.SysTick_Handler
                0x0000000008000488        0xc ./Core/Src/stm32l5xx_it.o
                0x0000000008000488                SysTick_Handler
 .text.ICACHE_IRQHandler
                0x0000000008000494        0xc ./Core/Src/stm32l5xx_it.o
                0x0000000008000494                ICACHE_IRQHandler
 .text.SystemInit
                0x00000000080004a0       0x24 ./Core/Src/system_stm32l5xx.o
                0x00000000080004a0                SystemInit
 .text.SystemCoreClockUpdate
                0x00000000080004c4      0x15c ./Core/Src/system_stm32l5xx.o
                0x00000000080004c4                SystemCoreClockUpdate
 .text.Reset_Handler
                0x0000000008000620       0x50 ./Core/Startup/startup_stm32l562zetx.o
                0x0000000008000620                Reset_Handler
 .text.Default_Handler
                0x0000000008000670        0x2 ./Core/Startup/startup_stm32l562zetx.o
                0x0000000008000670                EXTI2_IRQHandler
                0x0000000008000670                TIM8_TRG_COM_IRQHandler
                0x0000000008000670                TIM8_CC_IRQHandler
                0x0000000008000670                EXTI5_IRQHandler
                0x0000000008000670                FLASH_S_IRQHandler
                0x0000000008000670                EXTI13_IRQHandler
                0x0000000008000670                TIM1_CC_IRQHandler
                0x0000000008000670                TSC_IRQHandler
                0x0000000008000670                TAMP_IRQHandler
                0x0000000008000670                TIM6_IRQHandler
                0x0000000008000670                EXTI12_IRQHandler
                0x0000000008000670                DMA2_Channel8_IRQHandler
                0x0000000008000670                EXTI3_IRQHandler
                0x0000000008000670                EXTI8_IRQHandler
                0x0000000008000670                LPTIM2_IRQHandler
                0x0000000008000670                DFSDM1_FLT1_IRQHandler
                0x0000000008000670                USB_FS_IRQHandler
                0x0000000008000670                I2C3_ER_IRQHandler
                0x0000000008000670                DFSDM1_FLT2_IRQHandler
                0x0000000008000670                DMAMUX1_IRQHandler
                0x0000000008000670                LPTIM3_IRQHandler
                0x0000000008000670                EXTI0_IRQHandler
                0x0000000008000670                I2C2_EV_IRQHandler
                0x0000000008000670                FPU_IRQHandler
                0x0000000008000670                FDCAN1_IT1_IRQHandler
                0x0000000008000670                ADC1_2_IRQHandler
                0x0000000008000670                SPI1_IRQHandler
                0x0000000008000670                OCTOSPI1_IRQHandler
                0x0000000008000670                TIM8_UP_IRQHandler
                0x0000000008000670                RCC_S_IRQHandler
                0x0000000008000670                DMA2_Channel2_IRQHandler
                0x0000000008000670                DMA1_Channel4_IRQHandler
                0x0000000008000670                SAI2_IRQHandler
                0x0000000008000670                DFSDM1_FLT3_IRQHandler
                0x0000000008000670                PKA_IRQHandler
                0x0000000008000670                EXTI15_IRQHandler
                0x0000000008000670                TIM17_IRQHandler
                0x0000000008000670                USART3_IRQHandler
                0x0000000008000670                RTC_IRQHandler
                0x0000000008000670                EXTI9_IRQHandler
                0x0000000008000670                DMA1_Channel7_IRQHandler
                0x0000000008000670                UART5_IRQHandler
                0x0000000008000670                TIM4_IRQHandler
                0x0000000008000670                DMA2_Channel1_IRQHandler
                0x0000000008000670                I2C1_EV_IRQHandler
                0x0000000008000670                DMA1_Channel6_IRQHandler
                0x0000000008000670                TIM16_IRQHandler
                0x0000000008000670                UART4_IRQHandler
                0x0000000008000670                DMA2_Channel4_IRQHandler
                0x0000000008000670                SecureFault_Handler
                0x0000000008000670                TIM3_IRQHandler
                0x0000000008000670                RCC_IRQHandler
                0x0000000008000670                TIM1_TRG_COM_IRQHandler
                0x0000000008000670                DMA1_Channel1_IRQHandler
                0x0000000008000670                Default_Handler
                0x0000000008000670                DMA2_Channel7_IRQHandler
                0x0000000008000670                OTFDEC1_IRQHandler
                0x0000000008000670                DMA1_Channel8_IRQHandler
                0x0000000008000670                TIM7_IRQHandler
                0x0000000008000670                SDMMC1_IRQHandler
                0x0000000008000670                TIM5_IRQHandler
                0x0000000008000670                UCPD1_IRQHandler
                0x0000000008000670                TIM15_IRQHandler
                0x0000000008000670                I2C3_EV_IRQHandler
                0x0000000008000670                PVD_PVM_IRQHandler
                0x0000000008000670                SPI2_IRQHandler
                0x0000000008000670                EXTI14_IRQHandler
                0x0000000008000670                EXTI11_IRQHandler
                0x0000000008000670                DMA2_Channel5_IRQHandler
                0x0000000008000670                CRS_IRQHandler
                0x0000000008000670                DMA1_Channel5_IRQHandler
                0x0000000008000670                EXTI4_IRQHandler
                0x0000000008000670                RTC_S_IRQHandler
                0x0000000008000670                RNG_IRQHandler
                0x0000000008000670                DMAMUX1_S_IRQHandler
                0x0000000008000670                DMA1_Channel3_IRQHandler
                0x0000000008000670                COMP_IRQHandler
                0x0000000008000670                TIM1_UP_IRQHandler
                0x0000000008000670                WWDG_IRQHandler
                0x0000000008000670                I2C4_EV_IRQHandler
                0x0000000008000670                LPUART1_IRQHandler
                0x0000000008000670                DMA2_Channel6_IRQHandler
                0x0000000008000670                FDCAN1_IT0_IRQHandler
                0x0000000008000670                TIM2_IRQHandler
                0x0000000008000670                TAMP_S_IRQHandler
                0x0000000008000670                EXTI7_IRQHandler
                0x0000000008000670                TIM1_BRK_IRQHandler
                0x0000000008000670                DAC_IRQHandler
                0x0000000008000670                EXTI1_IRQHandler
                0x0000000008000670                AES_IRQHandler
                0x0000000008000670                GTZC_IRQHandler
                0x0000000008000670                USART2_IRQHandler
                0x0000000008000670                DFSDM1_FLT0_IRQHandler
                0x0000000008000670                I2C2_ER_IRQHandler
                0x0000000008000670                DMA1_Channel2_IRQHandler
                0x0000000008000670                TIM8_BRK_IRQHandler
                0x0000000008000670                FLASH_IRQHandler
                0x0000000008000670                USART1_IRQHandler
                0x0000000008000670                EXTI10_IRQHandler
                0x0000000008000670                SPI3_IRQHandler
                0x0000000008000670                I2C1_ER_IRQHandler
                0x0000000008000670                FMC_IRQHandler
                0x0000000008000670                EXTI6_IRQHandler
                0x0000000008000670                LPTIM1_IRQHandler
                0x0000000008000670                I2C4_ER_IRQHandler
                0x0000000008000670                SAI1_IRQHandler
                0x0000000008000670                HASH_IRQHandler
                0x0000000008000670                DMA2_Channel3_IRQHandler
 .text.HAL_Init
                0x0000000008000672       0x34 ./Drivers/STM32L5xx_HAL_Driver/Src/stm32l5xx_hal.o
                0x0000000008000672                HAL_Init
 *fill*         0x00000000080006a6        0x2 
 .text.HAL_InitTick
                0x00000000080006a8       0x78 ./Drivers/STM32L5xx_HAL_Driver/Src/stm32l5xx_hal.o
                0x00000000080006a8                HAL_InitTick
 .text.HAL_IncTick
                0x0000000008000720       0x28 ./Drivers/STM32L5xx_HAL_Driver/Src/stm32l5xx_hal.o
                0x0000000008000720                HAL_IncTick
 .text.HAL_GetTick
                0x0000000008000748       0x18 ./Drivers/STM32L5xx_HAL_Driver/Src/stm32l5xx_hal.o
                0x0000000008000748                HAL_GetTick
 .text.HAL_Delay
                0x0000000008000760       0x48 ./Drivers/STM32L5xx_HAL_Driver/Src/stm32l5xx_hal.o
                0x0000000008000760                HAL_Delay
 .text.__NVIC_SetPriorityGrouping
                0x00000000080007a8       0x48 ./Drivers/STM32L5xx_HAL_Driver/Src/stm32l5xx_hal_cortex.o
 .text.__NVIC_GetPriorityGrouping
                0x00000000080007f0       0x1c ./Drivers/STM32L5xx_HAL_Driver/Src/stm32l5xx_hal_cortex.o
 .text.__NVIC_EnableIRQ
                0x000000000800080c       0x3c ./Drivers/STM32L5xx_HAL_Driver/Src/stm32l5xx_hal_cortex.o
 .text.__NVIC_SetPriority
                0x0000000008000848       0x54 ./Drivers/STM32L5xx_HAL_Driver/Src/stm32l5xx_hal_cortex.o
 .text.NVIC_EncodePriority
                0x000000000800089c       0x66 ./Drivers/STM32L5xx_HAL_Driver/Src/stm32l5xx_hal_cortex.o
 *fill*         0x0000000008000902        0x2 
 .text.SysTick_Config
                0x0000000008000904       0x44 ./Drivers/STM32L5xx_HAL_Driver/Src/stm32l5xx_hal_cortex.o
 .text.HAL_NVIC_SetPriorityGrouping
                0x0000000008000948       0x16 ./Drivers/STM32L5xx_HAL_Driver/Src/stm32l5xx_hal_cortex.o
                0x0000000008000948                HAL_NVIC_SetPriorityGrouping
 .text.HAL_NVIC_SetPriority
                0x000000000800095e       0x34 ./Drivers/STM32L5xx_HAL_Driver/Src/stm32l5xx_hal_cortex.o
                0x000000000800095e                HAL_NVIC_SetPriority
 .text.HAL_NVIC_EnableIRQ
                0x0000000008000992       0x1c ./Drivers/STM32L5xx_HAL_Driver/Src/stm32l5xx_hal_cortex.o
                0x0000000008000992                HAL_NVIC_EnableIRQ
 .text.HAL_SYSTICK_Config
                0x00000000080009ae       0x18 ./Drivers/STM32L5xx_HAL_Driver/Src/stm32l5xx_hal_cortex.o
                0x00000000080009ae                HAL_SYSTICK_Config
 *fill*         0x00000000080009c6        0x2 
 .text.HAL_GPIO_Init
                0x00000000080009c8      0x300 ./Drivers/STM32L5xx_HAL_Driver/Src/stm32l5xx_hal_gpio.o
                0x00000000080009c8                HAL_GPIO_Init
 .text.HAL_GPIO_WritePin
                0x0000000008000cc8       0x30 ./Drivers/STM32L5xx_HAL_Driver/Src/stm32l5xx_hal_gpio.o
                0x0000000008000cc8                HAL_GPIO_WritePin
 .text.HAL_GPIO_TogglePin
                0x0000000008000cf8       0x34 ./Drivers/STM32L5xx_HAL_Driver/Src/stm32l5xx_hal_gpio.o
                0x0000000008000cf8                HAL_GPIO_TogglePin
 .text.HAL_ICACHE_ConfigAssociativityMode
                0x0000000008000d2c       0x40 ./Drivers/STM32L5xx_HAL_Driver/Src/stm32l5xx_hal_icache.o
                0x0000000008000d2c                HAL_ICACHE_ConfigAssociativityMode
 .text.HAL_ICACHE_Enable
                0x0000000008000d6c       0x20 ./Drivers/STM32L5xx_HAL_Driver/Src/stm32l5xx_hal_icache.o
                0x0000000008000d6c                HAL_ICACHE_Enable
 .text.HAL_ICACHE_IRQHandler
                0x0000000008000d8c       0x68 ./Drivers/STM32L5xx_HAL_Driver/Src/stm32l5xx_hal_icache.o
                0x0000000008000d8c                HAL_ICACHE_IRQHandler
 .text.HAL_ICACHE_InvalidateCompleteCallback
                0x0000000008000df4        0xe ./Drivers/STM32L5xx_HAL_Driver/Src/stm32l5xx_hal_icache.o
                0x0000000008000df4                HAL_ICACHE_InvalidateCompleteCallback
 .text.HAL_ICACHE_ErrorCallback
                0x0000000008000e02        0xe ./Drivers/STM32L5xx_HAL_Driver/Src/stm32l5xx_hal_icache.o
                0x0000000008000e02                HAL_ICACHE_ErrorCallback
 .text.HAL_PWREx_GetVoltageRange
                0x0000000008000e10       0x1c ./Drivers/STM32L5xx_HAL_Driver/Src/stm32l5xx_hal_pwr_ex.o
                0x0000000008000e10                HAL_PWREx_GetVoltageRange
 .text.HAL_PWREx_ControlVoltageScaling
                0x0000000008000e2c       0xb8 ./Drivers/STM32L5xx_HAL_Driver/Src/stm32l5xx_hal_pwr_ex.o
                0x0000000008000e2c                HAL_PWREx_ControlVoltageScaling
 .text.HAL_PWREx_SMPS_GetEffectiveMode
                0x0000000008000ee4       0x48 ./Drivers/STM32L5xx_HAL_Driver/Src/stm32l5xx_hal_pwr_ex.o
                0x0000000008000ee4                HAL_PWREx_SMPS_GetEffectiveMode
 .text.HAL_RCC_OscConfig
                0x0000000008000f2c      0x9ac ./Drivers/STM32L5xx_HAL_Driver/Src/stm32l5xx_hal_rcc.o
                0x0000000008000f2c                HAL_RCC_OscConfig
 .text.HAL_RCC_ClockConfig
                0x00000000080018d8      0x270 ./Drivers/STM32L5xx_HAL_Driver/Src/stm32l5xx_hal_rcc.o
                0x00000000080018d8                HAL_RCC_ClockConfig
 .text.HAL_RCC_GetSysClockFreq
                0x0000000008001b48      0x13c ./Drivers/STM32L5xx_HAL_Driver/Src/stm32l5xx_hal_rcc.o
                0x0000000008001b48                HAL_RCC_GetSysClockFreq
 .text.HAL_RCC_GetHCLKFreq
                0x0000000008001c84       0x28 ./Drivers/STM32L5xx_HAL_Driver/Src/stm32l5xx_hal_rcc.o
                0x0000000008001c84                HAL_RCC_GetHCLKFreq
 .text.RCC_SetFlashLatencyFromMSIRange
                0x0000000008001cac       0xc8 ./Drivers/STM32L5xx_HAL_Driver/Src/stm32l5xx_hal_rcc.o
 .text.RCC_GetSysClockFreqFromPLLSource
                0x0000000008001d74       0xdc ./Drivers/STM32L5xx_HAL_Driver/Src/stm32l5xx_hal_rcc.o
 .text.__libc_init_array
                0x0000000008001e50       0x48 c:/st/stm32cubeide_1.11.0/stm32cubeide/plugins/com.st.stm32cube.ide.mcu.externaltools.gnu-tools-for-stm32.10.3-2021.10.win32_1.0.100.202210260954/tools/bin/../lib/gcc/arm-none-eabi/10.3.1/../../../../arm-none-eabi/lib/thumb/v8-m.main+fp/hard\libc_nano.a(lib_a-init.o)
                0x0000000008001e50                __libc_init_array
 .text.memset   0x0000000008001e98       0x10 c:/st/stm32cubeide_1.11.0/stm32cubeide/plugins/com.st.stm32cube.ide.mcu.externaltools.gnu-tools-for-stm32.10.3-2021.10.win32_1.0.100.202210260954/tools/bin/../lib/gcc/arm-none-eabi/10.3.1/../../../../arm-none-eabi/lib/thumb/v8-m.main+fp/hard\libc_nano.a(lib_a-memset.o)
                0x0000000008001e98                memset
 *(.glue_7)
 .glue_7        0x0000000008001ea8        0x0 linker stubs
 *(.glue_7t)
 .glue_7t       0x0000000008001ea8        0x0 linker stubs
 *(.eh_frame)
 .eh_frame      0x0000000008001ea8        0x0 c:/st/stm32cubeide_1.11.0/stm32cubeide/plugins/com.st.stm32cube.ide.mcu.externaltools.gnu-tools-for-stm32.10.3-2021.10.win32_1.0.100.202210260954/tools/bin/../lib/gcc/arm-none-eabi/10.3.1/thumb/v8-m.main+fp/hard/crtbegin.o
 *(.init)
 .init          0x0000000008001ea8        0x4 c:/st/stm32cubeide_1.11.0/stm32cubeide/plugins/com.st.stm32cube.ide.mcu.externaltools.gnu-tools-for-stm32.10.3-2021.10.win32_1.0.100.202210260954/tools/bin/../lib/gcc/arm-none-eabi/10.3.1/thumb/v8-m.main+fp/hard/crti.o
                0x0000000008001ea8                _init
 .init          0x0000000008001eac        0x8 c:/st/stm32cubeide_1.11.0/stm32cubeide/plugins/com.st.stm32cube.ide.mcu.externaltools.gnu-tools-for-stm32.10.3-2021.10.win32_1.0.100.202210260954/tools/bin/../lib/gcc/arm-none-eabi/10.3.1/thumb/v8-m.main+fp/hard/crtn.o
 *(.fini)
 .fini          0x0000000008001eb4        0x4 c:/st/stm32cubeide_1.11.0/stm32cubeide/plugins/com.st.stm32cube.ide.mcu.externaltools.gnu-tools-for-stm32.10.3-2021.10.win32_1.0.100.202210260954/tools/bin/../lib/gcc/arm-none-eabi/10.3.1/thumb/v8-m.main+fp/hard/crti.o
                0x0000000008001eb4                _fini
 .fini          0x0000000008001eb8        0x8 c:/st/stm32cubeide_1.11.0/stm32cubeide/plugins/com.st.stm32cube.ide.mcu.externaltools.gnu-tools-for-stm32.10.3-2021.10.win32_1.0.100.202210260954/tools/bin/../lib/gcc/arm-none-eabi/10.3.1/thumb/v8-m.main+fp/hard/crtn.o
                0x0000000008001ec0                . = ALIGN (0x4)
                0x0000000008001ec0                _etext = .

.vfp11_veneer   0x0000000008001ec0        0x0
 .vfp11_veneer  0x0000000008001ec0        0x0 linker stubs

.v4_bx          0x0000000008001ec0        0x0
 .v4_bx         0x0000000008001ec0        0x0 linker stubs

.iplt           0x0000000008001ec0        0x0
 .iplt          0x0000000008001ec0        0x0 c:/st/stm32cubeide_1.11.0/stm32cubeide/plugins/com.st.stm32cube.ide.mcu.externaltools.gnu-tools-for-stm32.10.3-2021.10.win32_1.0.100.202210260954/tools/bin/../lib/gcc/arm-none-eabi/10.3.1/thumb/v8-m.main+fp/hard/crtbegin.o

.rodata         0x0000000008001ec0       0x50
                0x0000000008001ec0                . = ALIGN (0x4)
 *(.rodata)
 *(.rodata*)
 .rodata.AHBPrescTable
                0x0000000008001ec0       0x10 ./Core/Src/system_stm32l5xx.o
                0x0000000008001ec0                AHBPrescTable
 .rodata.MSIRangeTable
                0x0000000008001ed0       0x40 ./Core/Src/system_stm32l5xx.o
                0x0000000008001ed0                MSIRangeTable
                0x0000000008001f10                . = ALIGN (0x4)

.rel.dyn        0x0000000008001f10        0x0
 .rel.iplt      0x0000000008001f10        0x0 c:/st/stm32cubeide_1.11.0/stm32cubeide/plugins/com.st.stm32cube.ide.mcu.externaltools.gnu-tools-for-stm32.10.3-2021.10.win32_1.0.100.202210260954/tools/bin/../lib/gcc/arm-none-eabi/10.3.1/thumb/v8-m.main+fp/hard/crtbegin.o

.ARM.extab      0x0000000008001f10        0x0
                0x0000000008001f10                . = ALIGN (0x4)
 *(.ARM.extab* .gnu.linkonce.armextab.*)
                0x0000000008001f10                . = ALIGN (0x4)

.ARM            0x0000000008001f10        0x0
                0x0000000008001f10                . = ALIGN (0x4)
                0x0000000008001f10                __exidx_start = .
 *(.ARM.exidx*)
                0x0000000008001f10                __exidx_end = .
                0x0000000008001f10                . = ALIGN (0x4)

.preinit_array  0x0000000008001f10        0x0
                0x0000000008001f10                . = ALIGN (0x4)
                0x0000000008001f10                PROVIDE (__preinit_array_start = .)
 *(.preinit_array*)
                0x0000000008001f10                PROVIDE (__preinit_array_end = .)
                0x0000000008001f10                . = ALIGN (0x4)

.init_array     0x0000000008001f10        0x4
                0x0000000008001f10                . = ALIGN (0x4)
                0x0000000008001f10                PROVIDE (__init_array_start = .)
 *(SORT_BY_NAME(.init_array.*))
 *(.init_array*)
 .init_array    0x0000000008001f10        0x4 c:/st/stm32cubeide_1.11.0/stm32cubeide/plugins/com.st.stm32cube.ide.mcu.externaltools.gnu-tools-for-stm32.10.3-2021.10.win32_1.0.100.202210260954/tools/bin/../lib/gcc/arm-none-eabi/10.3.1/thumb/v8-m.main+fp/hard/crtbegin.o
                0x0000000008001f14                PROVIDE (__init_array_end = .)
                0x0000000008001f14                . = ALIGN (0x4)

.fini_array     0x0000000008001f14        0x4
                0x0000000008001f14                . = ALIGN (0x4)
                [!provide]                        PROVIDE (__fini_array_start = .)
 *(SORT_BY_NAME(.fini_array.*))
 *(.fini_array*)
 .fini_array    0x0000000008001f14        0x4 c:/st/stm32cubeide_1.11.0/stm32cubeide/plugins/com.st.stm32cube.ide.mcu.externaltools.gnu-tools-for-stm32.10.3-2021.10.win32_1.0.100.202210260954/tools/bin/../lib/gcc/arm-none-eabi/10.3.1/thumb/v8-m.main+fp/hard/crtbegin.o
                [!provide]                        PROVIDE (__fini_array_end = .)
                0x0000000008001f18                . = ALIGN (0x4)
                0x0000000008001f18                _sidata = LOADADDR (.data)

.data           0x0000000020000000        0xc load address 0x0000000008001f18
                0x0000000020000000                . = ALIGN (0x4)
                0x0000000020000000                _sdata = .
 *(.data)
 *(.data*)
 .data.SystemCoreClock
                0x0000000020000000        0x4 ./Core/Src/system_stm32l5xx.o
                0x0000000020000000                SystemCoreClock
 .data.uwTickPrio
                0x0000000020000004        0x4 ./Drivers/STM32L5xx_HAL_Driver/Src/stm32l5xx_hal.o
                0x0000000020000004                uwTickPrio
 .data.uwTickFreq
                0x0000000020000008        0x1 ./Drivers/STM32L5xx_HAL_Driver/Src/stm32l5xx_hal.o
                0x0000000020000008                uwTickFreq
 *(.RamFunc)
 *(.RamFunc*)
                0x000000002000000c                . = ALIGN (0x4)
 *fill*         0x0000000020000009        0x3 
                0x000000002000000c                _edata = .

.igot.plt       0x000000002000000c        0x0 load address 0x0000000008001f24
 .igot.plt      0x000000002000000c        0x0 c:/st/stm32cubeide_1.11.0/stm32cubeide/plugins/com.st.stm32cube.ide.mcu.externaltools.gnu-tools-for-stm32.10.3-2021.10.win32_1.0.100.202210260954/tools/bin/../lib/gcc/arm-none-eabi/10.3.1/thumb/v8-m.main+fp/hard/crtbegin.o
                0x000000002000000c                . = ALIGN (0x4)

.bss            0x000000002000000c       0x20 load address 0x0000000008001f24
                0x000000002000000c                _sbss = .
                0x000000002000000c                __bss_start__ = _sbss
 *(.bss)
 .bss           0x000000002000000c       0x1c c:/st/stm32cubeide_1.11.0/stm32cubeide/plugins/com.st.stm32cube.ide.mcu.externaltools.gnu-tools-for-stm32.10.3-2021.10.win32_1.0.100.202210260954/tools/bin/../lib/gcc/arm-none-eabi/10.3.1/thumb/v8-m.main+fp/hard/crtbegin.o
 *(.bss*)
 .bss.uwTick    0x0000000020000028        0x4 ./Drivers/STM32L5xx_HAL_Driver/Src/stm32l5xx_hal.o
                0x0000000020000028                uwTick
 *(COMMON)
                0x000000002000002c                . = ALIGN (0x4)
                0x000000002000002c                _ebss = .
                0x000000002000002c                __bss_end__ = _ebss

._user_heap_stack
                0x000000002000002c      0x604 load address 0x0000000008001f24
                0x0000000020000030                . = ALIGN (0x8)
 *fill*         0x000000002000002c        0x4 
                [!provide]                        PROVIDE (end = .)
                0x0000000020000030                PROVIDE (_end = .)
                0x0000000020000230                . = (. + _Min_Heap_Size)
 *fill*         0x0000000020000030      0x200 
                0x0000000020000630                . = (. + _Min_Stack_Size)
 *fill*         0x0000000020000230      0x400 
                0x0000000020000630                . = ALIGN (0x8)

/DISCARD/
 libc.a(*)
 libm.a(*)
 libgcc.a(*)

.ARM.attributes
                0x0000000000000000       0x36
 *(.ARM.attributes)
 .ARM.attributes
                0x0000000000000000       0x22 c:/st/stm32cubeide_1.11.0/stm32cubeide/plugins/com.st.stm32cube.ide.mcu.externaltools.gnu-tools-for-stm32.10.3-2021.10.win32_1.0.100.202210260954/tools/bin/../lib/gcc/arm-none-eabi/10.3.1/thumb/v8-m.main+fp/hard/crti.o
 .ARM.attributes
                0x0000000000000022       0x38 c:/st/stm32cubeide_1.11.0/stm32cubeide/plugins/com.st.stm32cube.ide.mcu.externaltools.gnu-tools-for-stm32.10.3-2021.10.win32_1.0.100.202210260954/tools/bin/../lib/gcc/arm-none-eabi/10.3.1/thumb/v8-m.main+fp/hard/crtbegin.o
 .ARM.attributes
                0x000000000000005a       0x3a ./Core/Src/main.o
 .ARM.attributes
                0x0000000000000094       0x3a ./Core/Src/stm32l5xx_hal_msp.o
 .ARM.attributes
                0x00000000000000ce       0x3a ./Core/Src/stm32l5xx_it.o
 .ARM.attributes
                0x0000000000000108       0x3a ./Core/Src/system_stm32l5xx.o
 .ARM.attributes
                0x0000000000000142       0x24 ./Core/Startup/startup_stm32l562zetx.o
 .ARM.attributes
                0x0000000000000166       0x3a ./Drivers/STM32L5xx_HAL_Driver/Src/stm32l5xx_hal.o
 .ARM.attributes
                0x00000000000001a0       0x3a ./Drivers/STM32L5xx_HAL_Driver/Src/stm32l5xx_hal_cortex.o
 .ARM.attributes
                0x00000000000001da       0x3a ./Drivers/STM32L5xx_HAL_Driver/Src/stm32l5xx_hal_gpio.o
 .ARM.attributes
                0x0000000000000214       0x3a ./Drivers/STM32L5xx_HAL_Driver/Src/stm32l5xx_hal_icache.o
 .ARM.attributes
                0x000000000000024e       0x3a ./Drivers/STM32L5xx_HAL_Driver/Src/stm32l5xx_hal_pwr_ex.o
 .ARM.attributes
                0x0000000000000288       0x3a ./Drivers/STM32L5xx_HAL_Driver/Src/stm32l5xx_hal_rcc.o
 .ARM.attributes
                0x00000000000002c2       0x38 c:/st/stm32cubeide_1.11.0/stm32cubeide/plugins/com.st.stm32cube.ide.mcu.externaltools.gnu-tools-for-stm32.10.3-2021.10.win32_1.0.100.202210260954/tools/bin/../lib/gcc/arm-none-eabi/10.3.1/../../../../arm-none-eabi/lib/thumb/v8-m.main+fp/hard\libc_nano.a(lib_a-init.o)
 .ARM.attributes
                0x00000000000002fa       0x38 c:/st/stm32cubeide_1.11.0/stm32cubeide/plugins/com.st.stm32cube.ide.mcu.externaltools.gnu-tools-for-stm32.10.3-2021.10.win32_1.0.100.202210260954/tools/bin/../lib/gcc/arm-none-eabi/10.3.1/../../../../arm-none-eabi/lib/thumb/v8-m.main+fp/hard\libc_nano.a(lib_a-memset.o)
 .ARM.attributes
                0x0000000000000332       0x22 c:/st/stm32cubeide_1.11.0/stm32cubeide/plugins/com.st.stm32cube.ide.mcu.externaltools.gnu-tools-for-stm32.10.3-2021.10.win32_1.0.100.202210260954/tools/bin/../lib/gcc/arm-none-eabi/10.3.1/thumb/v8-m.main+fp/hard/crtn.o
OUTPUT(zet6.elf elf32-littlearm)
LOAD linker stubs
LOAD c:/st/stm32cubeide_1.11.0/stm32cubeide/plugins/com.st.stm32cube.ide.mcu.externaltools.gnu-tools-for-stm32.10.3-2021.10.win32_1.0.100.202210260954/tools/bin/../lib/gcc/arm-none-eabi/10.3.1/../../../../arm-none-eabi/lib/thumb/v8-m.main+fp/hard\libc.a
LOAD c:/st/stm32cubeide_1.11.0/stm32cubeide/plugins/com.st.stm32cube.ide.mcu.externaltools.gnu-tools-for-stm32.10.3-2021.10.win32_1.0.100.202210260954/tools/bin/../lib/gcc/arm-none-eabi/10.3.1/../../../../arm-none-eabi/lib/thumb/v8-m.main+fp/hard\libm.a
LOAD c:/st/stm32cubeide_1.11.0/stm32cubeide/plugins/com.st.stm32cube.ide.mcu.externaltools.gnu-tools-for-stm32.10.3-2021.10.win32_1.0.100.202210260954/tools/bin/../lib/gcc/arm-none-eabi/10.3.1/thumb/v8-m.main+fp/hard\libgcc.a

.debug_info     0x0000000000000000     0x61a4
 .debug_info    0x0000000000000000      0x88b ./Core/Src/main.o
 .debug_info    0x000000000000088b      0x6ed ./Core/Src/stm32l5xx_hal_msp.o
 .debug_info    0x0000000000000f78      0x13d ./Core/Src/stm32l5xx_it.o
 .debug_info    0x00000000000010b5      0x7fc ./Core/Src/system_stm32l5xx.o
 .debug_info    0x00000000000018b1       0x22 ./Core/Startup/startup_stm32l562zetx.o
 .debug_info    0x00000000000018d3      0xd55 ./Drivers/STM32L5xx_HAL_Driver/Src/stm32l5xx_hal.o
 .debug_info    0x0000000000002628     0x1189 ./Drivers/STM32L5xx_HAL_Driver/Src/stm32l5xx_hal_cortex.o
 .debug_info    0x00000000000037b1      0x655 ./Drivers/STM32L5xx_HAL_Driver/Src/stm32l5xx_hal_gpio.o
 .debug_info    0x0000000000003e06      0x522 ./Drivers/STM32L5xx_HAL_Driver/Src/stm32l5xx_hal_icache.o
 .debug_info    0x0000000000004328      0xdf9 ./Drivers/STM32L5xx_HAL_Driver/Src/stm32l5xx_hal_pwr_ex.o
 .debug_info    0x0000000000005121     0x1083 ./Drivers/STM32L5xx_HAL_Driver/Src/stm32l5xx_hal_rcc.o

.debug_abbrev   0x0000000000000000     0x1440
 .debug_abbrev  0x0000000000000000      0x24c ./Core/Src/main.o
 .debug_abbrev  0x000000000000024c      0x126 ./Core/Src/stm32l5xx_hal_msp.o
 .debug_abbrev  0x0000000000000372       0x74 ./Core/Src/stm32l5xx_it.o
 .debug_abbrev  0x00000000000003e6      0x127 ./Core/Src/system_stm32l5xx.o
 .debug_abbrev  0x000000000000050d       0x12 ./Core/Startup/startup_stm32l562zetx.o
 .debug_abbrev  0x000000000000051f      0x2c3 ./Drivers/STM32L5xx_HAL_Driver/Src/stm32l5xx_hal.o
 .debug_abbrev  0x00000000000007e2      0x31d ./Drivers/STM32L5xx_HAL_Driver/Src/stm32l5xx_hal_cortex.o
 .debug_abbrev  0x0000000000000aff      0x1b2 ./Drivers/STM32L5xx_HAL_Driver/Src/stm32l5xx_hal_gpio.o
 .debug_abbrev  0x0000000000000cb1      0x21e ./Drivers/STM32L5xx_HAL_Driver/Src/stm32l5xx_hal_icache.o
 .debug_abbrev  0x0000000000000ecf      0x283 ./Drivers/STM32L5xx_HAL_Driver/Src/stm32l5xx_hal_pwr_ex.o
 .debug_abbrev  0x0000000000001152      0x2ee ./Drivers/STM32L5xx_HAL_Driver/Src/stm32l5xx_hal_rcc.o

.debug_aranges  0x0000000000000000      0x6e0
 .debug_aranges
                0x0000000000000000       0x40 ./Core/Src/main.o
 .debug_aranges
                0x0000000000000040       0x20 ./Core/Src/stm32l5xx_hal_msp.o
 .debug_aranges
                0x0000000000000060       0x68 ./Core/Src/stm32l5xx_it.o
 .debug_aranges
                0x00000000000000c8       0x28 ./Core/Src/system_stm32l5xx.o
 .debug_aranges
                0x00000000000000f0       0x28 ./Core/Startup/startup_stm32l562zetx.o
 .debug_aranges
                0x0000000000000118      0x130 ./Drivers/STM32L5xx_HAL_Driver/Src/stm32l5xx_hal.o
 .debug_aranges
                0x0000000000000248      0x130 ./Drivers/STM32L5xx_HAL_Driver/Src/stm32l5xx_hal_cortex.o
 .debug_aranges
                0x0000000000000378       0x60 ./Drivers/STM32L5xx_HAL_Driver/Src/stm32l5xx_hal_gpio.o
 .debug_aranges
                0x00000000000003d8       0xa8 ./Drivers/STM32L5xx_HAL_Driver/Src/stm32l5xx_hal_icache.o
 .debug_aranges
                0x0000000000000480      0x1b8 ./Drivers/STM32L5xx_HAL_Driver/Src/stm32l5xx_hal_pwr_ex.o
 .debug_aranges
                0x0000000000000638       0xa8 ./Drivers/STM32L5xx_HAL_Driver/Src/stm32l5xx_hal_rcc.o

.debug_ranges   0x0000000000000000      0x638
 .debug_ranges  0x0000000000000000       0x30 ./Core/Src/main.o
 .debug_ranges  0x0000000000000030       0x10 ./Core/Src/stm32l5xx_hal_msp.o
 .debug_ranges  0x0000000000000040       0x58 ./Core/Src/stm32l5xx_it.o
 .debug_ranges  0x0000000000000098       0x18 ./Core/Src/system_stm32l5xx.o
 .debug_ranges  0x00000000000000b0       0x20 ./Core/Startup/startup_stm32l562zetx.o
 .debug_ranges  0x00000000000000d0      0x120 ./Drivers/STM32L5xx_HAL_Driver/Src/stm32l5xx_hal.o
 .debug_ranges  0x00000000000001f0      0x120 ./Drivers/STM32L5xx_HAL_Driver/Src/stm32l5xx_hal_cortex.o
 .debug_ranges  0x0000000000000310       0x50 ./Drivers/STM32L5xx_HAL_Driver/Src/stm32l5xx_hal_gpio.o
 .debug_ranges  0x0000000000000360       0x98 ./Drivers/STM32L5xx_HAL_Driver/Src/stm32l5xx_hal_icache.o
 .debug_ranges  0x00000000000003f8      0x1a8 ./Drivers/STM32L5xx_HAL_Driver/Src/stm32l5xx_hal_pwr_ex.o
 .debug_ranges  0x00000000000005a0       0x98 ./Drivers/STM32L5xx_HAL_Driver/Src/stm32l5xx_hal_rcc.o

.debug_macro    0x0000000000000000    0x271ff
 .debug_macro   0x0000000000000000      0x1d2 ./Core/Src/main.o
 .debug_macro   0x00000000000001d2      0xa7e ./Core/Src/main.o
 .debug_macro   0x0000000000000c50      0x18a ./Core/Src/main.o
 .debug_macro   0x0000000000000dda       0x2e ./Core/Src/main.o
 .debug_macro   0x0000000000000e08       0x42 ./Core/Src/main.o
 .debug_macro   0x0000000000000e4a       0x22 ./Core/Src/main.o
 .debug_macro   0x0000000000000e6c       0x8e ./Core/Src/main.o
 .debug_macro   0x0000000000000efa       0x51 ./Core/Src/main.o
 .debug_macro   0x0000000000000f4b      0x103 ./Core/Src/main.o
 .debug_macro   0x000000000000104e       0x6a ./Core/Src/main.o
 .debug_macro   0x00000000000010b8      0x1df ./Core/Src/main.o
 .debug_macro   0x0000000000001297       0x1c ./Core/Src/main.o
 .debug_macro   0x00000000000012b3       0x29 ./Core/Src/main.o
 .debug_macro   0x00000000000012dc       0xfb ./Core/Src/main.o
 .debug_macro   0x00000000000013d7     0x1336 ./Core/Src/main.o
 .debug_macro   0x000000000000270d       0x5e ./Core/Src/main.o
 .debug_macro   0x000000000000276b    0x1bca6 ./Core/Src/main.o
 .debug_macro   0x000000000001e411       0x6c ./Core/Src/main.o
 .debug_macro   0x000000000001e47d     0x3535 ./Core/Src/main.o
 .debug_macro   0x00000000000219b2      0x174 ./Core/Src/main.o
 .debug_macro   0x0000000000021b26       0x5c ./Core/Src/main.o
 .debug_macro   0x0000000000021b82     0x19cd ./Core/Src/main.o
 .debug_macro   0x000000000002354f      0xa52 ./Core/Src/main.o
 .debug_macro   0x0000000000023fa1      0x1cf ./Core/Src/main.o
 .debug_macro   0x0000000000024170      0x1d8 ./Core/Src/main.o
 .debug_macro   0x0000000000024348      0x4e1 ./Core/Src/main.o
 .debug_macro   0x0000000000024829      0x1ab ./Core/Src/main.o
 .debug_macro   0x00000000000249d4       0x4a ./Core/Src/main.o
 .debug_macro   0x0000000000024a1e      0x1b9 ./Core/Src/main.o
 .debug_macro   0x0000000000024bd7      0x230 ./Core/Src/main.o
 .debug_macro   0x0000000000024e07      0x3bb ./Core/Src/main.o
 .debug_macro   0x00000000000251c2       0x36 ./Core/Src/main.o
 .debug_macro   0x00000000000251f8      0x11c ./Core/Src/main.o
 .debug_macro   0x0000000000025314      0x22c ./Core/Src/main.o
 .debug_macro   0x0000000000025540       0x5b ./Core/Src/main.o
 .debug_macro   0x000000000002559b       0xa5 ./Core/Src/main.o
 .debug_macro   0x0000000000025640       0xc8 ./Core/Src/main.o
 .debug_macro   0x0000000000025708      0x199 ./Core/Src/main.o
 .debug_macro   0x00000000000258a1      0x487 ./Core/Src/main.o
 .debug_macro   0x0000000000025d28      0x3f1 ./Core/Src/main.o
 .debug_macro   0x0000000000026119      0x1d2 ./Core/Src/stm32l5xx_hal_msp.o
 .debug_macro   0x00000000000262eb      0x1dc ./Core/Src/stm32l5xx_it.o
 .debug_macro   0x00000000000264c7      0x1c8 ./Core/Src/system_stm32l5xx.o
 .debug_macro   0x000000000002668f      0x1f8 ./Drivers/STM32L5xx_HAL_Driver/Src/stm32l5xx_hal.o
 .debug_macro   0x0000000000026887      0x1c8 ./Drivers/STM32L5xx_HAL_Driver/Src/stm32l5xx_hal_cortex.o
 .debug_macro   0x0000000000026a4f      0x1ce ./Drivers/STM32L5xx_HAL_Driver/Src/stm32l5xx_hal_gpio.o
 .debug_macro   0x0000000000026c1d      0x1f8 ./Drivers/STM32L5xx_HAL_Driver/Src/stm32l5xx_hal_icache.o
 .debug_macro   0x0000000000026e15      0x1f8 ./Drivers/STM32L5xx_HAL_Driver/Src/stm32l5xx_hal_pwr_ex.o
 .debug_macro   0x000000000002700d      0x1f2 ./Drivers/STM32L5xx_HAL_Driver/Src/stm32l5xx_hal_rcc.o

.debug_line     0x0000000000000000     0x6b09
 .debug_line    0x0000000000000000      0x7c4 ./Core/Src/main.o
 .debug_line    0x00000000000007c4      0x6c8 ./Core/Src/stm32l5xx_hal_msp.o
 .debug_line    0x0000000000000e8c      0x7a1 ./Core/Src/stm32l5xx_it.o
 .debug_line    0x000000000000162d      0x75e ./Core/Src/system_stm32l5xx.o
 .debug_line    0x0000000000001d8b       0x87 ./Core/Startup/startup_stm32l562zetx.o
 .debug_line    0x0000000000001e12      0xad1 ./Drivers/STM32L5xx_HAL_Driver/Src/stm32l5xx_hal.o
 .debug_line    0x00000000000028e3      0xcc9 ./Drivers/STM32L5xx_HAL_Driver/Src/stm32l5xx_hal_cortex.o
 .debug_line    0x00000000000035ac      0xb16 ./Drivers/STM32L5xx_HAL_Driver/Src/stm32l5xx_hal_gpio.o
 .debug_line    0x00000000000040c2      0x9b1 ./Drivers/STM32L5xx_HAL_Driver/Src/stm32l5xx_hal_icache.o
 .debug_line    0x0000000000004a73      0xe85 ./Drivers/STM32L5xx_HAL_Driver/Src/stm32l5xx_hal_pwr_ex.o
 .debug_line    0x00000000000058f8     0x1211 ./Drivers/STM32L5xx_HAL_Driver/Src/stm32l5xx_hal_rcc.o

.debug_str      0x0000000000000000    0xf8e3d
 .debug_str     0x0000000000000000    0xf68d5 ./Core/Src/main.o
                                      0xf6baa (size before relaxing)
 .debug_str     0x00000000000f68d5      0x64f ./Core/Src/stm32l5xx_hal_msp.o
                                      0xf6eb7 (size before relaxing)
 .debug_str     0x00000000000f6f24       0xdf ./Core/Src/stm32l5xx_it.o
                                      0xf675e (size before relaxing)
 .debug_str     0x00000000000f7003      0x18c ./Core/Src/system_stm32l5xx.o
                                      0xf69d2 (size before relaxing)
 .debug_str     0x00000000000f718f       0x36 ./Core/Startup/startup_stm32l562zetx.o
                                         0x72 (size before relaxing)
 .debug_str     0x00000000000f71c5      0x5a5 ./Drivers/STM32L5xx_HAL_Driver/Src/stm32l5xx_hal.o
                                      0xf7568 (size before relaxing)
 .debug_str     0x00000000000f776a      0x3b2 ./Drivers/STM32L5xx_HAL_Driver/Src/stm32l5xx_hal_cortex.o
                                      0xf736f (size before relaxing)
 .debug_str     0x00000000000f7b1c      0x192 ./Drivers/STM32L5xx_HAL_Driver/Src/stm32l5xx_hal_gpio.o
                                      0xf695b (size before relaxing)
 .debug_str     0x00000000000f7cae      0x662 ./Drivers/STM32L5xx_HAL_Driver/Src/stm32l5xx_hal_icache.o
                                      0xf6dae (size before relaxing)
 .debug_str     0x00000000000f8310      0x733 ./Drivers/STM32L5xx_HAL_Driver/Src/stm32l5xx_hal_pwr_ex.o
                                      0xf7137 (size before relaxing)
 .debug_str     0x00000000000f8a43      0x3fa ./Drivers/STM32L5xx_HAL_Driver/Src/stm32l5xx_hal_rcc.o
                                      0xf6fec (size before relaxing)

.comment        0x0000000000000000       0x50
 .comment       0x0000000000000000       0x50 ./Core/Src/main.o
                                         0x51 (size before relaxing)
 .comment       0x0000000000000050       0x51 ./Core/Src/stm32l5xx_hal_msp.o
 .comment       0x0000000000000050       0x51 ./Core/Src/stm32l5xx_it.o
 .comment       0x0000000000000050       0x51 ./Core/Src/system_stm32l5xx.o
 .comment       0x0000000000000050       0x51 ./Drivers/STM32L5xx_HAL_Driver/Src/stm32l5xx_hal.o
 .comment       0x0000000000000050       0x51 ./Drivers/STM32L5xx_HAL_Driver/Src/stm32l5xx_hal_cortex.o
 .comment       0x0000000000000050       0x51 ./Drivers/STM32L5xx_HAL_Driver/Src/stm32l5xx_hal_gpio.o
 .comment       0x0000000000000050       0x51 ./Drivers/STM32L5xx_HAL_Driver/Src/stm32l5xx_hal_icache.o
 .comment       0x0000000000000050       0x51 ./Drivers/STM32L5xx_HAL_Driver/Src/stm32l5xx_hal_pwr_ex.o
 .comment       0x0000000000000050       0x51 ./Drivers/STM32L5xx_HAL_Driver/Src/stm32l5xx_hal_rcc.o

.debug_frame    0x0000000000000000     0x19f0
 .debug_frame   0x0000000000000000       0xa8 ./Core/Src/main.o
 .debug_frame   0x00000000000000a8       0x34 ./Core/Src/stm32l5xx_hal_msp.o
 .debug_frame   0x00000000000000dc      0x120 ./Core/Src/stm32l5xx_it.o
 .debug_frame   0x00000000000001fc       0x58 ./Core/Src/system_stm32l5xx.o
 .debug_frame   0x0000000000000254      0x4a4 ./Drivers/STM32L5xx_HAL_Driver/Src/stm32l5xx_hal.o
 .debug_frame   0x00000000000006f8      0x508 ./Drivers/STM32L5xx_HAL_Driver/Src/stm32l5xx_hal_cortex.o
 .debug_frame   0x0000000000000c00      0x174 ./Drivers/STM32L5xx_HAL_Driver/Src/stm32l5xx_hal_gpio.o
 .debug_frame   0x0000000000000d74      0x29c ./Drivers/STM32L5xx_HAL_Driver/Src/stm32l5xx_hal_icache.o
 .debug_frame   0x0000000000001010      0x6fc ./Drivers/STM32L5xx_HAL_Driver/Src/stm32l5xx_hal_pwr_ex.o
 .debug_frame   0x000000000000170c      0x298 ./Drivers/STM32L5xx_HAL_Driver/Src/stm32l5xx_hal_rcc.o
 .debug_frame   0x00000000000019a4       0x2c c:/st/stm32cubeide_1.11.0/stm32cubeide/plugins/com.st.stm32cube.ide.mcu.externaltools.gnu-tools-for-stm32.10.3-2021.10.win32_1.0.100.202210260954/tools/bin/../lib/gcc/arm-none-eabi/10.3.1/../../../../arm-none-eabi/lib/thumb/v8-m.main+fp/hard\libc_nano.a(lib_a-init.o)
 .debug_frame   0x00000000000019d0       0x20 c:/st/stm32cubeide_1.11.0/stm32cubeide/plugins/com.st.stm32cube.ide.mcu.externaltools.gnu-tools-for-stm32.10.3-2021.10.win32_1.0.100.202210260954/tools/bin/../lib/gcc/arm-none-eabi/10.3.1/../../../../arm-none-eabi/lib/thumb/v8-m.main+fp/hard\libc_nano.a(lib_a-memset.o)
